C:\Users\koki_arai\Documents\MCUXpressoIDE_11.10.0_3148\workspace\evkmimxrt1010_dev_composite_audio_midi_bm\CMSIS/mpu_armv7.h:191:22:ARM_MPU_Enable	16	static
C:\Users\koki_arai\Documents\MCUXpressoIDE_11.10.0_3148\workspace\evkmimxrt1010_dev_composite_audio_midi_bm\CMSIS/mpu_armv7.h:203:22:ARM_MPU_Disable	4	static
C:\Users\koki_arai\Documents\MCUXpressoIDE_11.10.0_3148\workspace\evkmimxrt1010_dev_composite_audio_midi_bm\drivers/fsl_clock.h:734:24:CLOCK_GetMux	16	static
C:\Users\koki_arai\Documents\MCUXpressoIDE_11.10.0_3148\workspace\evkmimxrt1010_dev_composite_audio_midi_bm\drivers/fsl_clock.h:770:24:CLOCK_GetDiv	16	static
C:\Users\koki_arai\Documents\MCUXpressoIDE_11.10.0_3148\workspace\evkmimxrt1010_dev_composite_audio_midi_bm\drivers/fsl_clock.h:833:24:CLOCK_GetOscFreq	4	static
../board/board.c:39:10:BOARD_DebugConsoleSrcFreq	24	static
../board/board.c:58:6:BOARD_InitDebugConsole	16	static
../board/board.c:66:6:BOARD_ConfigMPU	48	static
../board/board.c:198:6:BOARD_LPI2C_Init	48	static
../board/board.c:216:10:BOARD_LPI2C_Send	48	static
../board/board.c:236:10:BOARD_LPI2C_Receive	48	static
../board/board.c:256:6:BOARD_Accel_I2C_Init	8	static
../board/board.c:261:10:BOARD_Accel_I2C_Send	40	static
../board/board.c:268:10:BOARD_Accel_I2C_Receive	32	static
../board/board.c:274:6:BOARD_Codec_I2C_Init	8	static
../board/board.c:279:10:BOARD_Codec_I2C_Send	32	static
../board/board.c:286:10:BOARD_Codec_I2C_Receive	32	static
../board/board.c:295:6:SystemInitHook	4	static
