../board/board.c:39:10:BOARD_DebugConsoleSrcFreq	8	static
../board/board.c:58:6:BOARD_InitDebugConsole	8	static
../board/board.c:66:6:BOARD_ConfigMPU	16	static
../board/board.c:198:6:BOARD_LPI2C_Init	48	static
../board/board.c:216:10:BOARD_LPI2C_Send	32	static
../board/board.c:279:10:BOARD_Codec_I2C_Send	16	static
../board/board.c:236:10:BOARD_LPI2C_Receive	32	static
../board/board.c:286:10:BOARD_Codec_I2C_Receive	16	static
../board/board.c:256:6:BOARD_Accel_I2C_Init	8	static
../board/board.c:261:10:BOARD_Accel_I2C_Send	24	static
../board/board.c:268:10:BOARD_Accel_I2C_Receive	16	static
../board/board.c:274:6:BOARD_Codec_I2C_Init	8	static
../board/board.c:295:6:SystemInitHook	0	static
