C:\Users\koki_arai\Documents\MCUXpressoIDE_11.10.0_3148\workspace\evkmimxrt1010_dev_composite_audio_midi_bm\drivers/fsl_clock.h:781:20:CLOCK_ControlGate	32	static
C:\Users\koki_arai\Documents\MCUXpressoIDE_11.10.0_3148\workspace\evkmimxrt1010_dev_composite_audio_midi_bm\drivers/fsl_clock.h:798:20:CLOCK_EnableClock	16	static
C:\Users\koki_arai\Documents\MCUXpressoIDE_11.10.0_3148\workspace\evkmimxrt1010_dev_composite_audio_midi_bm\drivers/fsl_iomuxc.h:440:20:IOMUXC_SetPinMux	24	static
C:\Users\koki_arai\Documents\MCUXpressoIDE_11.10.0_3148\workspace\evkmimxrt1010_dev_composite_audio_midi_bm\drivers/fsl_iomuxc.h:472:20:IOMUXC_SetPinConfig	24	static
../board/pin_mux.c:34:6:BOARD_InitBootPins	8	static
../board/pin_mux.c:66:6:BOARD_InitPins	16	static
