Archive member included to satisfy reference by file (symbol)

C:/NXP/MCUXpressoIDE_11.10.0_3148/ide/plugins/com.nxp.mcuxpresso.tools.win32_11.10.0.202311280810/tools/bin/../lib/gcc/arm-none-eabi/13.2.1/../../../../arm-none-eabi/lib/thumb/v7e-m+fp/hard\libcr_nohost_nf.a(_cr__main.o)
                              ./startup/startup_mimxrt1011.o (__main)
C:/NXP/MCUXpressoIDE_11.10.0_3148/ide/plugins/com.nxp.mcuxpresso.tools.win32_11.10.0.202311280810/tools/bin/../lib/gcc/arm-none-eabi/13.2.1/../../../../arm-none-eabi/lib/thumb/v7e-m+fp/hard\libcr_nohost_nf.a(_cr_assert.o)
                              ./utilities/fsl_debug_console.o (__assertion_failed)
C:/NXP/MCUXpressoIDE_11.10.0_3148/ide/plugins/com.nxp.mcuxpresso.tools.win32_11.10.0.202311280810/tools/bin/../lib/gcc/arm-none-eabi/13.2.1/../../../../arm-none-eabi/lib/thumb/v7e-m+fp/hard\libcr_nohost_nf.a(__ciob.o)
                              C:/NXP/MCUXpressoIDE_11.10.0_3148/ide/plugins/com.nxp.mcuxpresso.tools.win32_11.10.0.202311280810/tools/bin/../lib/gcc/arm-none-eabi/13.2.1/../../../../arm-none-eabi/lib/thumb/v7e-m+fp/hard\libcr_nohost_nf.a(_cr_assert.o) (__Ciob)
C:/NXP/MCUXpressoIDE_11.10.0_3148/ide/plugins/com.nxp.mcuxpresso.tools.win32_11.10.0.202311280810/tools/bin/../lib/gcc/arm-none-eabi/13.2.1/../../../../arm-none-eabi/lib/thumb/v7e-m+fp/hard\libcr_nohost_nf.a(__sys_appexit.o)
                              C:/NXP/MCUXpressoIDE_11.10.0_3148/ide/plugins/com.nxp.mcuxpresso.tools.win32_11.10.0.202311280810/tools/bin/../lib/gcc/arm-none-eabi/13.2.1/../../../../arm-none-eabi/lib/thumb/v7e-m+fp/hard\libcr_nohost_nf.a(_cr_assert.o) (__sys_appexit)
C:/NXP/MCUXpressoIDE_11.10.0_3148/ide/plugins/com.nxp.mcuxpresso.tools.win32_11.10.0.202311280810/tools/bin/../lib/gcc/arm-none-eabi/13.2.1/../../../../arm-none-eabi/lib/thumb/v7e-m+fp/hard\libcr_c.a(memcpy.o)
                              ./source/oscillator/oscillatorProcess.o (memcpy)
C:/NXP/MCUXpressoIDE_11.10.0_3148/ide/plugins/com.nxp.mcuxpresso.tools.win32_11.10.0.202311280810/tools/bin/../lib/gcc/arm-none-eabi/13.2.1/../../../../arm-none-eabi/lib/thumb/v7e-m+fp/hard\libcr_c.a(memset.o)
                              ./utilities/fsl_debug_console.o (memset)
C:/NXP/MCUXpressoIDE_11.10.0_3148/ide/plugins/com.nxp.mcuxpresso.tools.win32_11.10.0.202311280810/tools/bin/../lib/gcc/arm-none-eabi/13.2.1/../../../../arm-none-eabi/lib/thumb/v7e-m+fp/hard\libcr_c.a(_deferredlazyseek.o)
                              C:/NXP/MCUXpressoIDE_11.10.0_3148/ide/plugins/com.nxp.mcuxpresso.tools.win32_11.10.0.202311280810/tools/bin/../lib/gcc/arm-none-eabi/13.2.1/../../../../arm-none-eabi/lib/thumb/v7e-m+fp/hard\libcr_nohost_nf.a(_cr_assert.o) (__flsbuf)
C:/NXP/MCUXpressoIDE_11.10.0_3148/ide/plugins/com.nxp.mcuxpresso.tools.win32_11.10.0.202311280810/tools/bin/../lib/gcc/arm-none-eabi/13.2.1/../../../../arm-none-eabi/lib/thumb/v7e-m+fp/hard\libcr_c.a(_fflush.o)
                              C:/NXP/MCUXpressoIDE_11.10.0_3148/ide/plugins/com.nxp.mcuxpresso.tools.win32_11.10.0.202311280810/tools/bin/../lib/gcc/arm-none-eabi/13.2.1/../../../../arm-none-eabi/lib/thumb/v7e-m+fp/hard\libcr_c.a(_deferredlazyseek.o) (_fflush)
C:/NXP/MCUXpressoIDE_11.10.0_3148/ide/plugins/com.nxp.mcuxpresso.tools.win32_11.10.0.202311280810/tools/bin/../lib/gcc/arm-none-eabi/13.2.1/../../../../arm-none-eabi/lib/thumb/v7e-m+fp/hard\libcr_c.a(_writebuf.o)
                              C:/NXP/MCUXpressoIDE_11.10.0_3148/ide/plugins/com.nxp.mcuxpresso.tools.win32_11.10.0.202311280810/tools/bin/../lib/gcc/arm-none-eabi/13.2.1/../../../../arm-none-eabi/lib/thumb/v7e-m+fp/hard\libcr_c.a(_deferredlazyseek.o) (_Cwritebuf)
C:/NXP/MCUXpressoIDE_11.10.0_3148/ide/plugins/com.nxp.mcuxpresso.tools.win32_11.10.0.202311280810/tools/bin/../lib/gcc/arm-none-eabi/13.2.1/../../../../arm-none-eabi/lib/thumb/v7e-m+fp/hard\libcr_c.a(alloc.o)
                              ./osa/usb_osa_bm.o (malloc)
C:/NXP/MCUXpressoIDE_11.10.0_3148/ide/plugins/com.nxp.mcuxpresso.tools.win32_11.10.0.202311280810/tools/bin/../lib/gcc/arm-none-eabi/13.2.1/../../../../arm-none-eabi/lib/thumb/v7e-m+fp/hard\libcr_c.a(fputs.o)
                              C:/NXP/MCUXpressoIDE_11.10.0_3148/ide/plugins/com.nxp.mcuxpresso.tools.win32_11.10.0.202311280810/tools/bin/../lib/gcc/arm-none-eabi/13.2.1/../../../../arm-none-eabi/lib/thumb/v7e-m+fp/hard\libcr_nohost_nf.a(_cr_assert.o) (fputs)
C:/NXP/MCUXpressoIDE_11.10.0_3148/ide/plugins/com.nxp.mcuxpresso.tools.win32_11.10.0.202311280810/tools/bin/../lib/gcc/arm-none-eabi/13.2.1/../../../../arm-none-eabi/lib/thumb/v7e-m+fp/hard\libcr_c.a(fseek.o)
                              C:/NXP/MCUXpressoIDE_11.10.0_3148/ide/plugins/com.nxp.mcuxpresso.tools.win32_11.10.0.202311280810/tools/bin/../lib/gcc/arm-none-eabi/13.2.1/../../../../arm-none-eabi/lib/thumb/v7e-m+fp/hard\libcr_c.a(_deferredlazyseek.o) (fseek)
[...]
Memory Configuration

Name             Origin             Length             Attributes
BOARD_FLASH      0x60000000         0x01000000         xr
SRAM_OC          0x20200000         0x00010000         xrw
SRAM_ITC         0x00000000         0x00008000         xrw
SRAM_DTC         0x20000000         0x00008000         xrw
NCACHE_REGION    0x20210000         0x00000000         xrw
*default*        0x00000000         0xffffffff

Linker script and memory map

LOAD ./xip/evkmimxrt1010_flexspi_nor_config.o
LOAD ./xip/fsl_flexspi_nor_boot.o
LOAD ./utilities/fsl_assert.o
LOAD ./utilities/fsl_debug_console.o
LOAD ./utilities/fsl_str.o
LOAD ./usb/phy/usb_phy.o
LOAD ./usb/device/source/ehci/usb_device_ehci.o
LOAD ./usb/device/source/usb_device_ch9.o
LOAD ./usb/device/source/usb_device_dci.o
LOAD ./usb/device/class/midi/usb_device_midi.o
LOAD ./usb/device/class/audio/usb_device_audio.o
LOAD ./usb/device/class/usb_device_class.o
LOAD ./startup/startup_mimxrt1011.o
LOAD ./source/oscillator/egCurve.o
LOAD ./source/oscillator/oscillator.o
LOAD ./source/oscillator/oscillatorManager.o
LOAD ./source/oscillator/oscillatorProcess.o
LOAD ./source/audio_task/audio_task.o
LOAD ./source/audio_player.o
LOAD ./source/composite.o
LOAD ./source/edit.o
LOAD ./source/midi_device.o
LOAD ./source/midi_if.o
LOAD ./source/midi_message.o
LOAD ./source/midi_player.o
LOAD ./source/param.o
LOAD ./source/semihost_hardfault.o
LOAD ./source/usb_device_descriptor.o
LOAD ./osa/usb_osa_bm.o
LOAD ./drivers/fsl_cache.o
LOAD ./drivers/fsl_clock.o
LOAD ./drivers/fsl_common.o
LOAD ./drivers/fsl_dmamux.o
LOAD ./drivers/fsl_edma.o
LOAD ./drivers/fsl_gpio.o
LOAD ./drivers/fsl_lpi2c.o
LOAD ./drivers/fsl_lpuart.o
LOAD ./drivers/fsl_pit.o
LOAD ./drivers/fsl_sai.o
LOAD ./drivers/fsl_sai_edma.o
LOAD ./device/system_MIMXRT1011.o
LOAD ./component/uart/lpuart_adapter.o
LOAD ./component/serial_manager/serial_manager.o
LOAD ./component/serial_manager/serial_port_uart.o
LOAD ./component/lists/generic_list.o
LOAD ./component/i2c/lpi2c_adapter.o
LOAD ./codec/fsl_codec_common.o
LOAD ./codec/fsl_wm8960.o
LOAD ./board/board.o
LOAD ./board/clock_config.o
LOAD ./board/pin_mux.o
START GROUP
LOAD C:/NXP/MCUXpressoIDE_11.10.0_3148/ide/plugins/com.nxp.mcuxpresso.tools.win32_11.10.0.202311280810/tools/bin/../lib/gcc/arm-none-eabi/13.2.1/../../../../arm-none-eabi/lib/thumb/v7e-m+fp/hard\libcr_nohost_nf.a
LOAD C:/NXP/MCUXpressoIDE_11.10.0_3148/ide/plugins/com.nxp.mcuxpresso.tools.win32_11.10.0.202311280810/tools/bin/../lib/gcc/arm-none-eabi/13.2.1/../../../../arm-none-eabi/lib/thumb/v7e-m+fp/hard\libcr_c.a
LOAD C:/NXP/MCUXpressoIDE_11.10.0_3148/ide/plugins/com.nxp.mcuxpresso.tools.win32_11.10.0.202311280810/tools/bin/../lib/gcc/arm-none-eabi/13.2.1/thumb/v7e-m+fp/hard\libcr_eabihelpers.a
LOAD C:/NXP/MCUXpressoIDE_11.10.0_3148/ide/plugins/com.nxp.mcuxpresso.tools.win32_11.10.0.202311280810/tools/bin/../lib/gcc/arm-none-eabi/13.2.1/thumb/v7e-m+fp/hard\libgcc.a
END GROUP
                0x60000000                        __base_BOARD_FLASH = 0x60000000
                0x60000000                        __base_Flash = 0x60000000
                0x61000000                        __top_BOARD_FLASH = 0x61000000
                0x61000000                        __top_Flash = 0x61000000
                0x20200000                        __base_SRAM_OC = 0x20200000
                0x20200000                        __base_RAM = 0x20200000
                0x20210000                        __top_SRAM_OC = 0x20210000
                0x20210000                        __top_RAM = 0x20210000
                0x00000000                        __base_SRAM_ITC = 0x0
                0x00000000                        __base_RAM2 = 0x0
                0x00008000                        __top_SRAM_ITC = 0x8000
                0x00008000                        __top_RAM2 = 0x8000
                0x20000000                        __base_SRAM_DTC = 0x20000000
                0x20000000                        __base_RAM3 = 0x20000000
                0x20008000                        __top_SRAM_DTC = 0x20008000
                0x20008000                        __top_RAM3 = 0x20008000
                0x20210000                        __base_NCACHE_REGION = 0x20210000
                0x20210000                        __base_RAM4 = 0x20210000
                0x20210000                        __top_NCACHE_REGION = 0x20210000
                0x20210000                        __top_RAM4 = 0x20210000

.boot_hdr       0x60000000     0x2000
 FILL mask 0xff
                0x00000400                        . = 0x400
 *fill*         0x60000000      0x400 ff
                0x60000400                        __boot_hdr_start__ = ABSOLUTE (.)
 *(SORT_BY_ALIGNMENT(.boot_hdr.conf))
 .boot_hdr.conf
                0x60000400      0x200 ./xip/evkmimxrt1010_flexspi_nor_config.o
                0x60000400                qspiflash_config
                0x00001000                        . = 0x1000
 *fill*         0x60000600      0xa00 ff
 *(SORT_BY_ALIGNMENT(.boot_hdr.ivt))
 .boot_hdr.ivt  0x60001000       0x20 ./xip/fsl_flexspi_nor_boot.o
                0x60001000                image_vector_table
                0x00001020                        . = 0x1020
 *(SORT_BY_ALIGNMENT(.boot_hdr.boot_data))
 .boot_hdr.boot_data
                0x60001020       0x10 ./xip/fsl_flexspi_nor_boot.o
                0x60001020                boot_data
                0x00001030                        . = 0x1030
 *(SORT_BY_ALIGNMENT(.boot_hdr.dcd_data))
                0x60001030                        __boot_hdr_end__ = ABSOLUTE (.)
                0x00002000                        . = 0x2000
 *fill*         0x60001030      0xfd0 ff

.text           0x60002000     0xb3ec
 FILL mask 0xff
                0x60002000                        __vectors_start__ = ABSOLUTE (.)
 *(SORT_BY_ALIGNMENT(.isr_vector))
 .isr_vector    0x60002000      0x180 ./startup/startup_mimxrt1011.o
                0x60002000                g_pfnVectors
                0x60002000                __Vectors
                0x60002180                        . = ALIGN (0x4)
                0x60002180                        __section_table_start = .
                0x60002180                        __data_section_table = .
                0x60002180        0x4 LONG 0x6000d61c LOADADDR (.data)
                0x60002184        0x4 LONG 0x20200000 ADDR (.data)
                0x60002188        0x4 LONG 0x220 SIZEOF (.data)
                0x6000218c        0x4 LONG 0x6000d3ec LOADADDR (.data_RAM2)
                0x60002190        0x4 LONG 0x0 ADDR (.data_RAM2)
                0x60002194        0x4 LONG 0x0 SIZEOF (.data_RAM2)
                0x60002198        0x4 LONG 0x6000d3ec LOADADDR (.data_RAM3)
                0x6000219c        0x4 LONG 0x20000000 ADDR (.data_RAM3)
                0x600021a0        0x4 LONG 0x230 SIZEOF (.data_RAM3)
                0x600021a4        0x4 LONG 0x6000d61c LOADADDR (.data_RAM4)
                0x600021a8        0x4 LONG 0x20210000 ADDR (.data_RAM4)
                0x600021ac        0x4 LONG 0x0 SIZEOF (.data_RAM4)
                0x600021b0                        __data_section_table_end = .
                0x600021b0                        __bss_section_table = .
                0x600021b0        0x4 LONG 0x20200220 ADDR (.bss)
                0x600021b4        0x4 LONG 0x1330 SIZEOF (.bss)
                0x600021b8        0x4 LONG 0x0 ADDR (.bss_RAM2)
                0x600021bc        0x4 LONG 0x0 SIZEOF (.bss_RAM2)
                0x600021c0        0x4 LONG 0x20000800 ADDR (.bss_RAM3)
                0x600021c4        0x4 LONG 0x3120 SIZEOF (.bss_RAM3)
                0x600021c8        0x4 LONG 0x20210000 ADDR (.bss_RAM4)
                0x600021cc        0x4 LONG 0x0 SIZEOF (.bss_RAM4)
                0x600021d0                        __bss_section_table_end = .
                0x600021d0                        __section_table_end = .
 *(SORT_BY_ALIGNMENT(.after_vectors*))
 .after_vectors
                0x600021d0       0x18 ./startup/startup_mimxrt1011.o
                0x600021d0                NMI_Handler
                0x600021d8                SVC_Handler
                0x600021dc                PendSV_Handler
                0x600021e0                SysTick_Handler
                0x600021e4                LPSPI2_DriverIRQHandler
                0x600021e4                FLEXRAM_DriverIRQHandler
                0x600021e4                SPDIF_DriverIRQHandler
                0x600021e4                CCM_2_DriverIRQHandler
                0x600021e4                ADC_ETC_IRQ3_DriverIRQHandler
                0x600021e4                SAI3_RX_DriverIRQHandler
                0x600021e4                PIT_DriverIRQHandler
                0x600021e4                USB_PHY_DriverIRQHandler
                0x600021e4                GPR_IRQ_DriverIRQHandler
                0x600021e4                TRNG_DriverIRQHandler
                0x600021e4                IntDefaultHandler
                0x600021e4                SRC_DriverIRQHandler
                0x600021e4                EWM_DriverIRQHandler
                0x600021e4                WDOG1_DriverIRQHandler
                0x600021e4                FLEXIO1_DriverIRQHandler
                0x600021e4                ADC_ETC_IRQ2_DriverIRQHandler
                0x600021e4                GPIO1_Combined_16_31_DriverIRQHandler
                0x600021e4                DCDC_DriverIRQHandler
                0x600021e4                ADC_ETC_ERROR_IRQ_DriverIRQHandler
                0x600021e4                GPIO5_Combined_0_15_DriverIRQHandler
                0x600021e4                RTWDOG_DriverIRQHandler
                0x600021e4                FLEXSPI_DriverIRQHandler
                0x600021e4                GPT2_DriverIRQHandler
                0x600021e4                PWM1_1_DriverIRQHandler
                0x600021e4                Reserved71_DriverIRQHandler
                0x600021e4                ADC1_DriverIRQHandler
                0x600021e4                PWM1_0_DriverIRQHandler
                0x600021e4                DCP_DriverIRQHandler
                0x600021e4                CTI0_ERROR_DriverIRQHandler
                0x600021e4                GPT1_DriverIRQHandler
                0x600021e4                CSU_DriverIRQHandler
                0x600021e4                CTI1_ERROR_DriverIRQHandler
                0x600021e4                GPIO1_Combined_0_15_DriverIRQHandler
                0x600021e4                CORE_DriverIRQHandler
                0x600021e4                KPP_DriverIRQHandler
                0x600021e4                SNVS_HP_WRAPPER_TZ_DriverIRQHandler
                0x600021e4                PWM1_FAULT_DriverIRQHandler
                0x600021e4                SNVS_HP_WRAPPER_DriverIRQHandler
                0x600021e4                ADC_ETC_IRQ1_DriverIRQHandler
                0x600021e4                LPSPI1_DriverIRQHandler
                0x600021e4                DCP_VMI_DriverIRQHandler
                0x600021e4                GPC_DriverIRQHandler
                0x600021e4                GPIO2_Combined_0_15_DriverIRQHandler
                0x600021e4                PWM1_2_DriverIRQHandler
                0x600021e4                USB_OTG1_DriverIRQHandler
                0x600021e4                TEMP_LOW_HIGH_DriverIRQHandler
                0x600021e4                SAI3_TX_DriverIRQHandler
                0x600021e4                WDOG2_DriverIRQHandler
                0x600021e4                Reserved68_DriverIRQHandler
                0x600021e4                PMU_DriverIRQHandler
                0x600021e4                CCM_1_DriverIRQHandler
                0x600021e4                TEMP_PANIC_DriverIRQHandler
                0x600021e4                PWM1_3_DriverIRQHandler
                0x600021e4                Reserved70_DriverIRQHandler
                0x600021e4                DMA_ERROR_DriverIRQHandler
                0x600021e4                ADC_ETC_IRQ0_DriverIRQHandler
                0x600021e4                XBAR1_IRQ_0_1_2_3_DriverIRQHandler
                0x600021e4                SNVS_LP_WRAPPER_DriverIRQHandler
 .after_vectors.init_data
                0x600021e8       0x20 ./startup/startup_mimxrt1011.o
                0x600021e8                data_init
 .after_vectors.init_bss
                0x60002208       0x14 ./startup/startup_mimxrt1011.o
                0x60002208                bss_init
 .after_vectors.reset
                0x6000221c       0x50 ./startup/startup_mimxrt1011.o
                0x6000221c                ResetISR
 *(SORT_BY_ALIGNMENT(.text*))
 *fill*         0x6000226c        0x4 ff
 .text.audio_task_init
                0x60002270       0x40 ./source/audio_task/audio_task.o
                0x60002270                audio_task_init
 .text.DbgConsole_PrintCallback
                0x600022b0       0x70 ./utilities/fsl_debug_console.o
 .text.DbgConsole_Printf
                0x60002320       0x5c ./utilities/fsl_debug_console.o
                0x60002320                DbgConsole_Printf
 .text.StrFormatPrintf
                0x6000237c      0x2dc ./utilities/fsl_str.o
                0x6000237c                StrFormatPrintf
 .text.USB_EhciPhyInit
                0x60002658       0xb8 ./usb/phy/usb_phy.o
                0x60002658                USB_EhciPhyInit
 .text.USB_DeviceEhciSetDefaultState
                0x60002710      0x1c8 ./usb/device/source/ehci/usb_device_ehci.o
 .text.USB_DeviceEhciTransfer
                0x600028d8      0x1f0 ./usb/device/source/ehci/usb_device_ehci.o
 .text.USB_DeviceEhciCancelControlPipe
                0x60002ac8       0xfc ./usb/device/source/ehci/usb_device_ehci.o
 .text.USB_DeviceEhciInit
                0x60002bc4       0x70 ./usb/device/source/ehci/usb_device_ehci.o
                0x60002bc4                USB_DeviceEhciInit
 .text.USB_DeviceEhciDeinit
                0x60002c34       0x28 ./usb/device/source/ehci/usb_device_ehci.o
                0x60002c34                USB_DeviceEhciDeinit
 .text.USB_DeviceEhciSend
                0x60002c5c        0xc ./usb/device/source/ehci/usb_device_ehci.o
                0x60002c5c                USB_DeviceEhciSend
 .text.USB_DeviceEhciRecv
                0x60002c68        0x8 ./usb/device/source/ehci/usb_device_ehci.o
                0x60002c68                USB_DeviceEhciRecv
 .text.USB_DeviceEhciCancel
                0x60002c70      0x154 ./usb/device/source/ehci/usb_device_ehci.o
                0x60002c70                USB_DeviceEhciCancel
 .text.USB_DeviceEhciEndpointDeinit
                0x60002dc4       0x7c ./usb/device/source/ehci/usb_device_ehci.o
 .text.USB_DeviceEhciControl
                0x60002e40      0x344 ./usb/device/source/ehci/usb_device_ehci.o
                0x60002e40                USB_DeviceEhciControl
 .text.USB_DeviceEhciIsrFunction
                0x60003184      0x368 ./usb/device/source/ehci/usb_device_ehci.o
                0x60003184                USB_DeviceEhciIsrFunction
 .text.USB_DeviceEhciAttachedDevice
                0x600034ec       0x68 ./usb/device/source/ehci/usb_device_ehci.o
                0x600034ec                USB_DeviceEhciAttachedDevice
 .text.USB_DeviceEhciGetAttachedDeviceStatus
                0x60003554        0xc ./usb/device/source/ehci/usb_device_ehci.o
                0x60003554                USB_DeviceEhciGetAttachedDeviceStatus
 .text.USB_DeviceEhciMaskUsbInterruptEnable
                0x60003560       0x24 ./usb/device/source/ehci/usb_device_ehci.o
                0x60003560                USB_DeviceEhciMaskUsbInterruptEnable
 .text.USB_DeviceCh9GetStatus
                0x60003584       0xa0 ./usb/device/source/usb_device_ch9.o
 .text.USB_DeviceCh9GetDescriptor
                0x60003624       0xac ./usb/device/source/usb_device_ch9.o
 .text.USB_DeviceCh9SetAddress
                0x600036d0       0x64 ./usb/device/source/usb_device_ch9.o
 .text.USB_DeviceCh9SetClearFeature
                0x60003734       0x9c ./usb/device/source/usb_device_ch9.o
 .text.USB_DeviceCh9GetConfiguration
                0x600037d0       0x3c ./usb/device/source/usb_device_ch9.o
 .text.USB_DeviceCh9SetInterface
                0x6000380c       0x60 ./usb/device/source/usb_device_ch9.o
 .text.USB_DeviceCh9SetConfiguration
                0x6000386c       0x68 ./usb/device/source/usb_device_ch9.o
 .text.USB_DeviceCh9GetInterface
                0x600038d4       0x40 ./usb/device/source/usb_device_ch9.o
 .text.USB_DeviceCh9SynchFrame
                0x60003914       0x48 ./usb/device/source/usb_device_ch9.o
 .text.USB_DeviceControlCallback
                0x6000395c      0x21c ./usb/device/source/usb_device_ch9.o
                0x6000395c                USB_DeviceControlCallback
 .text.USB_DeviceControlPipeInit
                0x60003b78       0x50 ./usb/device/source/usb_device_ch9.o
                0x60003b78                USB_DeviceControlPipeInit
 .text.USB_DeviceNotificationTrigger
                0x60003bc8       0xec ./usb/device/source/usb_device_dci.o
                0x60003bc8                USB_DeviceNotificationTrigger
 .text.USB_DeviceInit
                0x60003cb4      0x118 ./usb/device/source/usb_device_dci.o
                0x60003cb4                USB_DeviceInit
 .text.USB_DeviceRun
                0x60003dcc       0x18 ./usb/device/source/usb_device_dci.o
                0x60003dcc                USB_DeviceRun
 .text.USB_DeviceDeinit
                0x60003de4       0x34 ./usb/device/source/usb_device_dci.o
                0x60003de4                USB_DeviceDeinit
 .text.USB_DeviceSendRequest
                0x60003e18       0x44 ./usb/device/source/usb_device_dci.o
                0x60003e18                USB_DeviceSendRequest
 .text.USB_DeviceRecvRequest
                0x60003e5c       0x3c ./usb/device/source/usb_device_dci.o
                0x60003e5c                USB_DeviceRecvRequest
 .text.USB_DeviceInitEndpoint
                0x60003e98       0x58 ./usb/device/source/usb_device_dci.o
                0x60003e98                USB_DeviceInitEndpoint
 .text.USB_DeviceDeinitEndpoint
                0x60003ef0       0x50 ./usb/device/source/usb_device_dci.o
                0x60003ef0                USB_DeviceDeinitEndpoint
 .text.USB_DeviceStallEndpoint
                0x60003f40       0x3c ./usb/device/source/usb_device_dci.o
                0x60003f40                USB_DeviceStallEndpoint
 .text.USB_DeviceUnstallEndpoint
                0x60003f7c       0x3c ./usb/device/source/usb_device_dci.o
                0x60003f7c                USB_DeviceUnstallEndpoint
 .text.USB_DeviceGetStatus
                0x60003fb8       0x88 ./usb/device/source/usb_device_dci.o
                0x60003fb8                USB_DeviceGetStatus
 .text.USB_DeviceSetStatus
                0x60004040       0xc0 ./usb/device/source/usb_device_dci.o
                0x60004040                USB_DeviceSetStatus
 .text.USB_DeviceMidiBulkOut
                0x60004100       0x1c ./usb/device/class/midi/usb_device_midi.o
                0x60004100                USB_DeviceMidiBulkOut
 .text.USB_DeviceMidiBulkIn
                0x6000411c       0x1c ./usb/device/class/midi/usb_device_midi.o
                0x6000411c                USB_DeviceMidiBulkIn
 .text.USB_DeviceMidiStreamEndpointsInit
                0x60004138       0xd0 ./usb/device/class/midi/usb_device_midi.o
                0x60004138                USB_DeviceMidiStreamEndpointsInit
 .text.USB_DeviceMidiEvent
                0x60004208       0xf4 ./usb/device/class/midi/usb_device_midi.o
                0x60004208                USB_DeviceMidiEvent
 .text.USB_DeviceMidiInit
                0x600042fc       0x80 ./usb/device/class/midi/usb_device_midi.o
                0x600042fc                USB_DeviceMidiInit
 .text.USB_DeviceMidiSend
                0x6000437c       0x14 ./usb/device/class/midi/usb_device_midi.o
                0x6000437c                USB_DeviceMidiSend
 .text.USB_DeviceMidiRecv
                0x60004390       0x14 ./usb/device/class/midi/usb_device_midi.o
                0x60004390                USB_DeviceMidiRecv
 .text.USB_DeviceAudioOutIsochronousIn
                0x600043a4       0x20 ./usb/device/class/audio/usb_device_audio.o
                0x600043a4                USB_DeviceAudioOutIsochronousIn
 .text.USB_DeviceAudioOutIsochronousOut
                0x600043c4       0x20 ./usb/device/class/audio/usb_device_audio.o
                0x600043c4                USB_DeviceAudioOutIsochronousOut
 .text.USB_DeviceAudioInIsochronousIn
                0x600043e4       0x20 ./usb/device/class/audio/usb_device_audio.o
                0x600043e4                USB_DeviceAudioInIsochronousIn
 .text.USB_DeviceAudioOutStreamEndpointsDeinit.part.0
                0x60004404       0xb4 ./usb/device/class/audio/usb_device_audio.o
 .text.USB_DeviceAudioInStreamEndpointsDeinit.part.0
                0x600044b8       0x8c ./usb/device/class/audio/usb_device_audio.o
 .text.USB_DeviceAudioOutStreamEndpointsInit
                0x60004544       0xbc ./usb/device/class/audio/usb_device_audio.o
                0x60004544                USB_DeviceAudioOutStreamEndpointsInit
 .text.USB_DeviceAudioInStreamEndpointsInit
                0x60004600       0xb4 ./usb/device/class/audio/usb_device_audio.o
                0x60004600                USB_DeviceAudioInStreamEndpointsInit
 .text.USB_DeviceAudioSetRequestEndpoint
                0x600046b4       0x68 ./usb/device/class/audio/usb_device_audio.o
                0x600046b4                USB_DeviceAudioSetRequestEndpoint
 .text.USB_DeviceAudioGetRequestEndpoint
                0x6000471c       0x50 ./usb/device/class/audio/usb_device_audio.o
                0x6000471c                USB_DeviceAudioGetRequestEndpoint
 .text.USB_DeviceAudioEvent
                0x6000476c      0x1f8 ./usb/device/class/audio/usb_device_audio.o
                0x6000476c                USB_DeviceAudioEvent
 .text.USB_DeviceAudioInit
                0x60004964       0x4c ./usb/device/class/audio/usb_device_audio.o
                0x60004964                USB_DeviceAudioInit
 .text.USB_DeviceAudioSend
                0x600049b0       0x20 ./usb/device/class/audio/usb_device_audio.o
                0x600049b0                USB_DeviceAudioSend
 .text.USB_DeviceAudioRecv
                0x600049d0       0x20 ./usb/device/class/audio/usb_device_audio.o
                0x600049d0                USB_DeviceAudioRecv
 .text.USB_DeviceAudioFeedbackInfoSend
                0x600049f0       0x20 ./usb/device/class/audio/usb_device_audio.o
                0x600049f0                USB_DeviceAudioFeedbackInfoSend
 .text.USB_DeviceClassGetDeviceHandle
                0x60004a10       0x38 ./usb/device/class/usb_device_class.o
                0x60004a10                USB_DeviceClassGetDeviceHandle
 .text.USB_DeviceClassEvent
                0x60004a48       0xa8 ./usb/device/class/usb_device_class.o
                0x60004a48                USB_DeviceClassEvent
 .text.USB_DeviceClassCallback
                0x60004af0       0x58 ./usb/device/class/usb_device_class.o
                0x60004af0                USB_DeviceClassCallback
 .text.USB_DeviceClassInit
                0x60004b48      0x11c ./usb/device/class/usb_device_class.o
                0x60004b48                USB_DeviceClassInit
 .text.USB_DeviceClassGetSpeed
                0x60004c64       0x40 ./usb/device/class/usb_device_class.o
                0x60004c64                USB_DeviceClassGetSpeed
 .text.DMA0_IRQHandler
                0x60004ca4        0x8 ./startup/startup_mimxrt1011.o
                0x60004ca4                DMA0_IRQHandler
 .text.DMA1_IRQHandler
                0x60004cac        0x8 ./startup/startup_mimxrt1011.o
                0x60004cac                DMA1_IRQHandler
 .text.DMA2_IRQHandler
                0x60004cb4        0x8 ./startup/startup_mimxrt1011.o
                0x60004cb4                DMA2_IRQHandler
 .text.DMA3_IRQHandler
                0x60004cbc        0x8 ./startup/startup_mimxrt1011.o
                0x60004cbc                DMA3_IRQHandler
 .text.DMA4_IRQHandler
                0x60004cc4        0x8 ./startup/startup_mimxrt1011.o
                0x60004cc4                DMA4_IRQHandler
 .text.DMA5_IRQHandler
                0x60004ccc        0x8 ./startup/startup_mimxrt1011.o
                0x60004ccc                DMA5_IRQHandler
 .text.DMA6_IRQHandler
                0x60004cd4        0x8 ./startup/startup_mimxrt1011.o
                0x60004cd4                DMA6_IRQHandler
 .text.DMA7_IRQHandler
                0x60004cdc        0x8 ./startup/startup_mimxrt1011.o
                0x60004cdc                DMA7_IRQHandler
 .text.DMA8_IRQHandler
                0x60004ce4        0x8 ./startup/startup_mimxrt1011.o
                0x60004ce4                DMA8_IRQHandler
 .text.DMA9_IRQHandler
                0x60004cec        0x8 ./startup/startup_mimxrt1011.o
                0x60004cec                DMA9_IRQHandler
 .text.DMA10_IRQHandler
                0x60004cf4        0x8 ./startup/startup_mimxrt1011.o
                0x60004cf4                DMA10_IRQHandler
 .text.DMA11_IRQHandler
                0x60004cfc        0x8 ./startup/startup_mimxrt1011.o
                0x60004cfc                DMA11_IRQHandler
 .text.DMA12_IRQHandler
                0x60004d04        0x8 ./startup/startup_mimxrt1011.o
                0x60004d04                DMA12_IRQHandler
 .text.DMA13_IRQHandler
                0x60004d0c        0x8 ./startup/startup_mimxrt1011.o
                0x60004d0c                DMA13_IRQHandler
 .text.DMA14_IRQHandler
                0x60004d14        0x8 ./startup/startup_mimxrt1011.o
                0x60004d14                DMA14_IRQHandler
 .text.DMA15_IRQHandler
                0x60004d1c        0x8 ./startup/startup_mimxrt1011.o
                0x60004d1c                DMA15_IRQHandler
 .text.DMA_ERROR_IRQHandler
                0x60004d24        0x8 ./startup/startup_mimxrt1011.o
                0x60004d24                DMA_ERROR_IRQHandler
 .text.CTI0_ERROR_IRQHandler
                0x60004d2c        0x8 ./startup/startup_mimxrt1011.o
                0x60004d2c                CTI0_ERROR_IRQHandler
 .text.CTI1_ERROR_IRQHandler
                0x60004d34        0x8 ./startup/startup_mimxrt1011.o
                0x60004d34                CTI1_ERROR_IRQHandler
 .text.CORE_IRQHandler
                0x60004d3c        0x8 ./startup/startup_mimxrt1011.o
                0x60004d3c                CORE_IRQHandler
 .text.LPUART2_IRQHandler
                0x60004d44        0x8 ./startup/startup_mimxrt1011.o
                0x60004d44                LPUART2_IRQHandler
 .text.LPUART3_IRQHandler
                0x60004d4c        0x8 ./startup/startup_mimxrt1011.o
                0x60004d4c                LPUART3_IRQHandler
 .text.LPUART4_IRQHandler
                0x60004d54        0x8 ./startup/startup_mimxrt1011.o
                0x60004d54                LPUART4_IRQHandler
 .text.FLEXSPI_IRQHandler
                0x60004d5c        0x8 ./startup/startup_mimxrt1011.o
                0x60004d5c                FLEXSPI_IRQHandler
 .text.FLEXRAM_IRQHandler
                0x60004d64        0x8 ./startup/startup_mimxrt1011.o
                0x60004d64                FLEXRAM_IRQHandler
 .text.LPI2C1_IRQHandler
                0x60004d6c        0x8 ./startup/startup_mimxrt1011.o
                0x60004d6c                LPI2C1_IRQHandler
 .text.LPI2C2_IRQHandler
                0x60004d74        0x8 ./startup/startup_mimxrt1011.o
                0x60004d74                LPI2C2_IRQHandler
 .text.GPT1_IRQHandler
                0x60004d7c        0x8 ./startup/startup_mimxrt1011.o
                0x60004d7c                GPT1_IRQHandler
 .text.GPT2_IRQHandler
                0x60004d84        0x8 ./startup/startup_mimxrt1011.o
                0x60004d84                GPT2_IRQHandler
 .text.LPSPI1_IRQHandler
                0x60004d8c        0x8 ./startup/startup_mimxrt1011.o
                0x60004d8c                LPSPI1_IRQHandler
 .text.LPSPI2_IRQHandler
                0x60004d94        0x8 ./startup/startup_mimxrt1011.o
                0x60004d94                LPSPI2_IRQHandler
 .text.PWM1_0_IRQHandler
                0x60004d9c        0x8 ./startup/startup_mimxrt1011.o
                0x60004d9c                PWM1_0_IRQHandler
 .text.PWM1_1_IRQHandler
                0x60004da4        0x8 ./startup/startup_mimxrt1011.o
                0x60004da4                PWM1_1_IRQHandler
 .text.PWM1_2_IRQHandler
                0x60004dac        0x8 ./startup/startup_mimxrt1011.o
                0x60004dac                PWM1_2_IRQHandler
 .text.PWM1_3_IRQHandler
                0x60004db4        0x8 ./startup/startup_mimxrt1011.o
                0x60004db4                PWM1_3_IRQHandler
 .text.PWM1_FAULT_IRQHandler
                0x60004dbc        0x8 ./startup/startup_mimxrt1011.o
                0x60004dbc                PWM1_FAULT_IRQHandler
 .text.KPP_IRQHandler
                0x60004dc4        0x8 ./startup/startup_mimxrt1011.o
                0x60004dc4                KPP_IRQHandler
 .text.SRC_IRQHandler
                0x60004dcc        0x8 ./startup/startup_mimxrt1011.o
                0x60004dcc                SRC_IRQHandler
 .text.GPR_IRQ_IRQHandler
                0x60004dd4        0x8 ./startup/startup_mimxrt1011.o
                0x60004dd4                GPR_IRQ_IRQHandler
 .text.CCM_1_IRQHandler
                0x60004ddc        0x8 ./startup/startup_mimxrt1011.o
                0x60004ddc                CCM_1_IRQHandler
 .text.CCM_2_IRQHandler
                0x60004de4        0x8 ./startup/startup_mimxrt1011.o
                0x60004de4                CCM_2_IRQHandler
 .text.EWM_IRQHandler
                0x60004dec        0x8 ./startup/startup_mimxrt1011.o
                0x60004dec                EWM_IRQHandler
 .text.WDOG2_IRQHandler
                0x60004df4        0x8 ./startup/startup_mimxrt1011.o
                0x60004df4                WDOG2_IRQHandler
 .text.SNVS_HP_WRAPPER_IRQHandler
                0x60004dfc        0x8 ./startup/startup_mimxrt1011.o
                0x60004dfc                SNVS_HP_WRAPPER_IRQHandler
 .text.SNVS_HP_WRAPPER_TZ_IRQHandler
                0x60004e04        0x8 ./startup/startup_mimxrt1011.o
                0x60004e04                SNVS_HP_WRAPPER_TZ_IRQHandler
 .text.SNVS_LP_WRAPPER_IRQHandler
                0x60004e0c        0x8 ./startup/startup_mimxrt1011.o
                0x60004e0c                SNVS_LP_WRAPPER_IRQHandler
 .text.CSU_IRQHandler
                0x60004e14        0x8 ./startup/startup_mimxrt1011.o
                0x60004e14                CSU_IRQHandler
 .text.DCP_IRQHandler
                0x60004e1c        0x8 ./startup/startup_mimxrt1011.o
                0x60004e1c                DCP_IRQHandler
 .text.DCP_VMI_IRQHandler
                0x60004e24        0x8 ./startup/startup_mimxrt1011.o
                0x60004e24                DCP_VMI_IRQHandler
 .text.Reserved68_IRQHandler
                0x60004e2c        0x8 ./startup/startup_mimxrt1011.o
                0x60004e2c                Reserved68_IRQHandler
 .text.TRNG_IRQHandler
                0x60004e34        0x8 ./startup/startup_mimxrt1011.o
                0x60004e34                TRNG_IRQHandler
 .text.Reserved70_IRQHandler
                0x60004e3c        0x8 ./startup/startup_mimxrt1011.o
                0x60004e3c                Reserved70_IRQHandler
 .text.Reserved71_IRQHandler
                0x60004e44        0x8 ./startup/startup_mimxrt1011.o
                0x60004e44                Reserved71_IRQHandler
 .text.RTWDOG_IRQHandler
                0x60004e4c        0x8 ./startup/startup_mimxrt1011.o
                0x60004e4c                RTWDOG_IRQHandler
 .text.SAI3_RX_IRQHandler
                0x60004e54        0x8 ./startup/startup_mimxrt1011.o
                0x60004e54                SAI3_RX_IRQHandler
 .text.SAI3_TX_IRQHandler
                0x60004e5c        0x8 ./startup/startup_mimxrt1011.o
                0x60004e5c                SAI3_TX_IRQHandler
 .text.SPDIF_IRQHandler
                0x60004e64        0x8 ./startup/startup_mimxrt1011.o
                0x60004e64                SPDIF_IRQHandler
 .text.PMU_IRQHandler
                0x60004e6c        0x8 ./startup/startup_mimxrt1011.o
                0x60004e6c                PMU_IRQHandler
 .text.XBAR1_IRQ_0_1_2_3_IRQHandler
                0x60004e74        0x8 ./startup/startup_mimxrt1011.o
                0x60004e74                XBAR1_IRQ_0_1_2_3_IRQHandler
 .text.TEMP_LOW_HIGH_IRQHandler
                0x60004e7c        0x8 ./startup/startup_mimxrt1011.o
                0x60004e7c                TEMP_LOW_HIGH_IRQHandler
 .text.TEMP_PANIC_IRQHandler
                0x60004e84        0x8 ./startup/startup_mimxrt1011.o
                0x60004e84                TEMP_PANIC_IRQHandler
 .text.USB_PHY_IRQHandler
                0x60004e8c        0x8 ./startup/startup_mimxrt1011.o
                0x60004e8c                USB_PHY_IRQHandler
 .text.GPC_IRQHandler
                0x60004e94        0x8 ./startup/startup_mimxrt1011.o
                0x60004e94                GPC_IRQHandler
 .text.ADC1_IRQHandler
                0x60004e9c        0x8 ./startup/startup_mimxrt1011.o
                0x60004e9c                ADC1_IRQHandler
 .text.FLEXIO1_IRQHandler
                0x60004ea4        0x8 ./startup/startup_mimxrt1011.o
                0x60004ea4                FLEXIO1_IRQHandler
 .text.DCDC_IRQHandler
                0x60004eac        0x8 ./startup/startup_mimxrt1011.o
                0x60004eac                DCDC_IRQHandler
 .text.GPIO1_Combined_0_15_IRQHandler
                0x60004eb4        0x8 ./startup/startup_mimxrt1011.o
                0x60004eb4                GPIO1_Combined_0_15_IRQHandler
 .text.GPIO1_Combined_16_31_IRQHandler
                0x60004ebc        0x8 ./startup/startup_mimxrt1011.o
                0x60004ebc                GPIO1_Combined_16_31_IRQHandler
 .text.GPIO2_Combined_0_15_IRQHandler
                0x60004ec4        0x8 ./startup/startup_mimxrt1011.o
                0x60004ec4                GPIO2_Combined_0_15_IRQHandler
 .text.GPIO5_Combined_0_15_IRQHandler
                0x60004ecc        0x8 ./startup/startup_mimxrt1011.o
                0x60004ecc                GPIO5_Combined_0_15_IRQHandler
 .text.WDOG1_IRQHandler
                0x60004ed4        0x8 ./startup/startup_mimxrt1011.o
                0x60004ed4                WDOG1_IRQHandler
 .text.ADC_ETC_IRQ0_IRQHandler
                0x60004edc        0x8 ./startup/startup_mimxrt1011.o
                0x60004edc                ADC_ETC_IRQ0_IRQHandler
 .text.ADC_ETC_IRQ1_IRQHandler
                0x60004ee4        0x8 ./startup/startup_mimxrt1011.o
                0x60004ee4                ADC_ETC_IRQ1_IRQHandler
 .text.ADC_ETC_IRQ2_IRQHandler
                0x60004eec        0x8 ./startup/startup_mimxrt1011.o
                0x60004eec                ADC_ETC_IRQ2_IRQHandler
 .text.ADC_ETC_IRQ3_IRQHandler
                0x60004ef4        0x8 ./startup/startup_mimxrt1011.o
                0x60004ef4                ADC_ETC_IRQ3_IRQHandler
 .text.ADC_ETC_ERROR_IRQ_IRQHandler
                0x60004efc        0x8 ./startup/startup_mimxrt1011.o
                0x60004efc                ADC_ETC_ERROR_IRQ_IRQHandler
 .text.egCurveCalc
                0x60004f04       0x6c ./source/oscillator/egCurve.o
                0x60004f04                egCurveCalc
 .text.OscStereo
                0x60004f70      0x260 ./source/oscillator/oscillator.o
 .text.OscMono  0x600051d0      0x1b8 ./source/oscillator/oscillator.o
 .text.oscSetup
                0x60005388       0x3c ./source/oscillator/oscillator.o
 .text.OnMemoryOscillatorSetup
                0x600053c4       0x2c ./source/oscillator/oscillator.o
                0x600053c4                OnMemoryOscillatorSetup
 .text.onmemoscExec
                0x600053f0       0x14 ./source/oscillator/oscillatorManager.o
 .text.onmemoscTell
                0x60005404        0x8 ./source/oscillator/oscillatorManager.o
 .text.onmemoscSetup
                0x6000540c       0x68 ./source/oscillator/oscillatorManager.o
 .text.onmemoryoscillatortest
                0x60005474       0x6c ./source/oscillator/oscillatorManager.o
                0x60005474                onmemoryoscillatortest
 .text.oscSetup
                0x600054e0      0x130 ./source/oscillator/oscillatorProcess.o
 .text.oscillatorProcess
                0x60005610      0x4f4 ./source/oscillator/oscillatorProcess.o
                0x60005610                oscillatorProcess
 .text.oscillatorStart
                0x60005b04       0x60 ./source/oscillator/oscillatorProcess.o
                0x60005b04                oscillatorStart
 .text.audio_task
                0x60005b64       0x50 ./source/audio_task/audio_task.o
                0x60005b64                audio_task
 .text.BOARD_EnableSaiMclkOutput
                0x60005bb4       0x1c ./source/audio_player.o
                0x60005bb4                BOARD_EnableSaiMclkOutput
 .text.SAI1_IRQHandler
                0x60005bd0      0x194 ./source/audio_player.o
                0x60005bd0                SAI1_IRQHandler
 .text.USB_DeviceClockInit
                0x60005d64       0x40 ./source/audio_player.o
                0x60005d64                USB_DeviceClockInit
 .text.Init_Board_Sai_Codec
                0x60005da4       0xec ./source/audio_player.o
                0x60005da4                Init_Board_Sai_Codec
 .text.USB_DeviceAudioRequest
                0x60005e90      0x4e4 ./source/audio_player.o
                0x60005e90                USB_DeviceAudioRequest
 .text.USB_AudioFeedbackDataUpdate
                0x60006374       0xb8 ./source/audio_player.o
                0x60006374                USB_AudioFeedbackDataUpdate
 .text.USB_AudioSpeakerPutBuffer
                0x6000642c       0xd8 ./source/audio_player.o
                0x6000642c                USB_AudioSpeakerPutBuffer
 .text.USB_prepareAudioRecData
                0x60006504       0x90 ./source/audio_player.o
                0x60006504                USB_prepareAudioRecData
 .text.USB_DeviceAudioCallback
                0x60006594      0x198 ./source/audio_player.o
                0x60006594                USB_DeviceAudioCallback
 .text.USB_DeviceAudioSetConfigure
                0x6000672c       0x18 ./source/audio_player.o
                0x6000672c                USB_DeviceAudioSetConfigure
 .text.USB_DeviceAudioSetInterface
                0x60006744      0x238 ./source/audio_player.o
                0x60006744                USB_DeviceAudioSetInterface
 .text.USB_DeviceAudioPlayerInit
                0x6000697c       0xa8 ./source/audio_player.o
                0x6000697c                USB_DeviceAudioPlayerInit
 .text.USB_AudioCodecTask
                0x60006a24       0x64 ./source/audio_player.o
                0x60006a24                USB_AudioCodecTask
 .text.USB_AudioSpeakerResetTask
                0x60006a88       0x30 ./source/audio_player.o
                0x60006a88                USB_AudioSpeakerResetTask
 .text.BOARD_AudioInitPllClock
                0x60006ab8        0xc ./source/audio_player.o
                0x60006ab8                BOARD_AudioInitPllClock
 .text.BOARD_InitClockPinMux
                0x60006ac4       0x40 ./source/audio_player.o
                0x60006ac4                BOARD_InitClockPinMux
 .text.USB_DeviceCallback
                0x60006b04      0x15c ./source/composite.o
                0x60006b04                USB_DeviceCallback
 .text.USB_OTG1_IRQHandler
                0x60006c60        0xc ./source/composite.o
                0x60006c60                USB_OTG1_IRQHandler
 .text.PIT_IRQHandler
                0x60006c6c       0x24 ./source/composite.o
                0x60006c6c                PIT_IRQHandler
 .text.APPInit  0x60006c90      0x138 ./source/composite.o
                0x60006c90                APPInit
 .text.startup.main
                0x60006dc8       0x80 ./source/composite.o
                0x60006dc8                main
 .text.EditResume1stStatus
                0x60006e48       0x14 ./source/edit.o
                0x60006e48                EditResume1stStatus
 .text.analyzeSysExMessage.part.0
                0x60006e5c      0x29c ./source/midi_if.o
 .text.LPUART1_IRQHandler
                0x600070f8      0x2dc ./source/midi_if.o
                0x600070f8                LPUART1_IRQHandler
 .text.midi_IF_TxInit
                0x600073d4       0x50 ./source/midi_if.o
                0x600073d4                midi_IF_TxInit
 .text.midi_IF_TxProc_SysEx
                0x60007424       0x1c ./source/midi_if.o
                0x60007424                midi_IF_TxProc_SysEx
 .text.midi_IF_TxProc_ReceiveByte
                0x60007440       0x1c ./source/midi_if.o
                0x60007440                midi_IF_TxProc_ReceiveByte
 .text.midi_IF_RxInit
                0x6000745c       0x80 ./source/midi_if.o
                0x6000745c                midi_IF_RxInit
 .text.MIDI_IF_IDLE
                0x600074dc      0x154 ./source/midi_if.o
                0x600074dc                MIDI_IF_IDLE
 .text.USB_DeviceMidiCallback
                0x60007630       0x54 ./source/midi_player.o
                0x60007630                USB_DeviceMidiCallback
 .text.USB_DeviceMidiSetConfigure
                0x60007684       0x34 ./source/midi_player.o
                0x60007684                USB_DeviceMidiSetConfigure
 .text.USB_DeviceMidiPlayerInit
                0x600076b8       0x80 ./source/midi_player.o
                0x600076b8                USB_DeviceMidiPlayerInit
 .text.USB_setMidiInTimeoutCount
                0x60007738       0x1c ./source/midi_player.o
                0x60007738                USB_setMidiInTimeoutCount
 .text.WriteData4
                0x60007754       0x70 ./source/midi_player.o
                0x60007754                WriteData4
 .text.Send2USB
                0x600077c4      0x140 ./source/midi_player.o
                0x600077c4                Send2USB
 .text.USB_MIDI_IDLE
                0x60007904      0x228 ./source/midi_player.o
                0x60007904                USB_MIDI_IDLE
 .text.RestoreEditParam
                0x60007b2c       0x34 ./source/param.o
                0x60007b2c                RestoreEditParam
 .text.CheckEditbuf
                0x60007b60        0x4 ./source/param.o
                0x60007b60                CheckEditbuf
 .text.InitFxValue
                0x60007b64        0x4 ./source/param.o
                0x60007b64                InitFxValue
 .text.HardFault_Handler
                0x60007b68       0x2c ./source/semihost_hardfault.o
                0x60007b68                HardFault_Handler
 .text.USB_DeviceGetDeviceDescriptor
                0x60007b94       0x10 ./source/usb_device_descriptor.o
                0x60007b94                USB_DeviceGetDeviceDescriptor
 .text.USB_DeviceGetConfigurationDescriptor
                0x60007ba4       0x18 ./source/usb_device_descriptor.o
                0x60007ba4                USB_DeviceGetConfigurationDescriptor
 .text.USB_DeviceGetStringDescriptor
                0x60007bbc       0x48 ./source/usb_device_descriptor.o
                0x60007bbc                USB_DeviceGetStringDescriptor
 .text.USB_DeviceSetSpeed
                0x60007c04       0x30 ./source/usb_device_descriptor.o
                0x60007c04                USB_DeviceSetSpeed
 .text.USB_DeviceGetDeviceQualifierDescriptor
                0x60007c34       0x10 ./source/usb_device_descriptor.o
                0x60007c34                USB_DeviceGetDeviceQualifierDescriptor
 .text.USB_DeviceGetOtherSpeedConfigurationDescriptor
                0x60007c44       0x10 ./source/usb_device_descriptor.o
                0x60007c44                USB_DeviceGetOtherSpeedConfigurationDescriptor
 .text.USB_OsaEnterCritical
                0x60007c54        0xc ./osa/usb_osa_bm.o
                0x60007c54                USB_OsaEnterCritical
 .text.USB_OsaExitCritical
                0x60007c60        0x8 ./osa/usb_osa_bm.o
                0x60007c60                USB_OsaExitCritical
 .text.CLOCK_GetPeriphClkFreq
                0x60007c68      0x1dc ./drivers/fsl_clock.o
 .text.CLOCK_InitExternalClk
                0x60007e44       0x40 ./drivers/fsl_clock.o
                0x60007e44                CLOCK_InitExternalClk
 .text.CLOCK_SwitchOsc
                0x60007e84       0x18 ./drivers/fsl_clock.o
                0x60007e84                CLOCK_SwitchOsc
 .text.CLOCK_InitRcOsc24M
                0x60007e9c       0x14 ./drivers/fsl_clock.o
                0x60007e9c                CLOCK_InitRcOsc24M
 .text.CLOCK_EnableUsbhs0Clock
                0x60007eb0       0x6c ./drivers/fsl_clock.o
                0x60007eb0                CLOCK_EnableUsbhs0Clock
 .text.CLOCK_EnableUsbhs0PhyPllClock
                0x60007f1c       0x68 ./drivers/fsl_clock.o
                0x60007f1c                CLOCK_EnableUsbhs0PhyPllClock
 .text.CLOCK_InitSysPll
                0x60007f84       0x70 ./drivers/fsl_clock.o
                0x60007f84                CLOCK_InitSysPll
 .text.CLOCK_InitAudioPll
                0x60007ff4       0xb4 ./drivers/fsl_clock.o
                0x60007ff4                CLOCK_InitAudioPll
 .text.CLOCK_DeinitAudioPll
                0x600080a8       0x10 ./drivers/fsl_clock.o
                0x600080a8                CLOCK_DeinitAudioPll
 .text.CLOCK_InitEnetPll
                0x600080b8       0x48 ./drivers/fsl_clock.o
                0x600080b8                CLOCK_InitEnetPll
 .text.CLOCK_GetPllFreq
                0x60008100      0x110 ./drivers/fsl_clock.o
                0x60008100                CLOCK_GetPllFreq
 .text.CLOCK_GetFreq
                0x60008210      0x4f0 ./drivers/fsl_clock.o
                0x60008210                CLOCK_GetFreq
 .text.CLOCK_InitSysPfd
                0x60008700       0x34 ./drivers/fsl_clock.o
                0x60008700                CLOCK_InitSysPfd
 .text.DMA0_DriverIRQHandler
                0x60008734       0xb4 ./drivers/fsl_edma.o
                0x60008734                DMA0_DriverIRQHandler
 .text.DMA1_DriverIRQHandler
                0x600087e8       0xb4 ./drivers/fsl_edma.o
                0x600087e8                DMA1_DriverIRQHandler
 .text.DMA2_DriverIRQHandler
                0x6000889c       0xb4 ./drivers/fsl_edma.o
                0x6000889c                DMA2_DriverIRQHandler
 .text.DMA3_DriverIRQHandler
                0x60008950       0xb4 ./drivers/fsl_edma.o
                0x60008950                DMA3_DriverIRQHandler
 .text.DMA4_DriverIRQHandler
                0x60008a04       0xb4 ./drivers/fsl_edma.o
                0x60008a04                DMA4_DriverIRQHandler
 .text.DMA5_DriverIRQHandler
                0x60008ab8       0xb4 ./drivers/fsl_edma.o
                0x60008ab8                DMA5_DriverIRQHandler
 .text.DMA6_DriverIRQHandler
                0x60008b6c       0xb4 ./drivers/fsl_edma.o
                0x60008b6c                DMA6_DriverIRQHandler
 .text.DMA7_DriverIRQHandler
                0x60008c20       0xb4 ./drivers/fsl_edma.o
                0x60008c20                DMA7_DriverIRQHandler
 .text.DMA8_DriverIRQHandler
                0x60008cd4       0xb4 ./drivers/fsl_edma.o
                0x60008cd4                DMA8_DriverIRQHandler
 .text.DMA9_DriverIRQHandler
                0x60008d88       0xb4 ./drivers/fsl_edma.o
                0x60008d88                DMA9_DriverIRQHandler
 .text.DMA10_DriverIRQHandler
                0x60008e3c       0xb4 ./drivers/fsl_edma.o
                0x60008e3c                DMA10_DriverIRQHandler
 .text.DMA11_DriverIRQHandler
                0x60008ef0       0xb4 ./drivers/fsl_edma.o
                0x60008ef0                DMA11_DriverIRQHandler
 .text.DMA12_DriverIRQHandler
                0x60008fa4       0xb4 ./drivers/fsl_edma.o
                0x60008fa4                DMA12_DriverIRQHandler
 .text.DMA13_DriverIRQHandler
                0x60009058       0xb4 ./drivers/fsl_edma.o
                0x60009058                DMA13_DriverIRQHandler
 .text.DMA14_DriverIRQHandler
                0x6000910c       0xb4 ./drivers/fsl_edma.o
                0x6000910c                DMA14_DriverIRQHandler
 .text.DMA15_DriverIRQHandler
                0x600091c0       0xb4 ./drivers/fsl_edma.o
                0x600091c0                DMA15_DriverIRQHandler
 .text.LPI2C_MasterGetDefaultConfig
                0x60009274       0x2c ./drivers/fsl_lpi2c.o
                0x60009274                LPI2C_MasterGetDefaultConfig
 .text.LPI2C_MasterSetBaudRate
                0x600092a0      0x124 ./drivers/fsl_lpi2c.o
                0x600092a0                LPI2C_MasterSetBaudRate
 .text.LPI2C_MasterInit
                0x600093c4      0x3ac ./drivers/fsl_lpi2c.o
                0x600093c4                LPI2C_MasterInit
 .text.LPI2C_MasterReceive
                0x60009770       0xf0 ./drivers/fsl_lpi2c.o
                0x60009770                LPI2C_MasterReceive
 .text.LPI2C_MasterTransferBlocking
                0x60009860      0x348 ./drivers/fsl_lpi2c.o
                0x60009860                LPI2C_MasterTransferBlocking
 .text.LPI2C1_DriverIRQHandler
                0x60009ba8       0x60 ./drivers/fsl_lpi2c.o
                0x60009ba8                LPI2C1_DriverIRQHandler
 .text.LPI2C2_DriverIRQHandler
                0x60009c08       0x60 ./drivers/fsl_lpi2c.o
                0x60009c08                LPI2C2_DriverIRQHandler
 .text.LPUART_Init
                0x60009c68      0x2a4 ./drivers/fsl_lpuart.o
                0x60009c68                LPUART_Init
 .text.LPUART_GetDefaultConfig
                0x60009f0c       0x2c ./drivers/fsl_lpuart.o
                0x60009f0c                LPUART_GetDefaultConfig
 .text.LPUART_EnableInterrupts
                0x60009f38       0x30 ./drivers/fsl_lpuart.o
                0x60009f38                LPUART_EnableInterrupts
 .text.LPUART_DisableInterrupts
                0x60009f68       0x34 ./drivers/fsl_lpuart.o
                0x60009f68                LPUART_DisableInterrupts
 .text.LPUART_GetStatusFlags
                0x60009f9c       0x10 ./drivers/fsl_lpuart.o
                0x60009f9c                LPUART_GetStatusFlags
 .text.LPUART_ClearStatusFlags
                0x60009fac       0x48 ./drivers/fsl_lpuart.o
                0x60009fac                LPUART_ClearStatusFlags
 .text.LPUART_WriteBlocking
                0x60009ff4       0x2c ./drivers/fsl_lpuart.o
                0x60009ff4                LPUART_WriteBlocking
 .text.LPUART2_DriverIRQHandler
                0x6000a020       0x18 ./drivers/fsl_lpuart.o
                0x6000a020                LPUART2_DriverIRQHandler
 .text.LPUART3_DriverIRQHandler
                0x6000a038       0x18 ./drivers/fsl_lpuart.o
                0x6000a038                LPUART3_DriverIRQHandler
 .text.LPUART4_DriverIRQHandler
                0x6000a050       0x18 ./drivers/fsl_lpuart.o
                0x6000a050                LPUART4_DriverIRQHandler
 .text.PIT_Init
                0x6000a068       0x50 ./drivers/fsl_pit.o
                0x6000a068                PIT_Init
 .text.SAI_TxInit
                0x6000a0b8      0x12c ./drivers/fsl_sai.o
                0x6000a0b8                SAI_TxInit
 .text.SAI_RxInit
                0x6000a1e4      0x170 ./drivers/fsl_sai.o
                0x6000a1e4                SAI_RxInit
 .text.SAI_TxGetDefaultConfig
                0x6000a354       0x10 ./drivers/fsl_sai.o
                0x6000a354                SAI_TxGetDefaultConfig
 .text.SAI_RxGetDefaultConfig
                0x6000a364       0x10 ./drivers/fsl_sai.o
                0x6000a364                SAI_RxGetDefaultConfig
 .text.SAI_TxEnable
                0x6000a374       0x58 ./drivers/fsl_sai.o
                0x6000a374                SAI_TxEnable
 .text.SAI_RxEnable
                0x6000a3cc       0x60 ./drivers/fsl_sai.o
                0x6000a3cc                SAI_RxEnable
 .text.SAI_TxSetFormat
                0x6000a42c       0xe4 ./drivers/fsl_sai.o
                0x6000a42c                SAI_TxSetFormat
 .text.SAI_RxSetFormat
                0x6000a510      0x110 ./drivers/fsl_sai.o
                0x6000a510                SAI_RxSetFormat
 .text.SystemInit
                0x6000a620      0x130 ./device/system_MIMXRT1011.o
                0x6000a620                SystemInit
 .text.HAL_UartSendBlocking
                0x6000a750       0x3c ./component/uart/lpuart_adapter.o
                0x6000a750                HAL_UartSendBlocking
 .text.SerialManager_WriteBlocking
                0x6000a78c       0x4c ./component/serial_manager/serial_manager.o
                0x6000a78c                SerialManager_WriteBlocking
 .text.Serial_UartWrite
                0x6000a7d8       0x30 ./component/serial_manager/serial_port_uart.o
                0x6000a7d8                Serial_UartWrite
 .text.CODEC_I2C_WriteReg
                0x6000a808       0x5c ./codec/fsl_codec_common.o
                0x6000a808                CODEC_I2C_WriteReg
 .text.CODEC_Init
                0x6000a864       0x24 ./codec/fsl_codec_common.o
                0x6000a864                CODEC_Init
 .text.WM8960_Deinit
                0x6000a888      0x214 ./codec/fsl_wm8960.o
                0x6000a888                WM8960_Deinit
 .text.WM8960_SetDataRoute
                0x6000aa9c      0x41c ./codec/fsl_wm8960.o
                0x6000aa9c                WM8960_SetDataRoute
 .text.WM8960_SetLeftInput
                0x6000aeb8      0x1b0 ./codec/fsl_wm8960.o
                0x6000aeb8                WM8960_SetLeftInput
 .text.WM8960_SetRightInput
                0x6000b068      0x1b0 ./codec/fsl_wm8960.o
                0x6000b068                WM8960_SetRightInput
 .text.WM8960_SetProtocol
                0x6000b218      0x144 ./codec/fsl_wm8960.o
                0x6000b218                WM8960_SetProtocol
 .text.WM8960_Init
                0x6000b35c      0x484 ./codec/fsl_wm8960.o
                0x6000b35c                WM8960_Init
 .text.WM8960_ConfigDataFormat
                0x6000b7e0      0x218 ./codec/fsl_wm8960.o
                0x6000b7e0                WM8960_ConfigDataFormat
 .text.BOARD_Codec_I2C_Send
                0x6000b9f8       0x2c ./board/board.o
                0x6000b9f8                BOARD_Codec_I2C_Send
 .text.BOARD_Codec_I2C_Receive
                0x6000ba24       0x30 ./board/board.o
                0x6000ba24                BOARD_Codec_I2C_Receive
 .text.BOARD_DebugConsoleSrcFreq
                0x6000ba54       0x64 ./board/board.o
                0x6000ba54                BOARD_DebugConsoleSrcFreq
 .text.BOARD_ConfigMPU
                0x6000bab8      0x234 ./board/board.o
                0x6000bab8                BOARD_ConfigMPU
 .text.BOARD_Codec_I2C_Init
                0x6000bcec       0x34 ./board/board.o
                0x6000bcec                BOARD_Codec_I2C_Init
 .text.SystemInitHook
                0x6000bd20       0x10 ./board/board.o
                0x6000bd20                SystemInitHook
 .text.BOARD_BootClockRUN
                0x6000bd30      0x35c ./board/clock_config.o
                0x6000bd30                BOARD_BootClockRUN
 .text.BOARD_InitPins
                0x6000c08c       0x84 ./board/pin_mux.o
                0x6000c08c                BOARD_InitPins
 .text.__assertion_failed
                0x6000c110       0x4c C:/NXP/MCUXpressoIDE_11.10.0_3148/ide/plugins/com.nxp.mcuxpresso.tools.win32_11.10.0.202311280810/tools/bin/../lib/gcc/arm-none-eabi/13.2.1/../../../../arm-none-eabi/lib/thumb/v7e-m+fp/hard\libcr_nohost_nf.a(_cr_assert.o)
                0x6000c110                __assertion_failed
 .text._Cwritebuf
                0x6000c15c       0x6c C:/NXP/MCUXpressoIDE_11.10.0_3148/ide/plugins/com.nxp.mcuxpresso.tools.win32_11.10.0.202311280810/tools/bin/../lib/gcc/arm-none-eabi/13.2.1/../../../../arm-none-eabi/lib/thumb/v7e-m+fp/hard\libcr_c.a(_writebuf.o)
                0x6000c15c                _Cwritebuf
 .text.malloc   0x6000c1c8       0xc8 C:/NXP/MCUXpressoIDE_11.10.0_3148/ide/plugins/com.nxp.mcuxpresso.tools.win32_11.10.0.202311280810/tools/bin/../lib/gcc/arm-none-eabi/13.2.1/../../../../arm-none-eabi/lib/thumb/v7e-m+fp/hard\libcr_c.a(alloc.o)
                0x6000c1c8                malloc
 .text._Csys_alloc
                0x6000c290       0x20 C:/NXP/MCUXpressoIDE_11.10.0_3148/ide/plugins/com.nxp.mcuxpresso.tools.win32_11.10.0.202311280810/tools/bin/../lib/gcc/arm-none-eabi/13.2.1/../../../../arm-none-eabi/lib/thumb/v7e-m+fp/hard\libcr_c.a(alloc.o)
                0x6000c290                _Csys_alloc
 .text.fseek    0x6000c2b0       0xf8 C:/NXP/MCUXpressoIDE_11.10.0_3148/ide/plugins/com.nxp.mcuxpresso.tools.win32_11.10.0.202311280810/tools/bin/../lib/gcc/arm-none-eabi/13.2.1/../../../../arm-none-eabi/lib/thumb/v7e-m+fp/hard\libcr_c.a(fseek.o)
                0x6000c2b0                fseek
 .text.ftell    0x6000c3a8       0x44 C:/NXP/MCUXpressoIDE_11.10.0_3148/ide/plugins/com.nxp.mcuxpresso.tools.win32_11.10.0.202311280810/tools/bin/../lib/gcc/arm-none-eabi/13.2.1/../../../../arm-none-eabi/lib/thumb/v7e-m+fp/hard\libcr_c.a(ftell.o)
                0x6000c3a8                ftell
 .text._initio  0x6000c3ec       0x78 C:/NXP/MCUXpressoIDE_11.10.0_3148/ide/plugins/com.nxp.mcuxpresso.tools.win32_11.10.0.202311280810/tools/bin/../lib/gcc/arm-none-eabi/13.2.1/../../../../arm-none-eabi/lib/thumb/v7e-m+fp/hard\libcr_c.a(initio.o)
                0x6000c3ec                _initio
 .text._sbrk    0x6000c464       0x3c C:/NXP/MCUXpressoIDE_11.10.0_3148/ide/plugins/com.nxp.mcuxpresso.tools.win32_11.10.0.202311280810/tools/bin/../lib/gcc/arm-none-eabi/13.2.1/../../../../arm-none-eabi/lib/thumb/v7e-m+fp/hard\libcr_c.a(_cr_sbrk.o)
                0x6000c464                _sbrk
 .text.fflush   0x6000c4a0       0x3c C:/NXP/MCUXpressoIDE_11.10.0_3148/ide/plugins/com.nxp.mcuxpresso.tools.win32_11.10.0.202311280810/tools/bin/../lib/gcc/arm-none-eabi/13.2.1/../../../../arm-none-eabi/lib/thumb/v7e-m+fp/hard\libcr_c.a(fflush.o)
                0x6000c4a0                fflush
 .text.__check_heap_overflow
                0x6000c4dc       0x18 C:/NXP/MCUXpressoIDE_11.10.0_3148/ide/plugins/com.nxp.mcuxpresso.tools.win32_11.10.0.202311280810/tools/bin/../lib/gcc/arm-none-eabi/13.2.1/../../../../arm-none-eabi/lib/thumb/v7e-m+fp/hard\libcr_c.a(_cr_check_heap.o)
                0x6000c4dc                __check_heap_overflow
 .text.__main   0x6000c4f4        0xe C:/NXP/MCUXpressoIDE_11.10.0_3148/ide/plugins/com.nxp.mcuxpresso.tools.win32_11.10.0.202311280810/tools/bin/../lib/gcc/arm-none-eabi/13.2.1/../../../../arm-none-eabi/lib/thumb/v7e-m+fp/hard\libcr_nohost_nf.a(_cr__main.o)
                0x6000c4f4                __main
 .text.__sys_appexit
                0x6000c502        0x2 C:/NXP/MCUXpressoIDE_11.10.0_3148/ide/plugins/com.nxp.mcuxpresso.tools.win32_11.10.0.202311280810/tools/bin/../lib/gcc/arm-none-eabi/13.2.1/../../../../arm-none-eabi/lib/thumb/v7e-m+fp/hard\libcr_nohost_nf.a(__sys_appexit.o)
                0x6000c502                __sys_appexit
                0x6000c502                __exit
 .text.memcpy   0x6000c504        0x4 C:/NXP/MCUXpressoIDE_11.10.0_3148/ide/plugins/com.nxp.mcuxpresso.tools.win32_11.10.0.202311280810/tools/bin/../lib/gcc/arm-none-eabi/13.2.1/../../../../arm-none-eabi/lib/thumb/v7e-m+fp/hard\libcr_c.a(memcpy.o)
                0x6000c504                memcpy
 .text.memset   0x6000c508        0x4 C:/NXP/MCUXpressoIDE_11.10.0_3148/ide/plugins/com.nxp.mcuxpresso.tools.win32_11.10.0.202311280810/tools/bin/../lib/gcc/arm-none-eabi/13.2.1/../../../../arm-none-eabi/lib/thumb/v7e-m+fp/hard\libcr_c.a(memset.o)
                0x6000c508                memset
 .text._deferredlazyseek
                0x6000c50c       0x40 C:/NXP/MCUXpressoIDE_11.10.0_3148/ide/plugins/com.nxp.mcuxpresso.tools.win32_11.10.0.202311280810/tools/bin/../lib/gcc/arm-none-eabi/13.2.1/../../../../arm-none-eabi/lib/thumb/v7e-m+fp/hard\libcr_c.a(_deferredlazyseek.o)
                0x6000c50c                _deferredlazyseek
 .text.__flsbuf
                0x6000c54c      0x126 C:/NXP/MCUXpressoIDE_11.10.0_3148/ide/plugins/com.nxp.mcuxpresso.tools.win32_11.10.0.202311280810/tools/bin/../lib/gcc/arm-none-eabi/13.2.1/../../../../arm-none-eabi/lib/thumb/v7e-m+fp/hard\libcr_c.a(_deferredlazyseek.o)
                0x6000c54c                __flsbuf
 .text._fflush  0x6000c672       0x52 C:/NXP/MCUXpressoIDE_11.10.0_3148/ide/plugins/com.nxp.mcuxpresso.tools.win32_11.10.0.202311280810/tools/bin/../lib/gcc/arm-none-eabi/13.2.1/../../../../arm-none-eabi/lib/thumb/v7e-m+fp/hard\libcr_c.a(_fflush.o)
                0x6000c672                _fflush
 .text.free     0x6000c6c4       0x30 C:/NXP/MCUXpressoIDE_11.10.0_3148/ide/plugins/com.nxp.mcuxpresso.tools.win32_11.10.0.202311280810/tools/bin/../lib/gcc/arm-none-eabi/13.2.1/../../../../arm-none-eabi/lib/thumb/v7e-m+fp/hard\libcr_c.a(alloc.o)
                0x6000c6c4                free
 .text.fputs    0x6000c6f4       0x2c C:/NXP/MCUXpressoIDE_11.10.0_3148/ide/plugins/com.nxp.mcuxpresso.tools.win32_11.10.0.202311280810/tools/bin/../lib/gcc/arm-none-eabi/13.2.1/../../../../arm-none-eabi/lib/thumb/v7e-m+fp/hard\libcr_c.a(fputs.o)
                0x6000c6f4                fputs
 .text.setvbuf  0x6000c720       0x3e C:/NXP/MCUXpressoIDE_11.10.0_3148/ide/plugins/com.nxp.mcuxpresso.tools.win32_11.10.0.202311280810/tools/bin/../lib/gcc/arm-none-eabi/13.2.1/../../../../arm-none-eabi/lib/thumb/v7e-m+fp/hard\libcr_c.a(setvbuf.o)
                0x6000c720                setvbuf
 .text.strlen   0x6000c75e       0x4e C:/NXP/MCUXpressoIDE_11.10.0_3148/ide/plugins/com.nxp.mcuxpresso.tools.win32_11.10.0.202311280810/tools/bin/../lib/gcc/arm-none-eabi/13.2.1/../../../../arm-none-eabi/lib/thumb/v7e-m+fp/hard\libcr_c.a(strlen.o)
                0x6000c75e                strlen
 .text._fdopen  0x6000c7ac       0x68 C:/NXP/MCUXpressoIDE_11.10.0_3148/ide/plugins/com.nxp.mcuxpresso.tools.win32_11.10.0.202311280810/tools/bin/../lib/gcc/arm-none-eabi/13.2.1/../../../../arm-none-eabi/lib/thumb/v7e-m+fp/hard\libcr_c.a(_fdopen.o)
                0x6000c7ac                _fdopen
 .text.fclose   0x6000c814       0x58 C:/NXP/MCUXpressoIDE_11.10.0_3148/ide/plugins/com.nxp.mcuxpresso.tools.win32_11.10.0.202311280810/tools/bin/../lib/gcc/arm-none-eabi/13.2.1/../../../../arm-none-eabi/lib/thumb/v7e-m+fp/hard\libcr_c.a(fclose.o)
                0x6000c814                fclose
 .text.remove   0x6000c86c       0x14 C:/NXP/MCUXpressoIDE_11.10.0_3148/ide/plugins/com.nxp.mcuxpresso.tools.win32_11.10.0.202311280810/tools/bin/../lib/gcc/arm-none-eabi/13.2.1/../../../../arm-none-eabi/lib/thumb/v7e-m+fp/hard\libcr_c.a(remove.o)
                0x6000c86c                remove
 .text._do_fflush
                0x6000c880       0x40 C:/NXP/MCUXpressoIDE_11.10.0_3148/ide/plugins/com.nxp.mcuxpresso.tools.win32_11.10.0.202311280810/tools/bin/../lib/gcc/arm-none-eabi/13.2.1/../../../../arm-none-eabi/lib/thumb/v7e-m+fp/hard\libcr_c.a(_do_fflush.o)
                0x6000c880                _do_fflush
 .text.__aeabi_division_uldivmod
                0x6000c8c0      0x174 C:/NXP/MCUXpressoIDE_11.10.0_3148/ide/plugins/com.nxp.mcuxpresso.tools.win32_11.10.0.202311280810/tools/bin/../lib/gcc/arm-none-eabi/13.2.1/thumb/v7e-m+fp/hard\libcr_eabihelpers.a(division_64.o)
                0x6000c8c0                __aeabi_uldivmod
                0x6000c8c4                __bhs_ldivmod1
 .text.__aeabi_division_idiv0
                0x6000ca34        0x2 C:/NXP/MCUXpressoIDE_11.10.0_3148/ide/plugins/com.nxp.mcuxpresso.tools.win32_11.10.0.202311280810/tools/bin/../lib/gcc/arm-none-eabi/13.2.1/thumb/v7e-m+fp/hard\libcr_eabihelpers.a(division_idiv0.o)
                0x6000ca34                __aeabi_idiv0
 .text.__aeabi_memcpy
                0x6000ca36       0x34 C:/NXP/MCUXpressoIDE_11.10.0_3148/ide/plugins/com.nxp.mcuxpresso.tools.win32_11.10.0.202311280810/tools/bin/../lib/gcc/arm-none-eabi/13.2.1/thumb/v7e-m+fp/hard\libcr_eabihelpers.a(memcpy.o)
                0x6000ca36                __aeabi_memcpy
                0x6000ca40                __aeabi_memcpy8
                0x6000ca40                __aeabi_memcpy4
 .text.__aeabi_memset_lowlevel
                0x6000ca6a       0x32 C:/NXP/MCUXpressoIDE_11.10.0_3148/ide/plugins/com.nxp.mcuxpresso.tools.win32_11.10.0.202311280810/tools/bin/../lib/gcc/arm-none-eabi/13.2.1/thumb/v7e-m+fp/hard\libcr_eabihelpers.a(memcpy.o)
                0x6000ca6a                __aeabi_lowlevel_memset
 .text.__sys_close
                0x6000ca9c        0x6 C:/NXP/MCUXpressoIDE_11.10.0_3148/ide/plugins/com.nxp.mcuxpresso.tools.win32_11.10.0.202311280810/tools/bin/../lib/gcc/arm-none-eabi/13.2.1/../../../../arm-none-eabi/lib/thumb/v7e-m+fp/hard\libcr_nohost_nf.a(__sys_close.o)
                0x6000ca9c                __sys_close
 .text.__sys_flen
                0x6000caa2        0x6 C:/NXP/MCUXpressoIDE_11.10.0_3148/ide/plugins/com.nxp.mcuxpresso.tools.win32_11.10.0.202311280810/tools/bin/../lib/gcc/arm-none-eabi/13.2.1/../../../../arm-none-eabi/lib/thumb/v7e-m+fp/hard\libcr_nohost_nf.a(__sys_flen.o)
                0x6000caa2                __sys_flen
 .text.__sys_istty
                0x6000caa8        0x6 C:/NXP/MCUXpressoIDE_11.10.0_3148/ide/plugins/com.nxp.mcuxpresso.tools.win32_11.10.0.202311280810/tools/bin/../lib/gcc/arm-none-eabi/13.2.1/../../../../arm-none-eabi/lib/thumb/v7e-m+fp/hard\libcr_nohost_nf.a(__sys_istty.o)
                0x6000caa8                __sys_istty
 .text.__sys_remove
                0x6000caae        0x6 C:/NXP/MCUXpressoIDE_11.10.0_3148/ide/plugins/com.nxp.mcuxpresso.tools.win32_11.10.0.202311280810/tools/bin/../lib/gcc/arm-none-eabi/13.2.1/../../../../arm-none-eabi/lib/thumb/v7e-m+fp/hard\libcr_nohost_nf.a(__sys_remove.o)
                0x6000caae                __sys_remove
 .text.__sys_seek
                0x6000cab4        0x6 C:/NXP/MCUXpressoIDE_11.10.0_3148/ide/plugins/com.nxp.mcuxpresso.tools.win32_11.10.0.202311280810/tools/bin/../lib/gcc/arm-none-eabi/13.2.1/../../../../arm-none-eabi/lib/thumb/v7e-m+fp/hard\libcr_nohost_nf.a(__sys_seek.o)
                0x6000cab4                __sys_seek
 .text.__sys_tmpnam
                0x6000caba        0x6 C:/NXP/MCUXpressoIDE_11.10.0_3148/ide/plugins/com.nxp.mcuxpresso.tools.win32_11.10.0.202311280810/tools/bin/../lib/gcc/arm-none-eabi/13.2.1/../../../../arm-none-eabi/lib/thumb/v7e-m+fp/hard\libcr_nohost_nf.a(__sys_tmpnam.o)
                0x6000caba                __sys_tmpnam
 .text.__sys_write
                0x6000cac0        0x4 C:/NXP/MCUXpressoIDE_11.10.0_3148/ide/plugins/com.nxp.mcuxpresso.tools.win32_11.10.0.202311280810/tools/bin/../lib/gcc/arm-none-eabi/13.2.1/../../../../arm-none-eabi/lib/thumb/v7e-m+fp/hard\libcr_nohost_nf.a(__sys_write.o)
                0x6000cac0                __sys_write
 *(SORT_BY_ALIGNMENT(.rodata) SORT_BY_ALIGNMENT(.rodata.*) SORT_BY_ALIGNMENT(.constdata) SORT_BY_ALIGNMENT(.constdata.*))
 .rodata.DbgConsole_PrintCallback.str1.4
                0x6000cac4      0x5f9 ./utilities/fsl_debug_console.o
                                 0x25 (size before relaxing)
 .rodata.DbgConsole_SendDataReliable.str1.4
                0x6000d0bd       0x24 ./utilities/fsl_debug_console.o
 *fill*         0x6000d0bd        0x3 ff
 .rodata.s_UsbDeviceStandardRequest
                0x6000d0c0       0x34 ./usb/device/source/usb_device_ch9.o
 .rodata.s_UsbDeviceEhciInterface
                0x6000d0f4       0x18 ./usb/device/source/usb_device_dci.o
 .rodata.tbl.0  0x6000d10c        0xc ./source/oscillator/oscillator.o
 .rodata.tbl.1  0x6000d118        0xc ./source/oscillator/oscillator.o
 .rodata.decaytbl
                0x6000d124      0x194 ./source/oscillator/oscillatorProcess.o
 .rodata.USB_AudioCodecTask.str1.4
                0x6000d2b8       0x2a ./source/audio_player.o
 .rodata.CSWTCH.356
                0x6000d2b8       0x10 ./source/audio_player.o
 .rodata.audioPllConfig
                0x6000d2c8       0x10 ./source/audio_player.o
                0x6000d2c8                audioPllConfig
 .rodata        0x6000d2d8        0x3 ./source/audio_player.o
 .rodata.APPInit.str1.4
                0x6000d2db       0x44 ./source/composite.o
 *fill*         0x6000d2db        0x1 ff
 .rodata.usbMidiDecodeInfo
                0x6000d2dc       0x20 ./source/midi_player.o
 .rodata.globalbuf_ini
                0x6000d2fc       0x18 ./source/param.o
                0x6000d2fc                globalbuf_ini
 .rodata.CLOCK_InitExternalClk.str1.4
                0x6000d314       0x21 ./drivers/fsl_clock.o
 .rodata.EDMA_HandleIRQ.str1.4
                0x6000d314       0x21 ./drivers/fsl_edma.o
 .rodata.LPI2C_GetInstance.str1.4
                0x6000d314       0x18 ./drivers/fsl_lpi2c.o
 .rodata.LPI2C_MasterInit.str1.4
                0x6000d314       0x69 ./drivers/fsl_lpi2c.o
 .rodata.LPI2C_MasterReceive.str1.4
                0x6000d314       0x21 ./drivers/fsl_lpi2c.o
 .rodata.LPI2C_MasterSend.str1.4
                0x6000d314       0x21 ./drivers/fsl_lpi2c.o
 .rodata.LPI2C_MasterTransferBlocking.str1.4
                0x6000d314       0x6f ./drivers/fsl_lpi2c.o
 .rodata.LPUART_GetInstance.str1.4
                0x6000d314       0x38 ./drivers/fsl_lpuart.o
 .rodata.LPUART_Init.str1.4
                0x6000d314      0x129 ./drivers/fsl_lpuart.o
 .rodata.LPUART_GetDefaultConfig.str1.4
                0x6000d314       0x22 ./drivers/fsl_lpuart.o
 .rodata.LPUART_WriteBlocking.str1.4
                0x6000d314       0x20 ./drivers/fsl_lpuart.o
 .rodata.PIT_Init.str1.4
                0x6000d314       0x49 ./drivers/fsl_pit.o
 .rodata.SAI_TxInit.str1.4
                0x6000d314       0x51 ./drivers/fsl_sai.o
 .rodata.HAL_UartSendBlocking.str1.4
                0x6000d314       0x5a ./component/uart/lpuart_adapter.o
 .rodata.s_LpuartAdapterBase
                0x6000d314       0x14 ./component/uart/lpuart_adapter.o
 .rodata.SerialManager_WriteBlocking.str1.4
                0x6000d328       0x82 ./component/serial_manager/serial_manager.o
 .rodata.Serial_UartWrite.str1.4
                0x6000d328       0x68 ./component/serial_manager/serial_port_uart.o
 .rodata.wm8960_reg
                0x6000d328       0x70 ./codec/fsl_wm8960.o
 .rodata.BOARD_ConfigMPU.str1.4
                0x6000d398       0x69 ./board/board.o
 .rodata.enetPllConfig_BOARD_BootClockRUN
                0x6000d398        0x5 ./board/clock_config.o
                0x6000d398                enetPllConfig_BOARD_BootClockRUN
 *fill*         0x6000d39d        0x3 ff
 .rodata.sysPllConfig_BOARD_BootClockRUN
                0x6000d3a0       0x14 ./board/clock_config.o
                0x6000d3a0                sysPllConfig_BOARD_BootClockRUN
 .rodata.__num_Ciob_streams
                0x6000d3b4        0x4 C:/NXP/MCUXpressoIDE_11.10.0_3148/ide/plugins/com.nxp.mcuxpresso.tools.win32_11.10.0.202311280810/tools/bin/../lib/gcc/arm-none-eabi/13.2.1/../../../../arm-none-eabi/lib/thumb/v7e-m+fp/hard\libcr_nohost_nf.a(__ciob.o)
                0x6000d3b4                __num_Ciob_streams
 .rodata.__assertion_failed.str1.1
                0x6000d3b8       0x31 C:/NXP/MCUXpressoIDE_11.10.0_3148/ide/plugins/com.nxp.mcuxpresso.tools.win32_11.10.0.202311280810/tools/bin/../lib/gcc/arm-none-eabi/13.2.1/../../../../arm-none-eabi/lib/thumb/v7e-m+fp/hard\libcr_nohost_nf.a(_cr_assert.o)
                                 0x15 (size before relaxing)
 .rodata._Csys_alloc.str1.1
                0x6000d3e9       0x18 C:/NXP/MCUXpressoIDE_11.10.0_3148/ide/plugins/com.nxp.mcuxpresso.tools.win32_11.10.0.202311280810/tools/bin/../lib/gcc/arm-none-eabi/13.2.1/../../../../arm-none-eabi/lib/thumb/v7e-m+fp/hard\libcr_c.a(alloc.o)
 .rodata._initio.str1.1
                0x6000d3e9        0x4 C:/NXP/MCUXpressoIDE_11.10.0_3148/ide/plugins/com.nxp.mcuxpresso.tools.win32_11.10.0.202311280810/tools/bin/../lib/gcc/arm-none-eabi/13.2.1/../../../../arm-none-eabi/lib/thumb/v7e-m+fp/hard\libcr_c.a(initio.o)
                0x6000d404                        . = ALIGN (0x4)
 *fill*         0x6000d3e9        0x3 ff

.glue_7         0x6000d3ec        0x0
 .glue_7        0x6000d3ec        0x0 linker stubs

.glue_7t        0x6000d3ec        0x0
 .glue_7t       0x6000d3ec        0x0 linker stubs

.vfp11_veneer   0x6000d3ec        0x0
 .vfp11_veneer  0x6000d3ec        0x0 linker stubs

.v4_bx          0x6000d3ec        0x0
 .v4_bx         0x6000d3ec        0x0 linker stubs

.iplt           0x6000d3ec        0x0
 .iplt          0x6000d3ec        0x0 ./xip/fsl_flexspi_nor_boot.o

.rel.dyn        0x6000d3ec        0x0
 .rel.iplt      0x6000d3ec        0x0 ./xip/fsl_flexspi_nor_boot.o

.ARM.extab
 *(SORT_BY_ALIGNMENT(.ARM.extab*) SORT_BY_ALIGNMENT(.gnu.linkonce.armextab.*))

.ARM.exidx      0x6000d3ec        0x0
                0x6000d3ec                        __exidx_start = .
 *(SORT_BY_ALIGNMENT(.ARM.exidx*) SORT_BY_ALIGNMENT(.gnu.linkonce.armexidx.*))
                0x6000d3ec                        __exidx_end = .
                0x6000d3ec                        _etext = .

.data_RAM2      0x00000000        0x0 load address 0x6000d3ec
 FILL mask 0xff
                [!provide]                        PROVIDE (__start_data_RAM2 = .)
                [!provide]                        PROVIDE (__start_data_SRAM_ITC = .)
 *(SORT_BY_ALIGNMENT(.ramfunc.$RAM2))
 *(SORT_BY_ALIGNMENT(.ramfunc.$SRAM_ITC))
 *(SORT_BY_ALIGNMENT(.data.$RAM2))
 *(SORT_BY_ALIGNMENT(.data.$SRAM_ITC))
 *(SORT_BY_ALIGNMENT(.data.$RAM2.*))
 *(SORT_BY_ALIGNMENT(.data.$SRAM_ITC.*))
                0x00000000                        . = ALIGN (0x4)
                [!provide]                        PROVIDE (__end_data_RAM2 = .)
                [!provide]                        PROVIDE (__end_data_SRAM_ITC = .)

.data_RAM3      0x20000000      0x230 load address 0x6000d3ec
 FILL mask 0xff
                [!provide]                        PROVIDE (__start_data_RAM3 = .)
                [!provide]                        PROVIDE (__start_data_SRAM_DTC = .)
 *(SORT_BY_ALIGNMENT(.ramfunc.$RAM3))
 *(SORT_BY_ALIGNMENT(.ramfunc.$SRAM_DTC))
 *(SORT_BY_ALIGNMENT(NonCacheable.init))
 NonCacheable.init
                0x20000000      0x22e ./source/usb_device_descriptor.o
                0x20000000                g_UsbDeviceString5
                0x20000034                g_UsbDeviceString4
                0x2000006c                g_UsbDeviceString3
                0x200000a8                g_UsbDeviceString2
                0x200000c8                g_UsbDeviceString1
                0x200000dc                g_UsbDeviceString0
                0x200000e0                g_UsbDeviceOtherSpeedConfigurationDescriptor
                0x200000ec                g_UsbDeviceQualifierDescriptor
                0x200000f8                g_UsbDeviceConfigurationDescriptor
                0x2000021c                g_UsbDeviceDescriptor
 *(SORT_BY_ALIGNMENT(.data.$RAM3))
 *(SORT_BY_ALIGNMENT(.data.$SRAM_DTC))
 *(SORT_BY_ALIGNMENT(.data.$RAM3.*))
 *(SORT_BY_ALIGNMENT(.data.$SRAM_DTC.*))
                0x20000230                        . = ALIGN (0x4)
 *fill*         0x2000022e        0x2 ff
                [!provide]                        PROVIDE (__end_data_RAM3 = .)
                [!provide]                        PROVIDE (__end_data_SRAM_DTC = .)

.data_RAM4      0x20210000        0x0 load address 0x6000d61c
 FILL mask 0xff
                [!provide]                        PROVIDE (__start_data_RAM4 = .)
                [!provide]                        PROVIDE (__start_data_NCACHE_REGION = .)
 *(SORT_BY_ALIGNMENT(.ramfunc.$RAM4))
 *(SORT_BY_ALIGNMENT(.ramfunc.$NCACHE_REGION))
 *(SORT_BY_ALIGNMENT(.data.$RAM4))
 *(SORT_BY_ALIGNMENT(.data.$NCACHE_REGION))
 *(SORT_BY_ALIGNMENT(.data.$RAM4.*))
 *(SORT_BY_ALIGNMENT(.data.$NCACHE_REGION.*))
                0x20210000                        . = ALIGN (0x4)
                [!provide]                        PROVIDE (__end_data_RAM4 = .)
                [!provide]                        PROVIDE (__end_data_NCACHE_REGION = .)

.uninit_RESERVED
                0x20200000        0x0
                0x20200000                        _start_uninit_RESERVED = .
 *(SORT_BY_ALIGNMENT(.bss.$RESERVED*))
                0x20200000                        . = ALIGN (0x4)
                0x20200000                        _end_uninit_RESERVED = .

.data           0x20200000      0x220 load address 0x6000d61c
 FILL mask 0xff
                0x20200000                        _data = .
                [!provide]                        PROVIDE (__start_data_RAM = .)
                [!provide]                        PROVIDE (__start_data_SRAM_OC = .)
 *(SORT_BY_ALIGNMENT(vtable))
 *(SORT_BY_ALIGNMENT(.ramfunc*))
 *(SORT_BY_ALIGNMENT(CodeQuickAccess))
 *(SORT_BY_ALIGNMENT(DataQuickAccess))
 *(SORT_BY_ALIGNMENT(RamFunction))
 *(SORT_BY_ALIGNMENT(.data*))
 .data.test_sin_tone
                0x20200000       0xc8 ./source/audio_task/audio_task.o
                0x20200000                test_sin_tone
 .data.ppfWork  0x202000c8        0x8 ./source/audio_task/audio_task.o
 .data.g_UsbDeviceCompositeConfigList
                0x202000d0        0xc ./source/composite.o
 .data.g_CompositeClassConfig
                0x202000dc       0x18 ./source/composite.o
 .data.g_UsbDeviceLanguageList
                0x202000f4       0x10 ./source/usb_device_descriptor.o
                0x202000f4                g_UsbDeviceLanguageList
 .data.g_UsbDeviceLanguage
                0x20200104        0xc ./source/usb_device_descriptor.o
                0x20200104                g_UsbDeviceLanguage
 .data.g_UsbDeviceStringDescriptorArray
                0x20200110       0x18 ./source/usb_device_descriptor.o
                0x20200110                g_UsbDeviceStringDescriptorArray
 .data.g_UsbDeviceStringDescriptorLength
                0x20200128       0x18 ./source/usb_device_descriptor.o
                0x20200128                g_UsbDeviceStringDescriptorLength
 .data.g_UsbDeviceMidiClass
                0x20200140        0x8 ./source/usb_device_descriptor.o
                0x20200140                g_UsbDeviceMidiClass
 .data.g_UsbDeviceMidinterfaceList
                0x20200148        0x8 ./source/usb_device_descriptor.o
                0x20200148                g_UsbDeviceMidinterfaceList
 .data.g_MidiInterfaces
                0x20200150       0x18 ./source/usb_device_descriptor.o
                0x20200150                g_MidiInterfaces
 .data.g_UsbDeviceMidiStreamInterface
                0x20200168       0x10 ./source/usb_device_descriptor.o
                0x20200168                g_UsbDeviceMidiStreamInterface
 .data.g_UsbDeviceMidiEndpoints
                0x20200178        0x8 ./source/usb_device_descriptor.o
                0x20200178                g_UsbDeviceMidiEndpoints
 .data.g_UsbDeviceAudioClass
                0x20200180        0x8 ./source/usb_device_descriptor.o
                0x20200180                g_UsbDeviceAudioClass
 .data.g_UsbDeviceAudioInterfaceList
                0x20200188        0x8 ./source/usb_device_descriptor.o
                0x20200188                g_UsbDeviceAudioInterfaceList
 .data.g_UsbDeviceAudioInterfaces
                0x20200190       0x24 ./source/usb_device_descriptor.o
                0x20200190                g_UsbDeviceAudioInterfaces
 .data.g_UsbDeviceAudioInStreamInterface
                0x202001b4       0x20 ./source/usb_device_descriptor.o
                0x202001b4                g_UsbDeviceAudioInStreamInterface
 .data.g_UsbDeviceAudioStreamInterface
                0x202001d4       0x20 ./source/usb_device_descriptor.o
                0x202001d4                g_UsbDeviceAudioStreamInterface
 .data.g_UsbDeviceAudioRecorderEndpoints
                0x202001f4        0x4 ./source/usb_device_descriptor.o
                0x202001f4                g_UsbDeviceAudioRecorderEndpoints
 .data.g_UsbDeviceAudioSpeakerEndpoints
                0x202001f8        0x8 ./source/usb_device_descriptor.o
                0x202001f8                g_UsbDeviceAudioSpeakerEndpoints
 .data.SystemCoreClock
                0x20200200        0x4 ./device/system_MIMXRT1011.o
                0x20200200                SystemCoreClock
 .data.boardCodecConfig
                0x20200204       0x18 ./board/board.o
                0x20200204                boardCodecConfig
 .data.startCheckAttachedStatus
                0x2020021c        0x1 ./usb/device/source/ehci/usb_device_ehci.o
                0x20200220                        . = ALIGN (0x4)
 *fill*         0x2020021d        0x3 ff
                0x20200220                        _edata = .
                [!provide]                        PROVIDE (__end_data_RAM = .)
                [!provide]                        PROVIDE (__end_data_SRAM_OC = .)

.igot.plt       0x20200220        0x0 load address 0x6000d83c
 .igot.plt      0x20200220        0x0 ./xip/fsl_flexspi_nor_boot.o

.bss_RAM2       0x00000000        0x0
                [!provide]                        PROVIDE (__start_bss_RAM2 = .)
                [!provide]                        PROVIDE (__start_bss_SRAM_ITC = .)
 *(SORT_BY_ALIGNMENT(.bss.$RAM2))
 *(SORT_BY_ALIGNMENT(.bss.$SRAM_ITC))
 *(SORT_BY_ALIGNMENT(.bss.$RAM2.*))
 *(SORT_BY_ALIGNMENT(.bss.$SRAM_ITC.*))
                0x00000000                        . = ALIGN ((. != 0x0)?0x4:0x1)
                [!provide]                        PROVIDE (__end_bss_RAM2 = .)
                [!provide]                        PROVIDE (__end_bss_SRAM_ITC = .)

.bss_RAM3       0x20000800     0x3120
                [!provide]                        PROVIDE (__start_bss_RAM3 = .)
                [!provide]                        PROVIDE (__start_bss_SRAM_DTC = .)
 *(SORT_BY_ALIGNMENT(NonCacheable))
 NonCacheable   0x20000800      0xa00 ./usb/device/source/ehci/usb_device_ehci.o
 NonCacheable   0x20001200       0x70 ./usb/device/source/usb_device_dci.o
 NonCacheable   0x20001270       0x14 ./usb/device/class/midi/usb_device_midi.o
 NonCacheable   0x20001284       0x18 ./usb/device/class/audio/usb_device_audio.o
 NonCacheable   0x2000129c       0x18 ./usb/device/class/usb_device_class.o
 NonCacheable   0x200012b4     0x1a6c ./source/audio_player.o
                0x200012b4                audioRecDataBuf4
                0x200013c4                audioRecDataBuf3
                0x200014d4                audioRecDataBuf2
                0x200015e4                audioRecDataBuf1
                0x200016f4                audioRecDataBuff
                0x20001f64                audioFeedBackBuffer
                0x20001f68                audioPlayPacket
                0x20002078                audioPlayDataBuff
 NonCacheable   0x20002d20      0xc00 ./source/midi_player.o
                0x20002d20                g_midiFifoTxDataBuf
                0x20002f20                g_midiTxDataBuf
                0x20003720                g_midiRxDataBuf
 *(SORT_BY_ALIGNMENT(.bss.$RAM3))
 *(SORT_BY_ALIGNMENT(.bss.$SRAM_DTC))
 *(SORT_BY_ALIGNMENT(.bss.$RAM3.*))
 *(SORT_BY_ALIGNMENT(.bss.$SRAM_DTC.*))
                0x20003920                        . = ALIGN ((. != 0x0)?0x4:0x1)
                [!provide]                        PROVIDE (__end_bss_RAM3 = .)
                [!provide]                        PROVIDE (__end_bss_SRAM_DTC = .)

.bss_RAM4       0x20210000        0x0
                [!provide]                        PROVIDE (__start_bss_RAM4 = .)
                [!provide]                        PROVIDE (__start_bss_NCACHE_REGION = .)
 *(SORT_BY_ALIGNMENT(.bss.$RAM4))
 *(SORT_BY_ALIGNMENT(.bss.$NCACHE_REGION))
 *(SORT_BY_ALIGNMENT(.bss.$RAM4.*))
 *(SORT_BY_ALIGNMENT(.bss.$NCACHE_REGION.*))
                0x20210000                        . = ALIGN ((. != 0x0)?0x4:0x1)
                [!provide]                        PROVIDE (__end_bss_RAM4 = .)
                [!provide]                        PROVIDE (__end_bss_NCACHE_REGION = .)

.bss            0x20200220     0x1330
                0x20200220                        _bss = .
                [!provide]                        PROVIDE (__start_bss_RAM = .)
                [!provide]                        PROVIDE (__start_bss_SRAM_OC = .)
 *(SORT_BY_ALIGNMENT(.bss*))
 .bss.sampleData
                0x20200220       0x24 ./source/audio_task/audio_task.o
                0x20200220                sampleData
 *fill*         0x20200244        0x4 
 .bss.saiRxdata
                0x20200248        0x8 ./source/audio_player.o
                0x20200248                saiRxdata
 .bss.g_composite
                0x20200250       0xb4 ./source/composite.o
                0x20200250                g_composite
 .bss.g_serialHandle
                0x20200304        0x4 ./utilities/fsl_debug_console.o
                0x20200304                g_serialHandle
 .bss.s_debugConsoleState
                0x20200308       0x1c ./utilities/fsl_debug_console.o
 .bss.keep_USB_FRINDEX_reg
                0x20200324        0x4 ./usb/device/source/ehci/usb_device_ehci.o
 .bss.IntSofCount
                0x20200328        0x4 ./usb/device/source/ehci/usb_device_ehci.o
 .bss.g_UsbDeviceEhciSate
                0x2020032c       0x5c ./usb/device/source/ehci/usb_device_ehci.o
 .bss.osc       0x20200388      0x108 ./source/oscillator/oscillatorManager.o
 .bss.vcb       0x20200490      0x570 ./source/oscillator/oscillatorProcess.o
 .bss.pfWork    0x20200a00        0x8 ./source/audio_task/audio_task.o
 .bss.saidata   0x20200a08        0x8 ./source/audio_player.o
                0x20200a08                saidata
 .bss.feedback_rec_current_value
                0x20200a10        0x4 ./source/audio_player.o
 .bss.feedback_rec_value
                0x20200a14        0x4 ./source/audio_player.o
 .bss.history_index
                0x20200a18        0x4 ./source/audio_player.o
 .bss.feedback_history
                0x20200a1c       0x80 ./source/audio_player.o
 .bss.feedback_value
                0x20200a9c        0x4 ./source/audio_player.o
 .bss.output_samples_per_feedback_span
                0x20200aa0        0x4 ./source/audio_player.o
 .bss.LRClockCount
                0x20200aa4        0x4 ./source/audio_player.o
 .bss.beforeLRClockCount
                0x20200aa8        0x4 ./source/audio_player.o
 .bss.g_deviceComposite
                0x20200aac        0x4 ./source/audio_player.o
                0x20200aac                g_deviceComposite
 .bss.audioRecDataBufSize
                0x20200ab0        0x8 ./source/audio_player.o
                0x20200ab0                audioRecDataBufSize
 .bss.codecHandle
                0x20200ab8       0x18 ./source/audio_player.o
                0x20200ab8                codecHandle
 .bss.audioFormat
                0x20200ad0       0x14 ./source/audio_player.o
                0x20200ad0                audioFormat
 .bss.saiRxConfig
                0x20200ae4        0x5 ./source/audio_player.o
                0x20200ae4                saiRxConfig
 *fill*         0x20200ae9        0x3 
 .bss.saiTxConfig
                0x20200aec        0x5 ./source/audio_player.o
                0x20200aec                saiTxConfig
 *fill*         0x20200af1        0x3 
 .bss.UsbSysExMessageBuf
                0x20200af4      0x400 ./source/midi_if.o
 .bss.oneShortMessageBuf
                0x20200ef4        0x4 ./source/midi_if.o
 .bss.UsbSysExEventPacketBuf
                0x20200ef8       0x80 ./source/midi_if.o
 .bss.UsbShortEventPacketBuf
                0x20200f78       0x40 ./source/midi_if.o
 .bss.s_MidiIfTxBuff
                0x20200fb8      0x180 ./source/midi_if.o
 .bss.zeroData  0x20201138      0x200 ./source/midi_player.o
 .bss.cableStatus
                0x20201338       0x10 ./source/midi_player.o
 .bss.MidiInTimeout
                0x20201348        0x4 ./source/midi_player.o
 .bss.g_midiFifoTxBuffer
                0x2020134c        0x8 ./source/midi_player.o
                0x2020134c                g_midiFifoTxBuffer
 .bss.g_midiTxBuffer
                0x20201354        0xc ./source/midi_player.o
                0x20201354                g_midiTxBuffer
 .bss.g_midiRxBuffer
                0x20201360        0x8 ./source/midi_player.o
                0x20201360                g_midiRxBuffer
 .bss.editbuf   0x20201368       0x14 ./source/param.o
                0x20201368                editbuf
 .bss.g_rtcXtalFreq
                0x2020137c        0x4 ./drivers/fsl_clock.o
                0x2020137c                g_rtcXtalFreq
 .bss.g_xtalFreq
                0x20201380        0x4 ./drivers/fsl_clock.o
                0x20201380                g_xtalFreq
 .bss.s_EDMAHandle
                0x20201384       0x40 ./drivers/fsl_edma.o
 .bss.s_lpi2cSlaveHandle
                0x202013c4        0xc ./drivers/fsl_lpi2c.o
 .bss.s_lpi2cSlaveIsr
                0x202013d0        0x4 ./drivers/fsl_lpi2c.o
 .bss.s_lpi2cMasterHandle
                0x202013d4        0xc ./drivers/fsl_lpi2c.o
 .bss.s_lpi2cMasterIsr
                0x202013e0        0x4 ./drivers/fsl_lpi2c.o
 .bss.s_lpuartIsr
                0x202013e4        0x4 ./drivers/fsl_lpuart.o
 .bss.s_lpuartHandle
                0x202013e8       0x14 ./drivers/fsl_lpuart.o
 .bss.reg_cache
                0x202013fc       0x70 ./codec/fsl_wm8960.o
 .bss.__Ciob    0x2020146c       0xb4 C:/NXP/MCUXpressoIDE_11.10.0_3148/ide/plugins/com.nxp.mcuxpresso.tools.win32_11.10.0.202311280810/tools/bin/../lib/gcc/arm-none-eabi/13.2.1/../../../../arm-none-eabi/lib/thumb/v7e-m+fp/hard\libcr_nohost_nf.a(__ciob.o)
                0x2020146c                __Ciob
 .bss.__end_of_heap
                0x20201520        0x4 C:/NXP/MCUXpressoIDE_11.10.0_3148/ide/plugins/com.nxp.mcuxpresso.tools.win32_11.10.0.202311280810/tools/bin/../lib/gcc/arm-none-eabi/13.2.1/../../../../arm-none-eabi/lib/thumb/v7e-m+fp/hard\libcr_c.a(__init_alloc.o)
                0x20201520                __end_of_heap
 .bss.__heaps   0x20201524        0x4 C:/NXP/MCUXpressoIDE_11.10.0_3148/ide/plugins/com.nxp.mcuxpresso.tools.win32_11.10.0.202311280810/tools/bin/../lib/gcc/arm-none-eabi/13.2.1/../../../../arm-none-eabi/lib/thumb/v7e-m+fp/hard\libcr_c.a(__init_alloc.o)
                0x20201524                __heaps
 .bss.errno     0x20201528        0x4 C:/NXP/MCUXpressoIDE_11.10.0_3148/ide/plugins/com.nxp.mcuxpresso.tools.win32_11.10.0.202311280810/tools/bin/../lib/gcc/arm-none-eabi/13.2.1/../../../../arm-none-eabi/lib/thumb/v7e-m+fp/hard\libcr_c.a(errno.o)
                0x20201528                errno
 .bss.detach_status_ms_count
                0x2020152c        0x2 ./usb/device/source/ehci/usb_device_ehci.o
 .bss.midiSysExCurrentDataSize
                0x2020152e        0x2 ./source/midi_if.o
 .bss.midiSysExMessageBufWtPtr
                0x20201530        0x2 ./source/midi_if.o
 .bss.midiSysExMessageCurrentWriteBufPtr
                0x20201532        0x2 ./source/midi_if.o
 .bss.s_MidiIfTxNumOfData
                0x20201534        0x2 ./source/midi_if.o
 .bss.s_MidiIfTxBuffPos
                0x20201536        0x2 ./source/midi_if.o
 .bss.attach_status
                0x20201538        0x1 ./usb/device/source/ehci/usb_device_ehci.o
 .bss.initialize_feedback_count_rec
                0x20201539        0x1 ./source/audio_player.o
 .bss.initialize_feedback_count_play
                0x2020153a        0x1 ./source/audio_player.o
 .bss.feedback_rec_value_count
                0x2020153b        0x1 ./source/audio_player.o
 .bss.feedback_adjustment_sample
                0x2020153c        0x1 ./source/audio_player.o
 .bss.startLRClockCount
                0x2020153d        0x1 ./source/audio_player.o
                0x2020153d                startLRClockCount
 .bss.audioRecDataBufWrPtr
                0x2020153e        0x1 ./source/audio_player.o
 .bss.audioRecDataBufRdPtr
                0x2020153f        0x1 ./source/audio_player.o
 .bss.keepAttachedDevice
                0x20201540        0x1 ./source/composite.o
 .bss.runningStatusData
                0x20201541        0x1 ./source/midi_if.o
 .bss.shortMsgCount
                0x20201542        0x1 ./source/midi_if.o
 .bss.shortStopCount
                0x20201543        0x1 ./source/midi_if.o
 .bss.forwarding_sysex
                0x20201544        0x1 ./source/midi_if.o
 .bss.midiSysExEventWtPtr
                0x20201545        0x1 ./source/midi_if.o
 .bss.midiSysExEventRdPtr
                0x20201546        0x1 ./source/midi_if.o
 .bss.setMidiSysExEvent
                0x20201547        0x1 ./source/midi_if.o
 .bss.midiShortEventWtPtr
                0x20201548        0x1 ./source/midi_if.o
 .bss.midiShortEventRdPtr
                0x20201549        0x1 ./source/midi_if.o
 .bss.setMidiShortEvent
                0x2020154a        0x1 ./source/midi_if.o
 .bss.SendFill0
                0x2020154b        0x1 ./source/midi_player.o
 .bss.MidiInOpen