Archive member included to satisfy reference by file (symbol)

C:/NXP/MCUXpressoIDE_11.10.0_3148/ide/plugins/com.nxp.mcuxpresso.tools.win32_11.10.0.202311280810/tools/bin/../lib/gcc/arm-none-eabi/13.2.1/../../../../arm-none-eabi/lib/thumb/v7e-m+fp/hard\libcr_nohost_nf.a(_cr__main.o)
                              ./startup/startup_mimxrt1011.o (__main)
C:/NXP/MCUXpressoIDE_11.10.0_3148/ide/plugins/com.nxp.mcuxpresso.tools.win32_11.10.0.202311280810/tools/bin/../lib/gcc/arm-none-eabi/13.2.1/../../../../arm-none-eabi/lib/thumb/v7e-m+fp/hard\libcr_nohost_nf.a(_cr_assert.o)
                              ./utilities/fsl_debug_console.o (__assertion_failed)
C:/NXP/MCUXpressoIDE_11.10.0_3148/ide/plugins/com.nxp.mcuxpresso.tools.win32_11.10.0.202311280810/tools/bin/../lib/gcc/arm-none-eabi/13.2.1/../../../../arm-none-eabi/lib/thumb/v7e-m+fp/hard\libcr_nohost_nf.a(__ciob.o)
                              C:/NXP/MCUXpressoIDE_11.10.0_3148/ide/plugins/com.nxp.mcuxpresso.tools.win32_11.10.0.202311280810/tools/bin/../lib/gcc/arm-none-eabi/13.2.1/../../../../arm-none-eabi/lib/thumb/v7e-m+fp/hard\libcr_nohost_nf.a(_cr_assert.o) (__Ciob)
C:/NXP/MCUXpressoIDE_11.10.0_3148/ide/plugins/com.nxp.mcuxpresso.tools.win32_11.10.0.202311280810/tools/bin/../lib/gcc/arm-none-eabi/13.2.1/../../../../arm-none-eabi/lib/thumb/v7e-m+fp/hard\libcr_nohost_nf.a(__sys_appexit.o)
                              C:/NXP/MCUXpressoIDE_11.10.0_3148/ide/plugins/com.nxp.mcuxpresso.tools.win32_11.10.0.202311280810/tools/bin/../lib/gcc/arm-none-eabi/13.2.1/../../../../arm-none-eabi/lib/thumb/v7e-m+fp/hard\libcr_nohost_nf.a(_cr_assert.o) (__sys_appexit)
C:/NXP/MCUXpressoIDE_11.10.0_3148/ide/plugins/com.nxp.mcuxpresso.tools.win32_11.10.0.202311280810/tools/bin/../lib/gcc/arm-none-eabi/13.2.1/../../../../arm-none-eabi/lib/thumb/v7e-m+fp/hard\libcr_c.a(memcpy.o)
                              ./source/oscillator/oscillatorProcess.o (memcpy)
C:/NXP/MCUXpressoIDE_11.10.0_3148/ide/plugins/com.nxp.mcuxpresso.tools.win32_11.10.0.202311280810/tools/bin/../lib/gcc/arm-none-eabi/13.2.1/../../../../arm-none-eabi/lib/thumb/v7e-m+fp/hard\libcr_c.a(memset.o)
                              ./utilities/fsl_debug_console.o (memset)
C:/NXP/MCUXpressoIDE_11.10.0_3148/ide/plugins/com.nxp.mcuxpresso.tools.win32_11.10.0.202311280810/tools/bin/../lib/gcc/arm-none-eabi/13.2.1/../../../../arm-none-eabi/lib/thumb/v7e-m+fp/hard\libcr_c.a(_deferredlazyseek.o)
                              C:/NXP/MCUXpressoIDE_11.10.0_3148/ide/plugins/com.nxp.mcuxpresso.tools.win32_11.10.0.202311280810/tools/bin/../lib/gcc/arm-none-eabi/13.2.1/../../../../arm-none-eabi/lib/thumb/v7e-m+fp/hard\libcr_nohost_nf.a(_cr_assert.o) (__flsbuf)
C:/NXP/MCUXpressoIDE_11.10.0_3148/ide/plugins/com.nxp.mcuxpresso.tools.win32_11.10.0.202311280810/tools/bin/../lib/gcc/arm-none-eabi/13.2.1/../../../../arm-none-eabi/lib/thumb/v7e-m+fp/hard\libcr_c.a(_fflush.o)
                              C:/NXP/MCUXpressoIDE_11.10.0_3148/ide/plugins/com.nxp.mcuxpresso.tools.win32_11.10.0.202311280810/tools/bin/../lib/gcc/arm-none-eabi/13.2.1/../../../../arm-none-eabi/lib/thumb/v7e-m+fp/hard\libcr_c.a(_deferredlazyseek.o) (_fflush)
C:/NXP/MCUXpressoIDE_11.10.0_3148/ide/plugins/com.nxp.mcuxpresso.tools.win32_11.10.0.202311280810/tools/bin/../lib/gcc/arm-none-eabi/13.2.1/../../../../arm-none-eabi/lib/thumb/v7e-m+fp/hard\libcr_c.a(_writebuf.o)
                              C:/NXP/MCUXpressoIDE_11.10.0_3148/ide/plugins/com.nxp.mcuxpresso.tools.win32_11.10.0.202311280810/tools/bin/../lib/gcc/arm-none-eabi/13.2.1/../../../../arm-none-eabi/lib/thumb/v7e-m+fp/hard\libcr_c.a(_deferredlazyseek.o) (_Cwritebuf)
C:/NXP/MCUXpressoIDE_11.10.0_3148/ide/plugins/com.nxp.mcuxpresso.tools.win32_11.10.0.202311280810/tools/bin/../lib/gcc/arm-none-eabi/13.2.1/../../../../arm-none-eabi/lib/thumb/v7e-m+fp/hard\libcr_c.a(alloc.o)
                              ./osa/usb_osa_bm.o (malloc)
C:/NXP/MCUXpressoIDE_11.10.0_3148/ide/plugins/com.nxp.mcuxpresso.tools.win32_11.10.0.202311280810/tools/bin/../lib/gcc/arm-none-eabi/13.2.1/../../../../arm-none-eabi/lib/thumb/v7e-m+fp/hard\libcr_c.a(fputs.o)
                              C:/NXP/MCUXpressoIDE_11.10.0_3148/ide/plugins/com.nxp.mcuxpresso.tools.win32_11.10.0.202311280810/tools/bin/../lib/gcc/arm-none-eabi/13.2.1/../../../../arm-none-eabi/lib/thumb/v7e-m+fp/hard\libcr_nohost_nf.a(_cr_assert.o) (fputs)
C:/NXP/MCUXpressoIDE_11.10.0_3148/ide/plugins/com.nxp.mcuxpresso.tools.win32_11.10.0.202311280810/tools/bin/../lib/gcc/arm-none-eabi/13.2.1/../../../../arm-none-eabi/lib/thumb/v7e-m+fp/hard\libcr_c.a(fseek.o)
                              C:/NXP/MCUXpressoIDE_11.10.0_3148/ide/plugins/com.nxp.mcuxpresso.tools.win32_11.10.0.202311280810/tools/bin/../lib/gcc/arm-none-eabi/13.2.1/../../../../arm-none-eabi/lib/thumb/v7e-m+fp/hard\libcr_c.a(_deferredlazyseek.o) (fseek)
[...]
Memory Configuration

Name             Origin             Length             Attributes
BOARD_FLASH      0x60000000         0x01000000         xr
SRAM_OC          0x20200000         0x00010000         xrw
SRAM_ITC         0x00000000         0x00008000         xrw
SRAM_DTC         0x20000000         0x00008000         xrw
NCACHE_REGION    0x20210000         0x00000000         xrw
*default*        0x00000000         0xffffffff

Linker script and memory map

LOAD ./xip/evkmimxrt1010_flexspi_nor_config.o
LOAD ./xip/fsl_flexspi_nor_boot.o
LOAD ./utilities/fsl_assert.o
LOAD ./utilities/fsl_debug_console.o
LOAD ./utilities/fsl_str.o
LOAD ./usb/phy/usb_phy.o
LOAD ./usb/device/source/ehci/usb_device_ehci.o
LOAD ./usb/device/source/usb_device_ch9.o
LOAD ./usb/device/source/usb_device_dci.o
LOAD ./usb/device/class/midi/usb_device_midi.o
LOAD ./usb/device/class/audio/usb_device_audio.o
LOAD ./usb/device/class/usb_device_class.o
LOAD ./startup/startup_mimxrt1011.o
LOAD ./source/trigger/parameter/triggerParameterIO.o
LOAD ./source/trigger/adc.o
LOAD ./source/trigger/extpad.o
LOAD ./source/trigger/extpadrev2.o
LOAD ./source/trigger/trigger.o
LOAD ./source/oscillator/egCurve.o
LOAD ./source/oscillator/oscillator.o
LOAD ./source/oscillator/oscillatorManager.o
LOAD ./source/oscillator/oscillatorProcess.o
LOAD ./source/midi_debug_monitor/midi_debug_monitor.o
LOAD ./source/audio_task/audio_task.o
LOAD ./source/audio_player.o
LOAD ./source/composite.o
LOAD ./source/edit.o
LOAD ./source/midi_device.o
LOAD ./source/midi_if.o
LOAD ./source/midi_message.o
LOAD ./source/midi_player.o
LOAD ./source/param.o
LOAD ./source/semihost_hardfault.o
LOAD ./source/usb_device_descriptor.o
LOAD ./osa/usb_osa_bm.o
LOAD ./drivers/fsl_adc.o
LOAD ./drivers/fsl_cache.o
LOAD ./drivers/fsl_clock.o
LOAD ./drivers/fsl_common.o
LOAD ./drivers/fsl_dmamux.o
LOAD ./drivers/fsl_edma.o
LOAD ./drivers/fsl_gpio.o
LOAD ./drivers/fsl_lpi2c.o
LOAD ./drivers/fsl_lpuart.o
LOAD ./drivers/fsl_pit.o
LOAD ./drivers/fsl_sai.o
LOAD ./drivers/fsl_sai_edma.o
LOAD ./device/system_MIMXRT1011.o
LOAD ./component/uart/lpuart_adapter.o
LOAD ./component/serial_manager/serial_manager.o
LOAD ./component/serial_manager/serial_port_uart.o
LOAD ./component/lists/generic_list.o
LOAD ./component/i2c/lpi2c_adapter.o
LOAD ./codec/fsl_codec_common.o
LOAD ./codec/fsl_wm8960.o
LOAD ./board/board.o
LOAD ./board/clock_config.o
LOAD ./board/pin_mux.o
START GROUP
LOAD C:/NXP/MCUXpressoIDE_11.10.0_3148/ide/plugins/com.nxp.mcuxpresso.tools.win32_11.10.0.202311280810/tools/bin/../lib/gcc/arm-none-eabi/13.2.1/../../../../arm-none-eabi/lib/thumb/v7e-m+fp/hard\libcr_nohost_nf.a
LOAD C:/NXP/MCUXpressoIDE_11.10.0_3148/ide/plugins/com.nxp.mcuxpresso.tools.win32_11.10.0.202311280810/tools/bin/../lib/gcc/arm-none-eabi/13.2.1/../../../../arm-none-eabi/lib/thumb/v7e-m+fp/hard\libcr_c.a
LOAD C:/NXP/MCUXpressoIDE_11.10.0_3148/ide/plugins/com.nxp.mcuxpresso.tools.win32_11.10.0.202311280810/tools/bin/../lib/gcc/arm-none-eabi/13.2.1/thumb/v7e-m+fp/hard\libcr_eabihelpers.a
LOAD C:/NXP/MCUXpressoIDE_11.10.0_3148/ide/plugins/com.nxp.mcuxpresso.tools.win32_11.10.0.202311280810/tools/bin/../lib/gcc/arm-none-eabi/13.2.1/thumb/v7e-m+fp/hard\libgcc.a
END GROUP
                0x60000000                        __base_BOARD_FLASH = 0x60000000
                0x60000000                        __base_Flash = 0x60000000
                0x61000000                        __top_BOARD_FLASH = 0x61000000
                0x61000000                        __top_Flash = 0x61000000
                0x20200000                        __base_SRAM_OC = 0x20200000
                0x20200000                        __base_RAM = 0x20200000
                0x20210000                        __top_SRAM_OC = 0x20210000
                0x20210000                        __top_RAM = 0x20210000
                0x00000000                        __base_SRAM_ITC = 0x0
                0x00000000                        __base_RAM2 = 0x0
                0x00008000                        __top_SRAM_ITC = 0x8000
                0x00008000                        __top_RAM2 = 0x8000
                0x20000000                        __base_SRAM_DTC = 0x20000000
                0x20000000                        __base_RAM3 = 0x20000000
                0x20008000                        __top_SRAM_DTC = 0x20008000
                0x20008000                        __top_RAM3 = 0x20008000
                0x20210000                        __base_NCACHE_REGION = 0x20210000
                0x20210000                        __base_RAM4 = 0x20210000
                0x20210000                        __top_NCACHE_REGION = 0x20210000
                0x20210000                        __top_RAM4 = 0x20210000

.boot_hdr       0x60000000     0x2000
 FILL mask 0xff
                0x00000400                        . = 0x400
 *fill*         0x60000000      0x400 ff
                0x60000400                        __boot_hdr_start__ = ABSOLUTE (.)
 *(SORT_BY_ALIGNMENT(.boot_hdr.conf))
 .boot_hdr.conf
                0x60000400      0x200 ./xip/evkmimxrt1010_flexspi_nor_config.o
                0x60000400                qspiflash_config
                0x00001000                        . = 0x1000
 *fill*         0x60000600      0xa00 ff
 *(SORT_BY_ALIGNMENT(.boot_hdr.ivt))
 .boot_hdr.ivt  0x60001000       0x20 ./xip/fsl_flexspi_nor_boot.o
                0x60001000                image_vector_table
                0x00001020                        . = 0x1020
 *(SORT_BY_ALIGNMENT(.boot_hdr.boot_data))
 .boot_hdr.boot_data
                0x60001020       0x10 ./xip/fsl_flexspi_nor_boot.o
                0x60001020                boot_data
                0x00001030                        . = 0x1030
 *(SORT_BY_ALIGNMENT(.boot_hdr.dcd_data))
                0x60001030                        __boot_hdr_end__ = ABSOLUTE (.)
                0x00002000                        . = 0x2000
 *fill*         0x60001030      0xfd0 ff

.text           0x60002000    0x1203c
 FILL mask 0xff
                0x60002000                        __vectors_start__ = ABSOLUTE (.)
 *(SORT_BY_ALIGNMENT(.isr_vector))
 .isr_vector    0x60002000      0x180 ./startup/startup_mimxrt1011.o
                0x60002000                g_pfnVectors
                0x60002000                __Vectors
                0x60002180                        . = ALIGN (0x4)
                0x60002180                        __section_table_start = .
                0x60002180                        __data_section_table = .
                0x60002180        0x4 LONG 0x6001426c LOADADDR (.data)
                0x60002184        0x4 LONG 0x20200000 ADDR (.data)
                0x60002188        0x4 LONG 0x2f4 SIZEOF (.data)
                0x6000218c        0x4 LONG 0x6001403c LOADADDR (.data_RAM2)
                0x60002190        0x4 LONG 0x0 ADDR (.data_RAM2)
                0x60002194        0x4 LONG 0x0 SIZEOF (.data_RAM2)
                0x60002198        0x4 LONG 0x6001403c LOADADDR (.data_RAM3)
                0x6000219c        0x4 LONG 0x20000000 ADDR (.data_RAM3)
                0x600021a0        0x4 LONG 0x230 SIZEOF (.data_RAM3)
                0x600021a4        0x4 LONG 0x6001426c LOADADDR (.data_RAM4)
                0x600021a8        0x4 LONG 0x20210000 ADDR (.data_RAM4)
                0x600021ac        0x4 LONG 0x0 SIZEOF (.data_RAM4)
                0x600021b0                        __data_section_table_end = .
                0x600021b0                        __bss_section_table = .
                0x600021b0        0x4 LONG 0x202002f4 ADDR (.bss)
                0x600021b4        0x4 LONG 0x1b90 SIZEOF (.bss)
                0x600021b8        0x4 LONG 0x0 ADDR (.bss_RAM2)
                0x600021bc        0x4 LONG 0x0 SIZEOF (.bss_RAM2)
                0x600021c0        0x4 LONG 0x20000800 ADDR (.bss_RAM3)
                0x600021c4        0x4 LONG 0x2b20 SIZEOF (.bss_RAM3)
                0x600021c8        0x4 LONG 0x20210000 ADDR (.bss_RAM4)
                0x600021cc        0x4 LONG 0x0 SIZEOF (.bss_RAM4)
                0x600021d0                        __bss_section_table_end = .
                0x600021d0                        __section_table_end = .
 *(SORT_BY_ALIGNMENT(.after_vectors*))
 .after_vectors.reset
                0x600021d0       0x4c ./startup/startup_mimxrt1011.o
                0x600021d0                ResetISR
 .after_vectors.init_data
                0x6000221c       0x1e ./startup/startup_mimxrt1011.o
                0x6000221c                data_init
 .after_vectors.init_bss
                0x6000223a       0x12 ./startup/startup_mimxrt1011.o
                0x6000223a                bss_init
 .after_vectors
                0x6000224c        0xc ./startup/startup_mimxrt1011.o
                0x6000224c                NMI_Handler
                0x60002250                SVC_Handler
                0x60002252                PendSV_Handler
                0x60002254                SysTick_Handler
                0x60002256                LPSPI2_DriverIRQHandler
                0x60002256                FLEXRAM_DriverIRQHandler
                0x60002256                SPDIF_DriverIRQHandler
                0x60002256                CCM_2_DriverIRQHandler
                0x60002256                ADC_ETC_IRQ3_DriverIRQHandler
                0x60002256                SAI3_RX_DriverIRQHandler
                0x60002256                PIT_DriverIRQHandler
                0x60002256                USB_PHY_DriverIRQHandler
                0x60002256                GPR_IRQ_DriverIRQHandler
                0x60002256                TRNG_DriverIRQHandler
                0x60002256                IntDefaultHandler
                0x60002256                SRC_DriverIRQHandler
                0x60002256                EWM_DriverIRQHandler
                0x60002256                WDOG1_DriverIRQHandler
                0x60002256                FLEXIO1_DriverIRQHandler
                0x60002256                ADC_ETC_IRQ2_DriverIRQHandler
                0x60002256                GPIO1_Combined_16_31_DriverIRQHandler
                0x60002256                DCDC_DriverIRQHandler
                0x60002256                ADC_ETC_ERROR_IRQ_DriverIRQHandler
                0x60002256                GPIO5_Combined_0_15_DriverIRQHandler
                0x60002256                RTWDOG_DriverIRQHandler
                0x60002256                FLEXSPI_DriverIRQHandler
                0x60002256                GPT2_DriverIRQHandler
                0x60002256                PWM1_1_DriverIRQHandler
                0x60002256                Reserved71_DriverIRQHandler
                0x60002256                ADC1_DriverIRQHandler
                0x60002256                PWM1_0_DriverIRQHandler
                0x60002256                DCP_DriverIRQHandler
                0x60002256                CTI0_ERROR_DriverIRQHandler
                0x60002256                GPT1_DriverIRQHandler
                0x60002256                CSU_DriverIRQHandler
                0x60002256                CTI1_ERROR_DriverIRQHandler
                0x60002256                GPIO1_Combined_0_15_DriverIRQHandler
                0x60002256                CORE_DriverIRQHandler
                0x60002256                KPP_DriverIRQHandler
                0x60002256                SNVS_HP_WRAPPER_TZ_DriverIRQHandler
                0x60002256                PWM1_FAULT_DriverIRQHandler
                0x60002256                SNVS_HP_WRAPPER_DriverIRQHandler
                0x60002256                ADC_ETC_IRQ1_DriverIRQHandler
                0x60002256                LPSPI1_DriverIRQHandler
                0x60002256                DCP_VMI_DriverIRQHandler
                0x60002256                GPC_DriverIRQHandler
                0x60002256                GPIO2_Combined_0_15_DriverIRQHandler
                0x60002256                PWM1_2_DriverIRQHandler
                0x60002256                USB_OTG1_DriverIRQHandler
                0x60002256                TEMP_LOW_HIGH_DriverIRQHandler
                0x60002256                SAI3_TX_DriverIRQHandler
                0x60002256                WDOG2_DriverIRQHandler
                0x60002256                Reserved68_DriverIRQHandler
                0x60002256                PMU_DriverIRQHandler
                0x60002256                CCM_1_DriverIRQHandler
                0x60002256                TEMP_PANIC_DriverIRQHandler
                0x60002256                PWM1_3_DriverIRQHandler
                0x60002256                Reserved70_DriverIRQHandler
                0x60002256                DMA_ERROR_DriverIRQHandler
                0x60002256                ADC_ETC_IRQ0_DriverIRQHandler
                0x60002256                XBAR1_IRQ_0_1_2_3_DriverIRQHandler
                0x60002256                SNVS_LP_WRAPPER_DriverIRQHandler
 *(SORT_BY_ALIGNMENT(.text*))
 .text.DbgConsole_SendDataReliable
                0x60002258       0x58 ./utilities/fsl_debug_console.o
                0x60002258                DbgConsole_SendDataReliable
 .text.DbgConsole_Printf
                0x600022b0       0x74 ./utilities/fsl_debug_console.o
                0x600022b0                DbgConsole_Printf
 .text.USB_EhciPhyGetBase
                0x60002324       0xd0 ./usb/phy/usb_phy.o
                0x60002324                USB_EhciPhyGetBase
 .text.USB_EhciPhyInit
                0x600023f4       0xc8 ./usb/phy/usb_phy.o
                0x600023f4                USB_EhciPhyInit
 .text.USB_DeviceEhciCancelControlPipe
                0x600024bc      0x194 ./usb/device/source/ehci/usb_device_ehci.o
 .text.USB_DeviceEhciInterruptTokenDone
                0x60002650      0x3dc ./usb/device/source/ehci/usb_device_ehci.o
 .text.USB_DeviceEhciInterruptSof
                0x60002a2c       0x6c ./usb/device/source/ehci/usb_device_ehci.o
 .text.USB_DeviceEhciTransfer
                0x60002a98      0x2ec ./usb/device/source/ehci/usb_device_ehci.o
 .text.USB_DeviceEhciInit
                0x60002d84       0xe8 ./usb/device/source/ehci/usb_device_ehci.o
                0x60002d84                USB_DeviceEhciInit
 .text.USB_DeviceEhciCancel
                0x60002e6c      0x21c ./usb/device/source/ehci/usb_device_ehci.o
                0x60002e6c                USB_DeviceEhciCancel
 .text.USB_DeviceEhciControl
                0x60003088      0x390 ./usb/device/source/ehci/usb_device_ehci.o
                0x60003088                USB_DeviceEhciControl
 .text.USB_DeviceEhciAttachedDevice
                0x60003418       0xa0 ./usb/device/source/ehci/usb_device_ehci.o
                0x60003418                USB_DeviceEhciAttachedDevice
 .text.USB_DeviceEhciGetAttachedDeviceStatus
                0x600034b8       0x18 ./usb/device/source/ehci/usb_device_ehci.o
                0x600034b8                USB_DeviceEhciGetAttachedDeviceStatus
 .text.USB_DeviceControlCallback
                0x600034d0      0x370 ./usb/device/source/usb_device_ch9.o
                0x600034d0                USB_DeviceControlCallback
 .text.USB_DeviceControlPipeInit
                0x60003840       0x78 ./usb/device/source/usb_device_ch9.o
                0x60003840                USB_DeviceControlPipeInit
 .text.USB_DeviceAllocateHandle
                0x600038b8       0xd0 ./usb/device/source/usb_device_dci.o
 .text.USB_DeviceGetControllerInterface
                0x60003988       0x38 ./usb/device/source/usb_device_dci.o
 .text.USB_DeviceGetStatus
                0x600039c0       0xd0 ./usb/device/source/usb_device_dci.o
                0x600039c0                USB_DeviceGetStatus
 .text.USB_DeviceSetStatus
                0x60003a90      0x11c ./usb/device/source/usb_device_dci.o
                0x60003a90                USB_DeviceSetStatus
 .text.USB_DeviceMidiAllocateHandle
                0x60003bac       0x6c ./usb/device/class/midi/usb_device_midi.o
 .text.USB_DeviceMidiStreamEndpointsInit
                0x60003c18      0x184 ./usb/device/class/midi/usb_device_midi.o
                0x60003c18                USB_DeviceMidiStreamEndpointsInit
 .text.USB_DeviceMidiEvent
                0x60003d9c      0x180 ./usb/device/class/midi/usb_device_midi.o
                0x60003d9c                USB_DeviceMidiEvent
 .text.USB_DeviceAudioAllocateHandle
                0x60003f1c       0x6c ./usb/device/class/audio/usb_device_audio.o
 .text.USB_DeviceAudioOutStreamEndpointsInit
                0x60003f88      0x1b4 ./usb/device/class/audio/usb_device_audio.o
                0x60003f88                USB_DeviceAudioOutStreamEndpointsInit
 .text.USB_DeviceAudioInStreamEndpointsInit
                0x6000413c      0x1a8 ./usb/device/class/audio/usb_device_audio.o
                0x6000413c                USB_DeviceAudioInStreamEndpointsInit
 .text.USB_DeviceAudioSetRequestEndpoint
                0x600042e4       0xcc ./usb/device/class/audio/usb_device_audio.o
                0x600042e4                USB_DeviceAudioSetRequestEndpoint
 .text.USB_DeviceAudioGetRequestEndpoint
                0x600043b0       0xc0 ./usb/device/class/audio/usb_device_audio.o
                0x600043b0                USB_DeviceAudioGetRequestEndpoint
 .text.USB_DeviceAudioEvent
                0x60004470      0x35c ./usb/device/class/audio/usb_device_audio.o
                0x60004470                USB_DeviceAudioEvent
 .text.USB_DeviceClassAllocateHandle
                0x600047cc       0xc8 ./usb/device/class/usb_device_class.o
 .text.USB_DeviceClassFreeHandle
                0x60004894       0x90 ./usb/device/class/usb_device_class.o
 .text.USB_DeviceClassGetHandleByControllerId
                0x60004924       0x78 ./usb/device/class/usb_device_class.o
 .text.USB_DeviceClassGetHandleByDeviceHandle
                0x6000499c       0x64 ./usb/device/class/usb_device_class.o
 .text.USB_DeviceClassGetDeviceHandle
                0x60004a00       0x78 ./usb/device/class/usb_device_class.o
                0x60004a00                USB_DeviceClassGetDeviceHandle
 .text.USB_DeviceClassEvent
                0x60004a78       0xe0 ./usb/device/class/usb_device_class.o
                0x60004a78                USB_DeviceClassEvent
 .text.USB_DeviceClassInit
                0x60004b58      0x11c ./usb/device/class/usb_device_class.o
                0x60004b58                USB_DeviceClassInit
 .text.ADC_GetChannelConversionValue
                0x60004c74       0x30 ./source/trigger/adc.o
 .text.ADC1_IRQHandler
                0x60004ca4       0x78 ./source/trigger/adc.o
                0x60004ca4                ADC1_IRQHandler
 .text.adc_start
                0x60004d1c       0x94 ./source/trigger/adc.o
                0x60004d1c                adc_start
 .text.adc_getValue
                0x60004db0       0x34 ./source/trigger/adc.o
                0x60004db0                adc_getValue
 .text.adc_getFlag
                0x60004de4       0x70 ./source/trigger/adc.o
                0x60004de4                adc_getFlag
 .text.adc_clrFlag
                0x60004e54       0x3c ./source/trigger/adc.o
                0x60004e54                adc_clrFlag
 .text.getOtherLevel
                0x60004e90       0x94 ./source/trigger/extpad.o
 .text.extPad   0x60004f24      0x470 ./source/trigger/extpad.o
                0x60004f24                extPad
 .text.trigger_init
                0x60005394       0x50 ./source/trigger/trigger.o
                0x60005394                trigger_init
 .text.minmaxconvtbl
                0x600053e4      0x11c ./source/trigger/trigger.o
                0x600053e4                minmaxconvtbl
 .text.trigger_idle
                0x60005500       0x7c ./source/trigger/trigger.o
                0x60005500                trigger_idle
 .text.egCurveCalc
                0x6000557c      0x14c ./source/oscillator/egCurve.o
                0x6000557c                egCurveCalc
 .text.OscStereo
                0x600056c8      0x2c4 ./source/oscillator/oscillator.o
 .text.OscMono  0x6000598c      0x228 ./source/oscillator/oscillator.o
 .text.GetOscillatorSetupFunc
                0x60005bb4       0x30 ./source/oscillator/oscillator.o
 .text.GetOscillatorExecFunc
                0x60005be4       0x30 ./source/oscillator/oscillator.o
 .text.onmemoscSetup
                0x60005c14       0xa0 ./source/oscillator/oscillatorManager.o
 .text.onmemoryoscillatorstart
                0x60005cb4       0x5c ./source/oscillator/oscillatorManager.o
                0x60005cb4                onmemoryoscillatorstart
 .text.init_ampeg_coef
                0x60005d10      0x150 ./source/oscillator/oscillatorProcess.o
 .text.oscillatorProcessSub
                0x60005e60      0x31c ./source/oscillator/oscillatorProcess.o
 .text.egProcessSub
                0x6000617c      0x250 ./source/oscillator/oscillatorProcess.o
 .text.egProcess
                0x600063cc       0x84 ./source/oscillator/oscillatorProcess.o
 .text.oscillatorProcess
                0x60006450      0x104 ./source/oscillator/oscillatorProcess.o
                0x60006450                oscillatorProcess
 .text.oscillatorStart
                0x60006554       0x94 ./source/oscillator/oscillatorProcess.o
                0x60006554                oscillatorStart
 .text.dputbuf_flush_local_sub
                0x600065e8       0x98 ./source/midi_debug_monitor/midi_debug_monitor.o
                0x600065e8                dputbuf_flush_local_sub
 .text.dputbuf_flush_local
                0x60006680       0x68 ./source/midi_debug_monitor/midi_debug_monitor.o
                0x60006680                dputbuf_flush_local
 .text.dputc_local
                0x600066e8       0x70 ./source/midi_debug_monitor/midi_debug_monitor.o
                0x600066e8                dputc_local
 .text.get_test_sin_tone
                0x60006758       0x60 ./source/audio_task/audio_task.o
 .text.audio_task
                0x600067b8       0x9c ./source/audio_task/audio_task.o
                0x600067b8                audio_task
 .text.__NVIC_EnableIRQ
                0x60006854       0x3c ./source/audio_player.o
 .text.__NVIC_SetPriority
                0x60006890       0x54 ./source/audio_player.o
 .text.CLOCK_SetMux
                0x600068e4       0x9c ./source/audio_player.o
 .text.CLOCK_SetDiv
                0x60006980       0x9c ./source/audio_player.o
 .text.convertOutput
                0x60006a1c       0x68 ./source/audio_player.o
 .text.getLRClockCount
                0x60006a84       0x18 ./source/audio_player.o
 .text.initializeFeedbackValue
                0x60006a9c       0xc4 ./source/audio_player.o
 .text.getUsbAudioInBufPtr
                0x60006b60       0x64 ./source/audio_player.o
 .text.BOARD_EnableSaiMclkOutput
                0x60006bc4       0x3c ./source/audio_player.o
                0x60006bc4                BOARD_EnableSaiMclkOutput
 .text.BOARD_Codec_Init
                0x60006c00       0x30 ./source/audio_player.o
                0x60006c00                BOARD_Codec_Init
 .text.SAI_USB_Audio_TxInit
                0x60006c30       0x24 ./source/audio_player.o
                0x60006c30                SAI_USB_Audio_TxInit
 .text.SAI_USB_Audio_RxInit
                0x60006c54       0x24 ./source/audio_player.o
                0x60006c54                SAI_USB_Audio_RxInit
 .text.WM8960_Config_Audio_Formats
                0x60006c78       0x4c ./source/audio_player.o
                0x60006c78                WM8960_Config_Audio_Formats
 .text.BOARD_USB_Audio_TxRxInit
                0x60006cc4       0x28 ./source/audio_player.o
                0x60006cc4                BOARD_USB_Audio_TxRxInit
 .text.SAI1_IRQHandler
                0x60006cec      0x230 ./source/audio_player.o
                0x60006cec                SAI1_IRQHandler
 .text.USB_DeviceClockInit
                0x60006f1c       0x48 ./source/audio_player.o
                0x60006f1c                USB_DeviceClockInit
 .text.Init_Board_Sai_Codec
                0x60006f64       0xa8 ./source/audio_player.o
                0x60006f64                Init_Board_Sai_Codec
 .text.USB_DeviceAudioRequest
                0x6000700c      0x814 ./source/audio_player.o
                0x6000700c                USB_DeviceAudioRequest
 .text.USB_AudioFeedbackDataUpdate
                0x60007820      0x140 ./source/audio_player.o
                0x60007820                USB_AudioFeedbackDataUpdate
 .text.USB_AudioSpeakerPutBuffer
                0x60007960      0x15c ./source/audio_player.o
                0x60007960                USB_AudioSpeakerPutBuffer
 .text.USB_prepareAudioRecData
                0x60007abc       0xcc ./source/audio_player.o
                0x60007abc                USB_prepareAudioRecData
 .text.USB_DeviceAudioCallback
                0x60007b88      0x29c ./source/audio_player.o
                0x60007b88                USB_DeviceAudioCallback
 .text.USB_DeviceAudioSpeakerStatusReset
                0x60007e24       0x80 ./source/audio_player.o
                0x60007e24                USB_DeviceAudioSpeakerStatusReset
 .text.USB_DeviceAudioSetConfigure
                0x60007ea4       0x38 ./source/audio_player.o
                0x60007ea4                USB_DeviceAudioSetConfigure
 .text.USB_DeviceAudioSetInterface
                0x60007edc      0x21c ./source/audio_player.o
                0x60007edc                USB_DeviceAudioSetInterface
 .text.USB_DeviceAudioPlayerInit
                0x600080f8      0x298 ./source/audio_player.o
                0x600080f8                USB_DeviceAudioPlayerInit
 .text.USB_AudioCodecTask
                0x60008390       0xa8 ./source/audio_player.o
                0x60008390                USB_AudioCodecTask
 .text.USB_AudioSpeakerResetTask
                0x60008438       0x1c ./source/audio_player.o
                0x60008438                USB_AudioSpeakerResetTask
 .text.BOARD_AudioInitPllClock
                0x60008454       0x14 ./source/audio_player.o
                0x60008454                BOARD_AudioInitPllClock
 .text.BOARD_InitClockPinMux
                0x60008468       0x44 ./source/audio_player.o
                0x60008468                BOARD_InitClockPinMux
 .text.__NVIC_EnableIRQ
                0x600084ac       0x3c ./source/composite.o
 .text.__NVIC_DisableIRQ
                0x600084e8       0x48 ./source/composite.o
 .text.__NVIC_SetPriority
                0x60008530       0x54 ./source/composite.o
 .text.CLOCK_SetMux
                0x60008584       0x9c ./source/composite.o
 .text.CLOCK_SetDiv
                0x60008620       0x9c ./source/composite.o
 .text.PIT_GetDefaultConfig
                0x600086bc       0x28 ./source/composite.o
 .text.USB_OTG1_IRQHandler
                0x600086e4       0x18 ./source/composite.o
                0x600086e4                USB_OTG1_IRQHandler
 .text.PIT_IRQHandler
                0x600086fc       0x30 ./source/composite.o
                0x600086fc                PIT_IRQHandler
 .text.USB_DeviceCallback
                0x6000872c      0x258 ./source/composite.o
                0x6000872c                USB_DeviceCallback
 .text.APPInit  0x60008984      0x184 ./source/composite.o
                0x60008984                APPInit
 .text.checkAttachedDevice
                0x60008b08       0x44 ./source/composite.o
 .text.main     0x60008b4c       0x64 ./source/composite.o
                0x60008b4c                main
 .text.__NVIC_EnableIRQ
                0x60008bb0       0x3c ./source/midi_if.o
 .text.__NVIC_DisableIRQ
                0x60008bec       0x48 ./source/midi_if.o
 .text.startSendtoUartTx
                0x60008c34       0x58 ./source/midi_if.o
 .text.sendtoUartTx
                0x60008c8c       0x60 ./source/midi_if.o
 .text.LPUART1_IRQHandler
                0x60008cec       0xbc ./source/midi_if.o
                0x60008cec                LPUART1_IRQHandler
 .text.clearMidiRxEventParameter
                0x60008da8       0x90 ./source/midi_if.o
 .text.analyzeShortMessage
                0x60008e38      0x150 ./source/midi_if.o
 .text.analyzeSysExMessage
                0x60008f88      0x2f0 ./source/midi_if.o
 .text.real_midi_received
                0x60009278       0x50 ./source/midi_if.o
 .text.setRealTimeMessage
                0x600092c8       0x8c ./source/midi_if.o
 .text.setShortMessage
                0x60009354       0xb0 ./source/midi_if.o
 .text.setSysExMessage
                0x60009404       0x98 ./source/midi_if.o
 .text.midi_IF_TxInit
                0x6000949c       0x50 ./source/midi_if.o
                0x6000949c                midi_IF_TxInit
 .text.midi_IF_TxProc_SysEx
                0x600094ec       0x3c ./source/midi_if.o
                0x600094ec                midi_IF_TxProc_SysEx
 .text.midi_IF_TxProc_ReceiveByte
                0x60009528       0x34 ./source/midi_if.o
                0x60009528                midi_IF_TxProc_ReceiveByte
 .text.midi_IF_RxInit
                0x6000955c       0x1c ./source/midi_if.o
                0x6000955c                midi_IF_RxInit
 .text.MIDI_IF_IDLE
                0x60009578      0x1dc ./source/midi_if.o
                0x60009578                MIDI_IF_IDLE
 .text.__NVIC_EnableIRQ
                0x60009754       0x3c ./source/midi_player.o
 .text.__NVIC_SetPriority
                0x60009790       0x54 ./source/midi_player.o
 .text.USB_DeviceMidiCallback
                0x600097e4       0xa4 ./source/midi_player.o
                0x600097e4                USB_DeviceMidiCallback
 .text.USB_DeviceMidiSetConfigure
                0x60009888       0x48 ./source/midi_player.o
                0x60009888                USB_DeviceMidiSetConfigure
 .text.USB_DeviceMidiPlayerInit
                0x600098d0       0xe4 ./source/midi_player.o
                0x600098d0                USB_DeviceMidiPlayerInit
 .text.setOutCommand
                0x600099b4      0x14c ./source/midi_player.o
 .text.USB_MIDI_OUT_IDLE
                0x60009b00       0xf8 ./source/midi_player.o
 .text.sendFill0Data
                0x60009bf8       0x6c ./source/midi_player.o
 .text.USB_setMidiInTimeoutCount
                0x60009c64       0x30 ./source/midi_player.o
                0x60009c64                USB_setMidiInTimeoutCount
 .text.WatchUsbMidiInOpen
                0x60009c94       0xa4 ./source/midi_player.o
 .text.INC_IN_BUF_POS
                0x60009d38       0x4c ./source/midi_player.o
 .text.WriteData4
                0x60009d84       0xb0 ./source/midi_player.o
                0x60009d84                WriteData4
 .text.Send2USB
                0x60009e34      0x1bc ./source/midi_player.o
                0x60009e34                Send2USB
 .text.RestoreEditParam
                0x60009ff0       0x54 ./source/param.o
                0x60009ff0                RestoreEditParam
 .text.USB_DeviceGetDeviceDescriptor
                0x6000a044       0x28 ./source/usb_device_descriptor.o
                0x6000a044                USB_DeviceGetDeviceDescriptor
 .text.USB_DeviceGetConfigurationDescriptor
                0x6000a06c       0x38 ./source/usb_device_descriptor.o
                0x6000a06c                USB_DeviceGetConfigurationDescriptor
 .text.USB_DeviceGetStringDescriptor
                0x6000a0a4       0xc0 ./source/usb_device_descriptor.o
                0x6000a0a4                USB_DeviceGetStringDescriptor
 .text.USB_DeviceSetSpeed
                0x6000a164       0x9c ./source/usb_device_descriptor.o
                0x6000a164                USB_DeviceSetSpeed
 .text.USB_DeviceGetDeviceQualifierDescriptor
                0x6000a200       0x28 ./source/usb_device_descriptor.o
                0x6000a200                USB_DeviceGetDeviceQualifierDescriptor
 .text.USB_DeviceGetOtherSpeedConfigurationDescriptor
                0x6000a228       0x28 ./source/usb_device_descriptor.o
                0x6000a228                USB_DeviceGetOtherSpeedConfigurationDescriptor
 .text.ADC_SetChannelConfig
                0x6000a250       0x58 ./drivers/fsl_adc.o
                0x6000a250                ADC_SetChannelConfig
 .text.CLOCK_GetOscFreq
                0x6000a2a8       0x30 ./drivers/fsl_clock.o
 .text.CLOCK_GetPeriphClkFreq
                0x6000a2d8       0xc4 ./drivers/fsl_clock.o
 .text.CLOCK_InitExternalClk
                0x6000a39c       0x6c ./drivers/fsl_clock.o
                0x6000a39c                CLOCK_InitExternalClk
 .text.CLOCK_SwitchOsc
                0x6000a408       0x34 ./drivers/fsl_clock.o
                0x6000a408                CLOCK_SwitchOsc
 .text.CLOCK_InitRcOsc24M
                0x6000a43c       0x24 ./drivers/fsl_clock.o
                0x6000a43c                CLOCK_InitRcOsc24M
 .text.CLOCK_GetCoreFreq
                0x6000a460       0x24 ./drivers/fsl_clock.o
                0x6000a460                CLOCK_GetCoreFreq
 .text.CLOCK_GetIpgFreq
                0x6000a484       0x24 ./drivers/fsl_clock.o
                0x6000a484                CLOCK_GetIpgFreq
 .text.CLOCK_GetPerClkFreq
                0x6000a4a8       0x44 ./drivers/fsl_clock.o
                0x6000a4a8                CLOCK_GetPerClkFreq
 .text.CLOCK_GetFreq
                0x6000a4ec      0x120 ./drivers/fsl_clock.o
                0x6000a4ec                CLOCK_GetFreq
 .text.CLOCK_EnableUsbhs0Clock
                0x6000a60c       0x7c ./drivers/fsl_clock.o
                0x6000a60c                CLOCK_EnableUsbhs0Clock
 .text.CLOCK_EnableUsbhs0PhyPllClock
                0x6000a688       0x70 ./drivers/fsl_clock.o
                0x6000a688                CLOCK_EnableUsbhs0PhyPllClock
 .text.CLOCK_InitSysPll
                0x6000a6f8       0x9c ./drivers/fsl_clock.o
                0x6000a6f8                CLOCK_InitSysPll
 .text.CLOCK_InitUsb1Pll
                0x6000a794       0x68 ./drivers/fsl_clock.o
                0x6000a794                CLOCK_InitUsb1Pll
 .text.CLOCK_InitAudioPll
                0x6000a7fc      0x12c ./drivers/fsl_clock.o
                0x6000a7fc                CLOCK_InitAudioPll
 .text.CLOCK_DeinitAudioPll
                0x6000a928       0x1c ./drivers/fsl_clock.o
                0x6000a928                CLOCK_DeinitAudioPll
 .text.CLOCK_InitEnetPll
                0x6000a944       0x7c ./drivers/fsl_clock.o
                0x6000a944                CLOCK_InitEnetPll
 .text.CLOCK_GetPllFreq
                0x6000a9c0      0x200 ./drivers/fsl_clock.o
                0x6000a9c0                CLOCK_GetPllFreq
 .text.CLOCK_InitSysPfd
                0x6000abc0       0x64 ./drivers/fsl_clock.o
                0x6000abc0                CLOCK_InitSysPfd
 .text.CLOCK_GetSysPfdFreq
                0x6000ac24       0xac ./drivers/fsl_clock.o
                0x6000ac24                CLOCK_GetSysPfdFreq
 .text.CLOCK_GetUsb1PfdFreq
                0x6000acd0       0xac ./drivers/fsl_clock.o
                0x6000acd0                CLOCK_GetUsb1PfdFreq
 .text.EDMA_HandleIRQ
                0x6000ad7c      0x160 ./drivers/fsl_edma.o
                0x6000ad7c                EDMA_HandleIRQ
 .text.DMA0_DriverIRQHandler
                0x6000aedc       0x18 ./drivers/fsl_edma.o
                0x6000aedc                DMA0_DriverIRQHandler
 .text.DMA1_DriverIRQHandler
                0x6000aef4       0x18 ./drivers/fsl_edma.o
                0x6000aef4                DMA1_DriverIRQHandler
 .text.DMA2_DriverIRQHandler
                0x6000af0c       0x18 ./drivers/fsl_edma.o
                0x6000af0c                DMA2_DriverIRQHandler
 .text.DMA3_DriverIRQHandler
                0x6000af24       0x18 ./drivers/fsl_edma.o
                0x6000af24                DMA3_DriverIRQHandler
 .text.DMA4_DriverIRQHandler
                0x6000af3c       0x18 ./drivers/fsl_edma.o
                0x6000af3c                DMA4_DriverIRQHandler
 .text.DMA5_DriverIRQHandler
                0x6000af54       0x18 ./drivers/fsl_edma.o
                0x6000af54                DMA5_DriverIRQHandler
 .text.DMA6_DriverIRQHandler
                0x6000af6c       0x18 ./drivers/fsl_edma.o
                0x6000af6c                DMA6_DriverIRQHandler
 .text.DMA7_DriverIRQHandler
                0x6000af84       0x18 ./drivers/fsl_edma.o
                0x6000af84                DMA7_DriverIRQHandler
 .text.DMA8_DriverIRQHandler
                0x6000af9c       0x18 ./drivers/fsl_edma.o
                0x6000af9c                DMA8_DriverIRQHandler
 .text.DMA9_DriverIRQHandler
                0x6000afb4       0x18 ./drivers/fsl_edma.o
                0x6000afb4                DMA9_DriverIRQHandler
 .text.DMA10_DriverIRQHandler
                0x6000afcc       0x18 ./drivers/fsl_edma.o
                0x6000afcc                DMA10_DriverIRQHandler
 .text.DMA11_DriverIRQHandler
                0x6000afe4       0x18 ./drivers/fsl_edma.o
                0x6000afe4                DMA11_DriverIRQHandler
 .text.DMA12_DriverIRQHandler
                0x6000affc       0x18 ./drivers/fsl_edma.o
                0x6000affc                DMA12_DriverIRQHandler
 .text.DMA13_DriverIRQHandler
                0x6000b014       0x18 ./drivers/fsl_edma.o
                0x6000b014                DMA13_DriverIRQHandler
 .text.DMA14_DriverIRQHandler
                0x6000b02c       0x18 ./drivers/fsl_edma.o
                0x6000b02c                DMA14_DriverIRQHandler
 .text.DMA15_DriverIRQHandler
                0x6000b044       0x18 ./drivers/fsl_edma.o
                0x6000b044                DMA15_DriverIRQHandler
 .text.GPIO_PinWrite
                0x6000b05c       0x54 ./drivers/fsl_gpio.o
                0x6000b05c                GPIO_PinWrite
 .text.CLOCK_ControlGate
                0x6000b0b0       0x64 ./drivers/fsl_lpi2c.o
 .text.LPI2C_GetInstance
                0x6000b114       0x44 ./drivers/fsl_lpi2c.o
                0x6000b114                LPI2C_GetInstance
 .text.LPI2C_GetCyclesForWidth
                0x6000b158       0x9c ./drivers/fsl_lpi2c.o
 .text.LPI2C_MasterGetDefaultConfig
                0x6000b1f4       0x6c ./drivers/fsl_lpi2c.o
                0x6000b1f4                LPI2C_MasterGetDefaultConfig
 .text.LPI2C_MasterInit
                0x6000b260      0x1cc ./drivers/fsl_lpi2c.o
                0x6000b260                LPI2C_MasterInit
 .text.LPI2C_MasterSetBaudRate
                0x6000b42c      0x17c ./drivers/fsl_lpi2c.o
                0x6000b42c                LPI2C_MasterSetBaudRate
 .text.LPI2C_MasterReceive
                0x6000b5a8       0x98 ./drivers/fsl_lpi2c.o
                0x6000b5a8                LPI2C_MasterReceive
 .text.LPI2C_MasterSend
                0x6000b640       0x54 ./drivers/fsl_lpi2c.o
                0x6000b640                LPI2C_MasterSend
 .text.LPI2C_MasterTransferBlocking
                0x6000b694      0x1bc ./drivers/fsl_lpi2c.o
                0x6000b694                LPI2C_MasterTransferBlocking
 .text.LPI2C_CommonIRQHandler
                0x6000b850       0x70 ./drivers/fsl_lpi2c.o
 .text.LPI2C1_DriverIRQHandler
                0x6000b8c0       0x14 ./drivers/fsl_lpi2c.o
                0x6000b8c0                LPI2C1_DriverIRQHandler
 .text.LPI2C2_DriverIRQHandler
                0x6000b8d4       0x14 ./drivers/fsl_lpi2c.o
                0x6000b8d4                LPI2C2_DriverIRQHandler
 .text.CLOCK_ControlGate
                0x6000b8e8       0x64 ./drivers/fsl_lpuart.o
 .text.LPUART_GetInstance
                0x6000b94c       0x4c ./drivers/fsl_lpuart.o
                0x6000b94c                LPUART_GetInstance
 .text.LPUART_Init
                0x6000b998      0x338 ./drivers/fsl_lpuart.o
                0x6000b998                LPUART_Init
 .text.LPUART_GetDefaultConfig
                0x6000bcd0       0x88 ./drivers/fsl_lpuart.o
                0x6000bcd0                LPUART_GetDefaultConfig
 .text.LPUART_ClearStatusFlags
                0x6000bd58       0xa4 ./drivers/fsl_lpuart.o
                0x6000bd58                LPUART_ClearStatusFlags
 .text.LPUART_WriteBlocking
                0x6000bdfc       0x68 ./drivers/fsl_lpuart.o
                0x6000bdfc                LPUART_WriteBlocking
 .text.LPUART2_DriverIRQHandler
                0x6000be64       0x24 ./drivers/fsl_lpuart.o
                0x6000be64                LPUART2_DriverIRQHandler
 .text.LPUART3_DriverIRQHandler
                0x6000be88       0x24 ./drivers/fsl_lpuart.o
                0x6000be88                LPUART3_DriverIRQHandler
 .text.LPUART4_DriverIRQHandler
                0x6000beac       0x24 ./drivers/fsl_lpuart.o
                0x6000beac                LPUART4_DriverIRQHandler
 .text.CLOCK_ControlGate
                0x6000bed0       0x64 ./drivers/fsl_pit.o
 .text.PIT_GetInstance
                0x6000bf34       0x44 ./drivers/fsl_pit.o
 .text.PIT_Init
                0x6000bf78       0x60 ./drivers/fsl_pit.o
                0x6000bf78                PIT_Init
 .text.CLOCK_ControlGate
                0x6000bfd8       0x64 ./drivers/fsl_sai.o
 .text.SAI_GetInstance
                0x6000c03c       0x4c ./drivers/fsl_sai.o
 .text.SAI_TxInit
                0x6000c088      0x200 ./drivers/fsl_sai.o
                0x6000c088                SAI_TxInit
 .text.SAI_RxInit
                0x6000c288      0x250 ./drivers/fsl_sai.o
                0x6000c288                SAI_RxInit
 .text.SAI_TxEnable
                0x6000c4d8       0x78 ./drivers/fsl_sai.o
                0x6000c4d8                SAI_TxEnable
 .text.SAI_RxEnable
                0x6000c550       0x7c ./drivers/fsl_sai.o
                0x6000c550                SAI_RxEnable
 .text.SystemInit
                0x6000c5cc      0x1b8 ./device/system_MIMXRT1011.o
                0x6000c5cc                SystemInit
 .text.HAL_UartSendBlocking
                0x6000c784       0x64 ./component/uart/lpuart_adapter.o
                0x6000c784                HAL_UartSendBlocking
 .text.SerialManager_Write
                0x6000c7e8       0x6c ./component/serial_manager/serial_manager.o
 .text.Serial_UartWrite
                0x6000c854       0x58 ./component/serial_manager/serial_port_uart.o
                0x6000c854                Serial_UartWrite
 .text.WM8960_Init
                0x6000c8ac      0x1c4 ./codec/fsl_wm8960.o
                0x6000c8ac                WM8960_Init
 .text.WM8960_SetModule
                0x6000ca70      0x19c ./codec/fsl_wm8960.o
                0x6000ca70                WM8960_SetModule
 .text.WM8960_SetDataRoute
                0x6000cc0c      0x114 ./codec/fsl_wm8960.o
                0x6000cc0c                WM8960_SetDataRoute
 .text.WM8960_SetLeftInput
                0x6000cd20      0x1a0 ./codec/fsl_wm8960.o
                0x6000cd20                WM8960_SetLeftInput
 .text.WM8960_SetRightInput
                0x6000cec0      0x1a0 ./codec/fsl_wm8960.o
                0x6000cec0                WM8960_SetRightInput
 .text.WM8960_SetProtocol
                0x6000d060       0xac ./codec/fsl_wm8960.o
                0x6000d060                WM8960_SetProtocol
 .text.WM8960_ConfigDataFormat
                0x6000d10c      0x1f0 ./codec/fsl_wm8960.o
                0x6000d10c                WM8960_ConfigDataFormat
 .text.WM8960_WriteReg
                0x6000d2fc       0x6c ./codec/fsl_wm8960.o
                0x6000d2fc                WM8960_WriteReg
 .text.WM8960_ReadReg
                0x6000d368       0x34 ./codec/fsl_wm8960.o
                0x6000d368                WM8960_ReadReg
 .text.ARM_MPU_Enable
                0x6000d39c       0x40 ./board/board.o
 .text.ARM_MPU_Disable
                0x6000d3dc       0x34 ./board/board.o
 .text.CLOCK_GetMux
                0x6000d410       0x44 ./board/board.o
 .text.CLOCK_GetDiv
                0x6000d454       0x44 ./board/board.o
 .text.CLOCK_GetOscFreq
                0x6000d498       0x30 ./board/board.o
 .text.BOARD_DebugConsoleSrcFreq
                0x6000d4c8       0x64 ./board/board.o
                0x6000d4c8                BOARD_DebugConsoleSrcFreq
 .text.BOARD_ConfigMPU
                0x6000d52c      0x2c0 ./board/board.o
                0x6000d52c                BOARD_ConfigMPU
 .text.BOARD_Codec_I2C_Init
                0x6000d7ec       0x18 ./board/board.o
                0x6000d7ec                BOARD_Codec_I2C_Init
 .text.BOARD_Codec_I2C_Send
                0x6000d804       0x38 ./board/board.o
                0x6000d804                BOARD_Codec_I2C_Send
 .text.BOARD_Codec_I2C_Receive
                0x6000d83c       0x38 ./board/board.o
                0x6000d83c                BOARD_Codec_I2C_Receive
 .text.SystemInitHook
                0x6000d874       0x20 ./board/board.o
                0x6000d874                SystemInitHook
 .text.CLOCK_SetMux
                0x6000d894       0x9c ./board/clock_config.o
 .text.CLOCK_SetDiv
                0x6000d930       0x9c ./board/clock_config.o
 .text.CLOCK_ControlGate
                0x6000d9cc       0x64 ./board/clock_config.o
 .text.CLOCK_SetXtalFreq
                0x6000da30       0x20 ./board/clock_config.o
 .text.CLOCK_SetRtcXtalFreq
                0x6000da50       0x20 ./board/clock_config.o
 .text.IOMUXC_MQSConfig
                0x6000da70       0x44 ./board/clock_config.o
 .text.BOARD_BootClockRUN
                0x6000dab4      0x3c0 ./board/clock_config.o
                0x6000dab4                BOARD_BootClockRUN
 .text.CLOCK_ControlGate
                0x6000de74       0x64 ./board/pin_mux.o
 .text.BOARD_InitPins
                0x6000ded8      0x1ec ./board/pin_mux.o
                0x6000ded8                BOARD_InitPins
 .text.__assertion_failed
                0x6000e0c4       0x4c C:/NXP/MCUXpressoIDE_11.10.0_3148/ide/plugins/com.nxp.mcuxpresso.tools.win32_11.10.0.202311280810/tools/bin/../lib/gcc/arm-none-eabi/13.2.1/../../../../arm-none-eabi/lib/thumb/v7e-m+fp/hard\libcr_nohost_nf.a(_cr_assert.o)
                0x6000e0c4                __assertion_failed
 .text._Cwritebuf
                0x6000e110       0x6c C:/NXP/MCUXpressoIDE_11.10.0_3148/ide/plugins/com.nxp.mcuxpresso.tools.win32_11.10.0.202311280810/tools/bin/../lib/gcc/arm-none-eabi/13.2.1/../../../../arm-none-eabi/lib/thumb/v7e-m+fp/hard\libcr_c.a(_writebuf.o)
                0x6000e110                _Cwritebuf
 .text.malloc   0x6000e17c       0xc8 C:/NXP/MCUXpressoIDE_11.10.0_3148/ide/plugins/com.nxp.mcuxpresso.tools.win32_11.10.0.202311280810/tools/bin/../lib/gcc/arm-none-eabi/13.2.1/../../../../arm-none-eabi/lib/thumb/v7e-m+fp/hard\libcr_c.a(alloc.o)
                0x6000e17c                malloc
 .text._Csys_alloc
                0x6000e244       0x20 C:/NXP/MCUXpressoIDE_11.10.0_3148/ide/plugins/com.nxp.mcuxpresso.tools.win32_11.10.0.202311280810/tools/bin/../lib/gcc/arm-none-eabi/13.2.1/../../../../arm-none-eabi/lib/thumb/v7e-m+fp/hard\libcr_c.a(alloc.o)
                0x6000e244                _Csys_alloc
 .text.fseek    0x6000e264       0xf8 C:/NXP/MCUXpressoIDE_11.10.0_3148/ide/plugins/com.nxp.mcuxpresso.tools.win32_11.10.0.202311280810/tools/bin/../lib/gcc/arm-none-eabi/13.2.1/../../../../arm-none-eabi/lib/thumb/v7e-m+fp/hard\libcr_c.a(fseek.o)
                0x6000e264                fseek
 .text.ftell    0x6000e35c       0x44 C:/NXP/MCUXpressoIDE_11.10.0_3148/ide/plugins/com.nxp.mcuxpresso.tools.win32_11.10.0.202311280810/tools/bin/../lib/gcc/arm-none-eabi/13.2.1/../../../../arm-none-eabi/lib/thumb/v7e-m+fp/hard\libcr_c.a(ftell.o)
                0x6000e35c                ftell
 .text._initio  0x6000e3a0       0x78 C:/NXP/MCUXpressoIDE_11.10.0_3148/ide/plugins/com.nxp.mcuxpresso.tools.win32_11.10.0.202311280810/tools/bin/../lib/gcc/arm-none-eabi/13.2.1/../../../../arm-none-eabi/lib/thumb/v7e-m+fp/hard\libcr_c.a(initio.o)
                0x6000e3a0                _initio
 .text.__vfprintf
                0x6000e418      0xb80 C:/NXP/MCUXpressoIDE_11.10.0_3148/ide/plugins/com.nxp.mcuxpresso.tools.win32_11.10.0.202311280810/tools/bin/../lib/gcc/arm-none-eabi/13.2.1/../../../../arm-none-eabi/lib/thumb/v7e-m+fp/hard\libcr_c.a(printf.o)
                0x6000e418                __vfprintf
 .text._vsnprintf
                0x6000ef98       0x68 C:/NXP/MCUXpressoIDE_11.10.0_3148/ide/plugins/com.nxp.mcuxpresso.tools.win32_11.10.0.202311280810/tools/bin/../lib/gcc/arm-none-eabi/13.2.1/../../../../arm-none-eabi/lib/thumb/v7e-m+fp/hard\libcr_c.a(printf.o)
                0x6000ef98                _vsnprintf
 .text._sbrk    0x6000f000       0x3c C:/NXP/MCUXpressoIDE_11.10.0_3148/ide/plugins/com.nxp.mcuxpresso.tools.win32_11.10.0.202311280810/tools/bin/../lib/gcc/arm-none-eabi/13.2.1/../../../../arm-none-eabi/lib/thumb/v7e-m+fp/hard\libcr_c.a(_cr_sbrk.o)
                0x6000f000                _sbrk
 .text.fflush   0x6000f03c       0x3c C:/NXP/MCUXpressoIDE_11.10.0_3148/ide/plugins/com.nxp.mcuxpresso.tools.win32_11.10.0.202311280810/tools/bin/../lib/gcc/arm-none-eabi/13.2.1/../../../../arm-none-eabi/lib/thumb/v7e-m+fp/hard\libcr_c.a(fflush.o)
                0x6000f03c                fflush
 .text.__check_heap_overflow
                0x6000f078       0x18 C:/NXP/MCUXpressoIDE_11.10.0_3148/ide/plugins/com.nxp.mcuxpresso.tools.win32_11.10.0.202311280810/tools/bin/../lib/gcc/arm-none-eabi/13.2.1/../../../../arm-none-eabi/lib/thumb/v7e-m+fp/hard\libcr_c.a(_cr_check_heap.o)
                0x6000f078                __check_heap_overflow
 .text.DbgConsole_PrintCallback
                0x6000f090       0x66 ./utilities/fsl_debug_console.o
 .text.ConvertRadixNumToString
                0x6000f0f6      0x114 ./utilities/fsl_str.o
 .text.StrFormatPrintf
                0x6000f20a      0x30c ./utilities/fsl_str.o
                0x6000f20a                StrFormatPrintf
 .text.USB_DeviceEhciSetDefaultState
                0x6000f516      0x132 ./usb/device/source/ehci/usb_device_ehci.o
 .text.USB_DeviceEhciEndpointInit
                0x6000f648      0x1c8 ./usb/device/source/ehci/usb_device_ehci.o
 .text.USB_DeviceEhciEndpointDeinit
                0x6000f810       0xf6 ./usb/device/source/ehci/usb_device_ehci.o
 .text.USB_DeviceEhciEndpointStall
                0x6000f906       0xea ./usb/device/source/ehci/usb_device_ehci.o
 .text.USB_DeviceEhciEndpointUnstall
                0x6000f9f0       0xba ./usb/device/source/ehci/usb_device_ehci.o
 .text.USB_DeviceEhciFillSetupBuffer
                0x6000faaa       0xc0 ./usb/device/source/ehci/usb_device_ehci.o
 .text.USB_DeviceEhciInterruptPortChange
                0x6000fb6a       0x74 ./usb/device/source/ehci/usb_device_ehci.o
 .text.USB_DeviceEhciInterruptReset
                0x6000fbde       0x92 ./usb/device/source/ehci/usb_device_ehci.o
 .text.USB_DeviceEhciDeinit
                0x6000fc70       0x56 ./usb/device/source/ehci/usb_device_ehci.o
                0x6000fc70                USB_DeviceEhciDeinit
 .text.USB_DeviceEhciSend
                0x6000fcc6       0x32 ./usb/device/source/ehci/usb_device_ehci.o
                0x6000fcc6                USB_DeviceEhciSend
 .text.USB_DeviceEhciRecv
                0x6000fcf8       0x2c ./usb/device/source/ehci/usb_device_ehci.o
                0x6000fcf8                USB_DeviceEhciRecv
 .text.USB_DeviceEhciIsrFunction
                0x6000fd24       0x84 ./usb/device/source/ehci/usb_device_ehci.o
                0x6000fd24                USB_DeviceEhciIsrFunction
 .text.USB_DeviceEhciMaskUsbInterruptEnable
                0x6000fda8       0x5a ./usb/device/source/ehci/usb_device_ehci.o
                0x6000fda8                USB_DeviceEhciMaskUsbInterruptEnable
 .text.USB_DeviceCh9GetStatus
                0x6000fe02       0xe8 ./usb/device/source/usb_device_ch9.o
 .text.USB_DeviceCh9SetClearFeature
                0x6000feea       0xf2 ./usb/device/source/usb_device_ch9.o
 .text.USB_DeviceCh9SetAddress
                0x6000ffdc       0x9c ./usb/device/source/usb_device_ch9.o
 .text.USB_DeviceCh9GetDescriptor
                0x60010078      0x122 ./usb/device/source/usb_device_ch9.o
 .text.USB_DeviceCh9GetConfiguration
                0x6001019a       0x58 ./usb/device/source/usb_device_ch9.o
 .text.USB_DeviceCh9SetConfiguration
                0x600101f2       0x88 ./usb/device/source/usb_device_ch9.o
 .text.USB_DeviceCh9GetInterface
                0x6001027a       0x6e ./usb/device/source/usb_device_ch9.o
 .text.USB_DeviceCh9SetInterface
                0x600102e8       0x90 ./usb/device/source/usb_device_ch9.o
 .text.USB_DeviceCh9SynchFrame
                0x60010378       0x62 ./usb/device/source/usb_device_ch9.o
 .text.USB_DeviceControlCallbackFeedback
                0x600103da       0xb4 ./usb/device/source/usb_device_ch9.o
 .text.USB_DeviceFreeHandle
                0x6001048e       0x32 ./usb/device/source/usb_device_dci.o
 .text.USB_DeviceTransfer
                0x600104c0       0xea ./usb/device/source/usb_device_dci.o
 .text.USB_DeviceControl
                0x600105aa       0x4c ./usb/device/source/usb_device_dci.o
 .text.USB_DeviceResetNotification
                0x600105f6       0x98 ./usb/device/source/usb_device_dci.o
 .text.USB_DeviceNotification
                0x6001068e       0xfe ./usb/device/source/usb_device_dci.o
 .text.USB_DeviceNotificationTrigger
                0x6001078c       0x40 ./usb/device/source/usb_device_dci.o
                0x6001078c                USB_DeviceNotificationTrigger
 .text.USB_DeviceInit
                0x600107cc      0x166 ./usb/device/source/usb_device_dci.o
                0x600107cc                USB_DeviceInit
 .text.USB_DeviceRun
                0x60010932       0x1c ./usb/device/source/usb_device_dci.o
                0x60010932                USB_DeviceRun
 .text.USB_DeviceDeinit
                0x6001094e       0x42 ./usb/device/source/usb_device_dci.o
                0x6001094e                USB_DeviceDeinit
 .text.USB_DeviceSendRequest
                0x60010990       0x32 ./usb/device/source/usb_device_dci.o
                0x60010990                USB_DeviceSendRequest
 .text.USB_DeviceRecvRequest
                0x600109c2       0x2c ./usb/device/source/usb_device_dci.o
                0x600109c2                USB_DeviceRecvRequest
 .text.USB_DeviceInitEndpoint
                0x600109ee       0xbe ./usb/device/source/usb_device_dci.o
                0x600109ee                USB_DeviceInitEndpoint
 .text.USB_DeviceDeinitEndpoint
                0x60010aac       0xb0 ./usb/device/source/usb_device_dci.o
                0x60010aac                USB_DeviceDeinitEndpoint
 .text.USB_DeviceStallEndpoint
                0x60010b5c       0x30 ./usb/device/source/usb_device_dci.o
                0x60010b5c                USB_DeviceStallEndpoint
 .text.USB_DeviceUnstallEndpoint
                0x60010b8c       0x30 ./usb/device/source/usb_device_dci.o
                0x60010b8c                USB_DeviceUnstallEndpoint
 .text.USB_DeviceMidiFreeHandle
                0x60010bbc       0x3c ./usb/device/class/midi/usb_device_midi.o
 .text.USB_DeviceMidiBulkOut
                0x60010bf8       0x4c ./usb/device/class/midi/usb_device_midi.o
                0x60010bf8                USB_DeviceMidiBulkOut
 .text.USB_DeviceMidiBulkIn
                0x60010c44       0x4c ./usb/device/class/midi/usb_device_midi.o
                0x60010c44                USB_DeviceMidiBulkIn
 .text.USB_DeviceMidiStreamEndpointsDeinit
                0x60010c90       0x5e ./usb/device/class/midi/usb_device_midi.o
                0x60010c90                USB_DeviceMidiStreamEndpointsDeinit
 .text.USB_DeviceMidiInit
                0x60010cee       0x92 ./usb/device/class/midi/usb_device_midi.o
                0x60010cee                USB_DeviceMidiInit
 .text.USB_DeviceMidiDeinit
                0x60010d80       0x34 ./usb/device/class/midi/usb_device_midi.o
                0x60010d80                USB_DeviceMidiDeinit
 .text.USB_DeviceMidiSend
                0x60010db4       0x3c ./usb/device/class/midi/usb_device_midi.o
                0x60010db4                USB_DeviceMidiSend
 .text.USB_DeviceMidiRecv
                0x60010df0       0x3c ./usb/device/class/midi/usb_device_midi.o
                0x60010df0                USB_DeviceMidiRecv
 .text.USB_DeviceAudioFreeHandle
                0x60010e2c       0x42 ./usb/device/class/audio/usb_device_audio.o
 .text.USB_DeviceAudioOutIsochronousIn
                0x60010e6e       0x52 ./usb/device/class/audio/usb_device_audio.o
                0x60010e6e                USB_DeviceAudioOutIsochronousIn
 .text.USB_DeviceAudioOutIsochronousOut
                0x60010ec0       0x52 ./usb/device/class/audio/usb_device_audio.o
                0x60010ec0                USB_DeviceAudioOutIsochronousOut
 .text.USB_DeviceAudioInIsochronousIn
                0x60010f12       0x52 ./usb/device/class/audio/usb_device_audio.o
                0x60010f12                USB_DeviceAudioInIsochronousIn
 .text.USB_DeviceAudioOutStreamEndpointsDeinit
                0x60010f64       0xcc ./usb/device/class/audio/usb_device_audio.o
                0x60010f64                USB_DeviceAudioOutStreamEndpointsDeinit
 .text.USB_DeviceAudioInStreamEndpointsDeinit
                0x60011030       0xac ./usb/device/class/audio/usb_device_audio.o
                0x60011030                USB_DeviceAudioInStreamEndpointsDeinit
 .text.USB_DeviceAudioInit
                0x600110dc       0x7c ./usb/device/class/audio/usb_device_audio.o
                0x600110dc                USB_DeviceAudioInit
 .text.USB_DeviceAudioDeinit
                0x60011158       0x3e ./usb/device/class/audio/usb_device_audio.o
                0x60011158                USB_DeviceAudioDeinit
 .text.USB_DeviceAudioSend
                0x60011196       0x56 ./usb/device/class/audio/usb_device_audio.o
                0x60011196                USB_DeviceAudioSend
 .text.USB_DeviceAudioRecv
                0x600111ec       0x56 ./usb/device/class/audio/usb_device_audio.o
                0x600111ec                USB_DeviceAudioRecv
 .text.USB_DeviceAudioFeedbackInfoSend
                0x60011242       0x56 ./usb/device/class/audio/usb_device_audio.o
                0x60011242                USB_DeviceAudioFeedbackInfoSend
 .text.USB_DeviceClassCallback
                0x60011298       0x62 ./usb/device/class/usb_device_class.o
                0x60011298                USB_DeviceClassCallback
 .text.USB_DeviceClassGetSpeed
                0x600112fa       0x48 ./usb/device/class/usb_device_class.o
                0x600112fa                USB_DeviceClassGetSpeed
 .text.DMA0_IRQHandler
                0x60011342        0x8 ./startup/startup_mimxrt1011.o
                0x60011342                DMA0_IRQHandler
 .text.DMA1_IRQHandler
                0x6001134a        0x8 ./startup/startup_mimxrt1011.o
                0x6001134a                DMA1_IRQHandler
 .text.DMA2_IRQHandler
                0x60011352        0x8 ./startup/startup_mimxrt1011.o
                0x60011352                DMA2_IRQHandler
 .text.DMA3_IRQHandler
                0x6001135a        0x8 ./startup/startup_mimxrt1011.o
                0x6001135a                DMA3_IRQHandler
 .text.DMA4_IRQHandler
                0x60011362        0x8 ./startup/startup_mimxrt1011.o
                0x60011362                DMA4_IRQHandler
 .text.DMA5_IRQHandler
                0x6001136a        0x8 ./startup/startup_mimxrt1011.o
                0x6001136a                DMA5_IRQHandler
 .text.DMA6_IRQHandler
                0x60011372        0x8 ./startup/startup_mimxrt1011.o
                0x60011372                DMA6_IRQHandler
 .text.DMA7_IRQHandler
                0x6001137a        0x8 ./startup/startup_mimxrt1011.o
                0x6001137a                DMA7_IRQHandler
 .text.DMA8_IRQHandler
                0x60011382        0x8 ./startup/startup_mimxrt1011.o
                0x60011382                DMA8_IRQHandler
 .text.DMA9_IRQHandler
                0x6001138a        0x8 ./startup/startup_mimxrt1011.o
                0x6001138a                DMA9_IRQHandler
 .text.DMA10_IRQHandler
                0x60011392        0x8 ./startup/startup_mimxrt1011.o
                0x60011392                DMA10_IRQHandler
 .text.DMA11_IRQHandler
                0x6001139a        0x8 ./startup/startup_mimxrt1011.o
                0x6001139a                DMA11_IRQHandler
 .text.DMA12_IRQHandler
                0x600113a2        0x8 ./startup/startup_mimxrt1011.o
                0x600113a2                DMA12_IRQHandler
 .text.DMA13_IRQHandler
                0x600113aa        0x8 ./startup/startup_mimxrt1011.o
                0x600113aa                DMA13_IRQHandler
 .text.DMA14_IRQHandler
                0x600113b2        0x8 ./startup/startup_mimxrt1011.o
                0x600113b2                DMA14_IRQHandler
 .text.DMA15_IRQHandler
                0x600113ba        0x8 ./startup/startup_mimxrt1011.o
                0x600113ba                DMA15_IRQHandler
 .text.DMA_ERROR_IRQHandler
                0x600113c2        0x8 ./startup/startup_mimxrt1011.o
                0x600113c2                DMA_ERROR_IRQHandler
 .text.CTI0_ERROR_IRQHandler
                0x600113ca        0x8 ./startup/startup_mimxrt1011.o
                0x600113ca                CTI0_ERROR_IRQHandler
 .text.CTI1_ERROR_IRQHandler
                0x600113d2        0x8 ./startup/startup_mimxrt1011.o
                0x600113d2                CTI1_ERROR_IRQHandler
 .text.CORE_IRQHandler
                0x600113da        0x8 ./startup/startup_mimxrt1011.o
                0x600113da                CORE_IRQHandler
 .text.LPUART2_IRQHandler
                0x600113e2        0x8 ./startup/startup_mimxrt1011.o
                0x600113e2                LPUART2_IRQHandler
 .text.LPUART3_IRQHandler
                0x600113ea        0x8 ./startup/startup_mimxrt1011.o
                0x600113ea                LPUART3_IRQHandler
 .text.LPUART4_IRQHandler
                0x600113f2        0x8 ./startup/startup_mimxrt1011.o
                0x600113f2                LPUART4_IRQHandler
 .text.FLEXSPI_IRQHandler
                0x600113fa        0x8 ./startup/startup_mimxrt1011.o
                0x600113fa                FLEXSPI_IRQHandler
 .text.FLEXRAM_IRQHandler
                0x60011402        0x8 ./startup/startup_mimxrt1011.o
                0x60011402                FLEXRAM_IRQHandler
 .text.LPI2C1_IRQHandler
                0x6001140a        0x8 ./startup/startup_mimxrt1011.o
                0x6001140a                LPI2C1_IRQHandler
 .text.LPI2C2_IRQHandler
                0x60011412        0x8 ./startup/startup_mimxrt1011.o
                0x60011412                LPI2C2_IRQHandler
 .text.GPT1_IRQHandler
                0x6001141a        0x8 ./startup/startup_mimxrt1011.o
                0x6001141a                GPT1_IRQHandler
 .text.GPT2_IRQHandler
                0x60011422        0x8 ./startup/startup_mimxrt1011.o
                0x60011422                GPT2_IRQHandler
 .text.LPSPI1_IRQHandler
                0x6001142a        0x8 ./startup/startup_mimxrt1011.o
                0x6001142a                LPSPI1_IRQHandler
 .text.LPSPI2_IRQHandler
                0x60011432        0x8 ./startup/startup_mimxrt1011.o
                0x60011432                LPSPI2_IRQHandler
 .text.PWM1_0_IRQHandler
                0x6001143a        0x8 ./startup/startup_mimxrt1011.o
                0x6001143a                PWM1_0_IRQHandler
 .text.PWM1_1_IRQHandler
                0x60011442        0x8 ./startup/startup_mimxrt1011.o
                0x60011442                PWM1_1_IRQHandler
 .text.PWM1_2_IRQHandler
                0x6001144a        0x8 ./startup/startup_mimxrt1011.o
                0x6001144a                PWM1_2_IRQHandler
 .text.PWM1_3_IRQHandler
                0x60011452        0x8 ./startup/startup_mimxrt1011.o
                0x60011452                PWM1_3_IRQHandler
 .text.PWM1_FAULT_IRQHandler
                0x6001145a        0x8 ./startup/startup_mimxrt1011.o
                0x6001145a                PWM1_FAULT_IRQHandler
 .text.KPP_IRQHandler
                0x60011462        0x8 ./startup/startup_mimxrt1011.o
                0x60011462                KPP_IRQHandler
 .text.SRC_IRQHandler
                0x6001146a        0x8 ./startup/startup_mimxrt1011.o
                0x6001146a                SRC_IRQHandler
 .text.GPR_IRQ_IRQHandler
                0x60011472        0x8 ./startup/startup_mimxrt1011.o
                0x60011472                GPR_IRQ_IRQHandler
 .text.CCM_1_IRQHandler
                0x6001147a        0x8 ./startup/startup_mimxrt1011.o
                0x6001147a                CCM_1_IRQHandler
 .text.CCM_2_IRQHandler
                0x60011482        0x8 ./startup/startup_mimxrt1011.o
                0x60011482                CCM_2_IRQHandler
 .text.EWM_IRQHandler
                0x6001148a        0x8 ./startup/startup_mimxrt1011.o
                0x6001148a                EWM_IRQHandler
 .text.WDOG2_IRQHandler
                0x60011492        0x8 ./startup/startup_mimxrt1011.o
                0x60011492                WDOG2_IRQHandler
 .text.SNVS_HP_WRAPPER_IRQHandler
                0x6001149a        0x8 ./startup/startup_mimxrt1011.o
                0x6001149a                SNVS_HP_WRAPPER_IRQHandler
 .text.SNVS_HP_WRAPPER_TZ_IRQHandler
                0x600114a2        0x8 ./startup/startup_mimxrt1011.o
                0x600114a2                SNVS_HP_WRAPPER_TZ_IRQHandler
 .text.SNVS_LP_WRAPPER_IRQHandler
                0x600114aa        0x8 ./startup/startup_mimxrt1011.o
                0x600114aa                SNVS_LP_WRAPPER_IRQHandler
 .text.CSU_IRQHandler
                0x600114b2        0x8 ./startup/startup_mimxrt1011.o
                0x600114b2                CSU_IRQHandler
 .text.DCP_IRQHandler
                0x600114ba        0x8 ./startup/startup_mimxrt1011.o
                0x600114ba                DCP_IRQHandler
 .text.DCP_VMI_IRQHandler
                0x600114c2        0x8 ./startup/startup_mimxrt1011.o
                0x600114c2                DCP_VMI_IRQHandler
 .text.Reserved68_IRQHandler
                0x600114ca        0x8 ./startup/startup_mimxrt1011.o
                0x600114ca                Reserved68_IRQHandler
 .text.TRNG_IRQHandler
                0x600114d2        0x8 ./startup/startup_mimxrt1011.o
                0x600114d2                TRNG_IRQHandler
 .text.Reserved70_IRQHandler
                0x600114da        0x8 ./startup/startup_mimxrt1011.o
                0x600114da                Reserved70_IRQHandler
 .text.Reserved71_IRQHandler
                0x600114e2        0x8 ./startup/startup_mimxrt1011.o
                0x600114e2                Reserved71_IRQHandler
 .text.RTWDOG_IRQHandler
                0x600114ea        0x8 ./startup/startup_mimxrt1011.o
                0x600114ea                RTWDOG_IRQHandler
 .text.SAI3_RX_IRQHandler
                0x600114f2        0x8 ./startup/startup_mimxrt1011.o
                0x600114f2                SAI3_RX_IRQHandler
 .text.SAI3_TX_IRQHandler
                0x600114fa        0x8 ./startup/startup_mimxrt1011.o
                0x600114fa                SAI3_TX_IRQHandler
 .text.SPDIF_IRQHandler
                0x60011502        0x8 ./startup/startup_mimxrt1011.o
                0x60011502                SPDIF_IRQHandler
 .text.PMU_IRQHandler
                0x6001150a        0x8 ./startup/startup_mimxrt1011.o
                0x6001150a                PMU_IRQHandler
 .text.XBAR1_IRQ_0_1_2_3_IRQHandler
                0x60011512        0x8 ./startup/startup_mimxrt1011.o
                0x60011512                XBAR1_IRQ_0_1_2_3_IRQHandler
 .text.TEMP_LOW_HIGH_IRQHandler
                0x6001151a        0x8 ./startup/startup_mimxrt1011.o
                0x6001151a                TEMP_LOW_HIGH_IRQHandler
 .text.TEMP_PANIC_IRQHandler
                0x60011522        0x8 ./startup/startup_mimxrt1011.o
                0x60011522                TEMP_PANIC_IRQHandler
 .text.USB_PHY_IRQHandler
                0x6001152a        0x8 ./startup/startup_mimxrt1011.o
                0x6001152a                USB_PHY_IRQHandler
 .text.GPC_IRQHandler
                0x60011532        0x8 ./startup/startup_mimxrt1011.o
                0x60011532                GPC_IRQHandler
 .text.FLEXIO1_IRQHandler
                0x6001153a        0x8 ./startup/startup_mimxrt1011.o
                0x6001153a                FLEXIO1_IRQHandler
 .text.DCDC_IRQHandler
                0x60011542        0x8 ./startup/startup_mimxrt1011.o
                0x60011542                DCDC_IRQHandler
 .text.GPIO1_Combined_0_15_IRQHandler
                0x6001154a        0x8 ./startup/startup_mimxrt1011.o
                0x6001154a                GPIO1_Combined_0_15_IRQHandler
 .text.GPIO1_Combined_16_31_IRQHandler
                0x60011552        0x8 ./startup/startup_mimxrt1011.o
                0x60011552                GPIO1_Combined_16_31_IRQHandler
 .text.GPIO2_Combined_0_15_IRQHandler
                0x6001155a        0x8 ./startup/startup_mimxrt1011.o
                0x6001155a                GPIO2_Combined_0_15_IRQHandler
 .text.GPIO5_Combined_0_15_IRQHandler
                0x60011562        0x8 ./startup/startup_mimxrt1011.o
                0x60011562                GPIO5_Combined_0_15_IRQHandler
 .text.WDOG1_IRQHandler
                0x6001156a        0x8 ./startup/startup_mimxrt1011.o
                0x6001156a                WDOG1_IRQHandler
 .text.ADC_ETC_IRQ0_IRQHandler
                0x60011572        0x8 ./startup/startup_mimxrt1011.o
                0x60011572                ADC_ETC_IRQ0_IRQHandler
 .text.ADC_ETC_IRQ1_IRQHandler
                0x6001157a        0x8 ./startup/startup_mimxrt1011.o
                0x6001157a                ADC_ETC_IRQ1_IRQHandler
 .text.ADC_ETC_IRQ2_IRQHandler
                0x60011582        0x8 ./startup/startup_mimxrt1011.o
                0x60011582                ADC_ETC_IRQ2_IRQHandler
 .text.ADC_ETC_IRQ3_IRQHandler
                0x6001158a        0x8 ./startup/startup_mimxrt1011.o
                0x6001158a                ADC_ETC_IRQ3_IRQHandler
 .text.ADC_ETC_ERROR_IRQ_IRQHandler
                0x60011592        0x8 ./startup/startup_mimxrt1011.o
                0x60011592                ADC_ETC_ERROR_IRQ_IRQHandler
 .text.minmaxconv
                0x6001159a       0xb6 ./source/trigger/trigger.o
                0x6001159a                minmaxconv
 .text.oscSetup
                0x60011650       0x74 ./source/oscillator/oscillator.o
 .text.OnMemoryOscillatorSetup
                0x600116c4       0x3a ./source/oscillator/oscillator.o
                0x600116c4                OnMemoryOscillatorSetup
 .text.onmemoscExec
                0x600116fe       0x38 ./source/oscillator/oscillatorManager.o
 .text.onmemoscTell
                0x60011736       0x20 ./source/oscillator/oscillatorManager.o
 .text.onmemoryoscillatortest
                0x60011756       0x6e ./source/oscillator/oscillatorManager.o
                0x60011756                onmemoryoscillatortest
 .text.uint8Clip
                0x600117c4       0x36 ./source/oscillator/oscillatorProcess.o
                0x600117c4                uint8Clip
 .text.xfaderExecute
                0x600117fa      0x158 ./source/oscillator/oscillatorProcess.o
 .text.oscSetup
                0x60011952       0x9a ./source/oscillator/oscillatorProcess.o
 .text.oscEnd   0x600119ec       0x4c ./source/oscillator/oscillatorProcess.o
 .text.dputc_local_sub
                0x60011a38       0x5e ./source/midi_debug_monitor/midi_debug_monitor.o
                0x60011a38                dputc_local_sub
 .text.dputs_local
                0x60011a96       0x34 ./source/midi_debug_monitor/midi_debug_monitor.o
                0x60011a96                dputs_local
 .text.dprintf  0x60011aca       0x4a ./source/midi_debug_monitor/midi_debug_monitor.o
                0x60011aca                dprintf
 .text.audio_task_init
                0x60011b14       0x1c ./source/audio_task/audio_task.o
                0x60011b14                audio_task_init
 .text.EnableIRQ
                0x60011b30       0x2c ./source/audio_player.o
 .text.CODEC_SetFormat
                0x60011b5c       0x26 ./source/audio_player.o
 .text.SAI_TxGetStatusFlag
                0x60011b82       0x18 ./source/audio_player.o
 .text.SAI_TxClearStatusFlags
                0x60011b9a       0x26 ./source/audio_player.o
 .text.SAI_RxGetStatusFlag
                0x60011bc0       0x1a ./source/audio_player.o
 .text.SAI_RxClearStatusFlags
                0x60011bda       0x2a ./source/audio_player.o
 .text.SAI_TxEnableInterrupts
                0x60011c04       0x26 ./source/audio_player.o
 .text.SAI_RxEnableInterrupts
                0x60011c2a       0x2a ./source/audio_player.o
 .text.SAI_WriteData
                0x60011c54       0x24 ./source/audio_player.o
 .text.SAI_ReadData
                0x60011c78       0x20 ./source/audio_player.o
 .text.EnableIRQ
                0x60011c98       0x2c ./source/composite.o
 .text.DisableIRQ
                0x60011cc4       0x2c ./source/composite.o
 .text.PIT_EnableInterrupts
                0x60011cf0       0x3a ./source/composite.o
 .text.PIT_ClearStatusFlags
                0x60011d2a       0x2a ./source/composite.o
 .text.PIT_SetTimerPeriod
                0x60011d54       0x28 ./source/composite.o
 .text.PIT_StartTimer
                0x60011d7c       0x38 ./source/composite.o
 .text.PIT_StopTimer
                0x60011db4       0x38 ./source/composite.o
 .text.USB_DeviceIsrEnable
                0x60011dec       0x2c ./source/composite.o
                0x60011dec                USB_DeviceIsrEnable
 .text.EditResume1stStatus
                0x60011e18       0x14 ./source/edit.o
                0x60011e18                EditResume1stStatus
 .text.EnableIRQ
                0x60011e2c       0x2c ./source/midi_if.o
 .text.DisableIRQ
                0x60011e58       0x2c ./source/midi_if.o
 .text.LPUART_WriteByte
                0x60011e84       0x1e ./source/midi_if.o
 .text.EnableIRQ
                0x60011ea2       0x2c ./source/midi_player.o
 .text.USB_MIDI_IN_IDLE
                0x60011ece       0x10 ./source/midi_player.o
 .text.USB_MIDI_IDLE
                0x60011ede       0x10 ./source/midi_player.o
                0x60011ede                USB_MIDI_IDLE
 .text.SetParam
                0x60011eee       0x20 ./source/param.o
                0x60011eee                SetParam
 .text.GetParam
                0x60011f0e       0x18 ./source/param.o
                0x60011f0e                GetParam
 .text.CheckEditbuf
                0x60011f26       0x38 ./source/param.o
                0x60011f26                CheckEditbuf
 .text.InitFxValue
                0x60011f5e        0xe ./source/param.o
                0x60011f5e                InitFxValue
 .text.HardFault_Handler
                0x60011f6c       0x2c ./source/semihost_hardfault.o
                0x60011f6c                HardFault_Handler
 .text.DisableGlobalIRQ
                0x60011f98       0x22 ./osa/usb_osa_bm.o
 .text.EnableGlobalIRQ
                0x60011fba       0x20 ./osa/usb_osa_bm.o
 .text.USB_OsaEnterCritical
                0x60011fda       0x1c ./osa/usb_osa_bm.o
                0x60011fda                USB_OsaEnterCritical
 .text.USB_OsaExitCritical
                0x60011ff6       0x16 ./osa/usb_osa_bm.o
                0x60011ff6                USB_OsaExitCritical
 .text.CLOCK_GetRtcFreq
                0x6001200c       0x12 ./drivers/fsl_clock.o
 .text.CLOCK_IsPllBypassed
                0x6001201e       0x32 ./drivers/fsl_clock.o
 .text.CLOCK_IsPllEnabled
                0x60012050       0x3c ./drivers/fsl_clock.o
 .text.CLOCK_GetPllBypassRefClk
                0x6001208c       0x32 ./drivers/fsl_clock.o
 .text.CLOCK_EnableClock
                0x600120be       0x1e ./drivers/fsl_lpi2c.o
 .text.LPI2C_MasterReset
                0x600120dc       0x20 ./drivers/fsl_lpi2c.o
 .text.LPI2C_MasterEnable
                0x600120fc       0x28 ./drivers/fsl_lpi2c.o
 .text.LPI2C_MasterGetStatusFlags
                0x60012124       0x18 ./drivers/fsl_lpi2c.o
 .text.LPI2C_MasterClearStatusFlags
                0x6001213c       0x1c ./drivers/fsl_lpi2c.o
 .text.LPI2C_MasterSetWatermarks
                0x60012158       0x2c ./drivers/fsl_lpi2c.o
 .text.LPI2C_MasterGetFifoCounts
                0x60012184       0x3e ./drivers/fsl_lpi2c.o
 .text.LPI2C_MasterCheckAndClearError
                0x600121c2       0x80 ./drivers/fsl_lpi2c.o
                0x600121c2                LPI2C_MasterCheckAndClearError
 .text.LPI2C_MasterWaitForTxReady
                0x60012242       0x4e ./drivers/fsl_lpi2c.o
 .text.LPI2C_CheckForBusyBus
                0x60012290       0x38 ./drivers/fsl_lpi2c.o
                0x60012290                LPI2C_CheckForBusyBus
 .text.LPI2C_MasterStop
                0x600122c8       0x66 ./drivers/fsl_lpi2c.o
                0x600122c8                LPI2C_MasterStop
 .text.CLOCK_EnableClock
                0x6001232e       0x1e ./drivers/fsl_lpuart.o
 .text.LPUART_SoftwareReset
                0x6001234c       0x2c ./drivers/fsl_lpuart.o
 .text.LPUART_EnableInterrupts
                0x60012378       0x52 ./drivers/fsl_lpuart.o
                0x60012378                LPUART_EnableInterrupts
 .text.LPUART_DisableInterrupts
                0x600123ca       0x58 ./drivers/fsl_lpuart.o
                0x600123ca                LPUART_DisableInterrupts
 .text.LPUART_GetStatusFlags
                0x60012422       0x2c ./drivers/fsl_lpuart.o
                0x60012422                LPUART_GetStatusFlags
 .text.CLOCK_EnableClock
                0x6001244e       0x1e ./drivers/fsl_pit.o
 .text.CLOCK_EnableClock
                0x6001246c       0x1e ./drivers/fsl_sai.o
 .text.SAI_TxClearStatusFlags
                0x6001248a       0x26 ./drivers/fsl_sai.o
 .text.SAI_RxClearStatusFlags
                0x600124b0       0x2a ./drivers/fsl_sai.o
 .text.SAI_TxSetFIFOErrorContinue
                0x600124da       0x38 ./drivers/fsl_sai.o
 .text.SAI_RxSetFIFOErrorContinue
                0x60012512       0x40 ./drivers/fsl_sai.o
 .text.SAI_TxGetDefaultConfig
                0x60012552       0x32 ./drivers/fsl_sai.o
                0x60012552                SAI_TxGetDefaultConfig
 .text.SAI_RxGetDefaultConfig
                0x60012584       0x32 ./drivers/fsl_sai.o
                0x60012584                SAI_RxGetDefaultConfig
 .text.SAI_TxSetFormat
                0x600125b6      0x16a ./drivers/fsl_sai.o
                0x600125b6                SAI_TxSetFormat
 .text.SAI_RxSetFormat
                0x60012720      0x18c ./drivers/fsl_sai.o
                0x60012720                SAI_RxSetFormat
 .text.SerialManager_StartWriting
                0x600128ac       0x48 ./component/serial_manager/serial_manager.o
 .text.SerialManager_WriteBlocking
                0x600128f4       0x20 ./component/serial_manager/serial_manager.o
                0x600128f4                SerialManager_WriteBlocking
 .text.CODEC_I2C_WriteReg
                0x60012914       0x58 ./codec/fsl_codec_common.o
                0x60012914                CODEC_I2C_WriteReg
 .text.CODEC_Init
                0x6001296c       0x44 ./codec/fsl_codec_common.o
                0x6001296c                CODEC_Init
 .text.WM8960_Deinit
                0x600129b0       0x4e ./codec/fsl_wm8960.o
                0x600129b0                WM8960_Deinit
 .text.WM8960_SetMasterSlave
                0x600129fe       0x34 ./codec/fsl_wm8960.o
                0x600129fe                WM8960_SetMasterSlave
 .text.WM8960_ModifyReg
                0x60012a32       0x7a ./codec/fsl_wm8960.o
                0x60012a32                WM8960_ModifyReg
 .text.BOARD_LPI2C_Init
                0x60012aac       0x3e ./board/board.o
                0x60012aac                BOARD_LPI2C_Init
 .text.BOARD_LPI2C_Send
                0x60012aea       0x4a ./board/board.o
                0x60012aea                BOARD_LPI2C_Send
 .text.BOARD_LPI2C_Receive
                0x60012b34       0x4a ./board/board.o
                0x60012b34                BOARD_LPI2C_Receive
 .text.CLOCK_DisableClock
                0x60012b7e       0x1e ./board/clock_config.o
 .text.CLOCK_SetPllBypass
                0x60012b9c       0x4e ./board/clock_config.o
 .text.IOMUXC_SetSaiMClkClockSource
                0x60012bea       0x6c ./board/clock_config.o
 .text.CLOCK_EnableClock
                0x60012c56       0x1e ./board/pin_mux.o
 .text.IOMUXC_SetPinMux
                0x60012c74       0x3a ./board/pin_mux.o
 .text.IOMUXC_SetPinConfig
                0x60012cae       0x26 ./board/pin_mux.o
 .text.__main   0x60012cd4        0xe C:/NXP/MCUXpressoIDE_11.10.0_3148/ide/plugins/com.nxp.mcuxpresso.tools.win32_11.10.0.202311280810/tools/bin/../lib/gcc/arm-none-eabi/13.2.1/../../../../arm-none-eabi/lib/thumb/v7e-m+fp/hard\libcr_nohost_nf.a(_cr__main.o)
                0x60012cd4                __main
 .text.__sys_appexit
                0x60012ce2        0x2 C:/NXP/MCUXpressoIDE_11.10.0_3148/ide/plugins/com.nxp.mcuxpresso.tools.win32_11.10.0.202311280810/tools/bin/../lib/gcc/arm-none-eabi/13.2.1/../../../../arm-none-eabi/lib/thumb/v7e-m+fp/hard\libcr_nohost_nf.a(__sys_appexit.o)
                0x60012ce2                __sys_appexit
                0x60012ce2                __exit
 .text.memcpy   0x60012ce4        0x4 C:/NXP/MCUXpressoIDE_11.10.0_3148/ide/plugins/com.nxp.mcuxpresso.tools.win32_11.10.0.202311280810/tools/bin/../lib/gcc/arm-none-eabi/13.2.1/../../../../arm-none-eabi/lib/thumb/v7e-m+fp/hard\libcr_c.a(memcpy.o)
                0x60012ce4                memcpy
 .text.memset   0x60012ce8        0x4 C:/NXP/MCUXpressoIDE_11.10.0_3148/ide/plugins/com.nxp.mcuxpresso.tools.win32_11.10.0.202311280810/tools/bin/../lib/gcc/arm-none-eabi/13.2.1/../../../../arm-none-eabi/lib/thumb/v7e-m+fp/hard\libcr_c.a(memset.o)
                0x60012ce8                memset
 .text._deferredlazyseek
                0x60012cec       0x40 C:/NXP/MCUXpressoIDE_11.10.0_3148/ide/plugins/com.nxp.mcuxpresso.tools.win32_11.10.0.202311280810/tools/bin/../lib/gcc/arm-none-eabi/13.2.1/../../../../arm-none-eabi/lib/thumb/v7e-m+fp/hard\libcr_c.a(_deferredlazyseek.o)
                0x60012cec                _deferredlazyseek
 .text.__flsbuf
                0x60012d2c      0x126 C:/NXP/MCUXpressoIDE_11.10.0_3148/ide/plugins/com.nxp.mcuxpresso.tools.win32_11.10.0.202311280810/tools/bin/../lib/gcc/arm-none-eabi/13.2.1/../../../../arm-none-eabi/lib/thumb/v7e-m+fp/hard\libcr_c.a(_deferredlazyseek.o)
                0x60012d2c                __flsbuf
 .text._fflush  0x60012e52       0x52 C:/NXP/MCUXpressoIDE_11.10.0_3148/ide/plugins/com.nxp.mcuxpresso.tools.win32_11.10.0.202311280810/tools/bin/../lib/gcc/arm-none-eabi/13.2.1/../../../../arm-none-eabi/lib/thumb/v7e-m+fp/hard\libcr_c.a(_fflush.o)
                0x60012e52                _fflush
 .text.free     0x60012ea4       0x30 C:/NXP/MCUXpressoIDE_11.10.0_3148/ide/plugins/com.nxp.mcuxpresso.tools.win32_11.10.0.202311280810/tools/bin/../lib/gcc/arm-none-eabi/13.2.1/../../../../arm-none-eabi/lib/thumb/v7e-m+fp/hard\libcr_c.a(alloc.o)
                0x60012ea4                free
 .text.fputs    0x60012ed4       0x2c C:/NXP/MCUXpressoIDE_11.10.0_3148/ide/plugins/com.nxp.mcuxpresso.tools.win32_11.10.0.202311280810/tools/bin/../lib/gcc/arm-none-eabi/13.2.1/../../../../arm-none-eabi/lib/thumb/v7e-m+fp/hard\libcr_c.a(fputs.o)
                0x60012ed4                fputs
 .text.no_fp_display
                0x60012f00        0x4 C:/NXP/MCUXpressoIDE_11.10.0_3148/ide/plugins/com.nxp.mcuxpresso.tools.win32_11.10.0.202311280810/tools/bin/../lib/gcc/arm-none-eabi/13.2.1/../../../../arm-none-eabi/lib/thumb/v7e-m+fp/hard\libcr_c.a(printf.o)
 .text.setvbuf  0x60012f04       0x3e C:/NXP/MCUXpressoIDE_11.10.0_3148/ide/plugins/com.nxp.mcuxpresso.tools.win32_11.10.0.202311280810/tools/bin/../lib/gcc/arm-none-eabi/13.2.1/../../../../arm-none-eabi/lib/thumb/v7e-m+fp/hard\libcr_c.a(setvbuf.o)
                0x60012f04                setvbuf
 .text.strlen   0x60012f42       0x4e C:/NXP/MCUXpressoIDE_11.10.0_3148/ide/plugins/com.nxp.mcuxpresso.tools.win32_11.10.0.202311280810/tools/bin/../lib/gcc/arm-none-eabi/13.2.1/../../../../arm-none-eabi/lib/thumb/v7e-m+fp/hard\libcr_c.a(strlen.o)
                0x60012f42                strlen
 .text._fdopen  0x60012f90       0x68 C:/NXP/MCUXpressoIDE_11.10.0_3148/ide/plugins/com.nxp.mcuxpresso.tools.win32_11.10.0.202311280810/tools/bin/../lib/gcc/arm-none-eabi/13.2.1/../../../../arm-none-eabi/lib/thumb/v7e-m+fp/hard\libcr_c.a(_fdopen.o)
                0x60012f90                _fdopen
 .text.fclose   0x60012ff8       0x58 C:/NXP/MCUXpressoIDE_11.10.0_3148/ide/plugins/com.nxp.mcuxpresso.tools.win32_11.10.0.202311280810/tools/bin/../lib/gcc/arm-none-eabi/13.2.1/../../../../arm-none-eabi/lib/thumb/v7e-m+fp/hard\libcr_c.a(fclose.o)
                0x60012ff8                fclose
 .text.remove   0x60013050       0x14 C:/NXP/MCUXpressoIDE_11.10.0_3148/ide/plugins/com.nxp.mcuxpresso.tools.win32_11.10.0.202311280810/tools/bin/../lib/gcc/arm-none-eabi/13.2.1/../../../../arm-none-eabi/lib/thumb/v7e-m+fp/hard\libcr_c.a(remove.o)
                0x60013050                remove
 .text._do_fflush
                0x60013064       0x40 C:/NXP/MCUXpressoIDE_11.10.0_3148/ide/plugins/com.nxp.mcuxpresso.tools.win32_11.10.0.202311280810/tools/bin/../lib/gcc/arm-none-eabi/13.2.1/../../../../arm-none-eabi/lib/thumb/v7e-m+fp/hard\libcr_c.a(_do_fflush.o)
                0x60013064                _do_fflush
 .text.__aeabi_division_uldivmod
                0x600130a4      0x174 C:/NXP/MCUXpressoIDE_11.10.0_3148/ide/plugins/com.nxp.mcuxpresso.tools.win32_11.10.0.202311280810/tools/bin/../lib/gcc/arm-none-eabi/13.2.1/thumb/v7e-m+fp/hard\libcr_eabihelpers.a(division_64.o)
                0x600130a4                __aeabi_uldivmod
                0x600130a8                __bhs_ldivmod1
 .text.__aeabi_division_idiv0
                0x60013218        0x2 C:/NXP/MCUXpressoIDE_11.10.0_3148/ide/plugins/com.nxp.mcuxpresso.tools.win32_11.10.0.202311280810/tools/bin/../lib/gcc/arm-none-eabi/13.2.1/thumb/v7e-m+fp/hard\libcr_eabihelpers.a(division_idiv0.o)
                0x60013218                __aeabi_idiv0
 .text.__aeabi_memcpy
                0x6001321a       0x34 C:/NXP/MCUXpressoIDE_11.10.0_3148/ide/plugins/com.nxp.mcuxpresso.tools.win32_11.10.0.202311280810/tools/bin/../lib/gcc/arm-none-eabi/13.2.1/thumb/v7e-m+fp/hard\libcr_eabihelpers.a(memcpy.o)
                0x6001321a                __aeabi_memcpy
                0x60013224                __aeabi_memcpy8
                0x60013224                __aeabi_memcpy4
 .text.__aeabi_memset_lowlevel
                0x6001324e       0x32 C:/NXP/MCUXpressoIDE_11.10.0_3148/ide/plugins/com.nxp.mcuxpresso.tools.win32_11.10.0.202311280810/tools/bin/../lib/gcc/arm-none-eabi/13.2.1/thumb/v7e-m+fp/hard\libcr_eabihelpers.a(memcpy.o)
                0x6001324e                __aeabi_lowlevel_memset
 .text.__sys_close
                0x60013280        0x6 C:/NXP/MCUXpressoIDE_11.10.0_3148/ide/plugins/com.nxp.mcuxpresso.tools.win32_11.10.0.202311280810/tools/bin/../lib/gcc/arm-none-eabi/13.2.1/../../../../arm-none-eabi/lib/thumb/v7e-m+fp/hard\libcr_nohost_nf.a(__sys_close.o)
                0x60013280                __sys_close
 .text.__sys_flen
                0x60013286        0x6 C:/NXP/MCUXpressoIDE_11.10.0_3148/ide/plugins/com.nxp.mcuxpresso.tools.win32_11.10.0.202311280810/tools/bin/../lib/gcc/arm-none-eabi/13.2.1/../../../../arm-none-eabi/lib/thumb/v7e-m+fp/hard\libcr_nohost_nf.a(__sys_flen.o)
                0x60013286                __sys_flen
 .text.__sys_istty
                0x6001328c        0x6 C:/NXP/MCUXpressoIDE_11.10.0_3148/ide/plugins/com.nxp.mcuxpresso.tools.win32_11.10.0.202311280810/tools/bin/../lib/gcc/arm-none-eabi/13.2.1/../../../../arm-none-eabi/lib/thumb/v7e-m+fp/hard\libcr_nohost_nf.a(__sys_istty.o)
                0x6001328c                __sys_istty
 .text.__sys_remove
                0x60013292        0x6 C:/NXP/MCUXpressoIDE_11.10.0_3148/ide/plugins/com.nxp.mcuxpresso.tools.win32_11.10.0.202311280810/tools/bin/../lib/gcc/arm-none-eabi/13.2.1/../../../../arm-none-eabi/lib/thumb/v7e-m+fp/hard\libcr_nohost_nf.a(__sys_remove.o)
                0x60013292                __sys_remove
 .text.__sys_seek
                0x60013298        0x6 C:/NXP/MCUXpressoIDE_11.10.0_3148/ide/plugins/com.nxp.mcuxpresso.tools.win32_11.10.0.202311280810/tools/bin/../lib/gcc/arm-none-eabi/13.2.1/../../../../arm-none-eabi/lib/thumb/v7e-m+fp/hard\libcr_nohost_nf.a(__sys_seek.o)
                0x60013298                __sys_seek
 .text.__sys_tmpnam
                0x6001329e        0x6 C:/NXP/MCUXpressoIDE_11.10.0_3148/ide/plugins/com.nxp.mcuxpresso.tools.win32_11.10.0.202311280810/tools/bin/../lib/gcc/arm-none-eabi/13.2.1/../../../../arm-none-eabi/lib/thumb/v7e-m+fp/hard\libcr_nohost_nf.a(__sys_tmpnam.o)
                0x6001329e                __sys_tmpnam
 .text.__sys_write
                0x600132a4        0x4 C:/NXP/MCUXpressoIDE_11.10.0_3148/ide/plugins/com.nxp.mcuxpresso.tools.win32_11.10.0.202311280810/tools/bin/../lib/gcc/arm-none-eabi/13.2.1/../../../../arm-none-eabi/lib/thumb/v7e-m+fp/hard\libcr_nohost_nf.a(__sys_write.o)
                0x600132a4                __sys_write
 *(SORT_BY_ALIGNMENT(.rodata) SORT_BY_ALIGNMENT(.rodata.*) SORT_BY_ALIGNMENT(.constdata) SORT_BY_ALIGNMENT(.constdata.*))
 .rodata.DbgConsole_SendDataReliable.str1.4
                0x600132a8      0x9b1 ./utilities/fsl_debug_console.o
                                 0x4c (size before relaxing)
 *fill*         0x60013c59        0x3 ff
 .rodata.s_UsbDeviceStandardRequest
                0x60013c5c       0x34 ./usb/device/source/usb_device_ch9.o
 .rodata.s_UsbDeviceEhciInterface
                0x60013c90       0x18 ./usb/device/source/usb_device_dci.o
 .rodata.s_UsbDeviceClassInterfaceMap
                0x60013ca8       0x30 ./usb/device/class/usb_device_class.o
 .rodata.ADC_GetChannelConversionValue.str1.4
                0x60013cd8       0xc6 ./source/trigger/adc.o
 .rodata        0x60013cd8        0x6 ./source/trigger/extpad.o
 *fill*         0x60013cde        0x2 ff
 .rodata.tbl.1  0x60013ce0        0xc ./source/oscillator/oscillator.o
 .rodata.tbl.0  0x60013cec        0xc ./source/oscillator/oscillator.o
 .rodata.decaytbl
                0x60013cf8      0x194 ./source/oscillator/oscillatorProcess.o
 .rodata.eg_coef.0
                0x60013e8c        0x4 ./source/oscillator/oscillatorProcess.o
 .rodata.dputbuf_flush_local_sub.str1.4
                0x60013e90        0x8 ./source/midi_debug_monitor/midi_debug_monitor.o
 .rodata.chTbl.0
                0x60013e90        0x8 ./source/audio_task/audio_task.o
 .rodata.CLOCK_SetMux.str1.4
                0x60013e98       0xa4 ./source/audio_player.o
 .rodata.CLOCK_SetDiv.str1.4
                0x60013e98       0xa4 ./source/audio_player.o
 .rodata.audioPllConfig
                0x60013e98       0x10 ./source/audio_player.o
                0x60013e98                audioPllConfig
 .rodata        0x60013ea8        0x3 ./source/audio_player.o
 .rodata.USB_AudioCodecTask.str1.4
                0x60013eab       0x2a ./source/audio_player.o
 .rodata.CLOCK_SetMux.str1.4
                0x60013eab       0xa4 ./source/composite.o
 .rodata.CLOCK_SetDiv.str1.4
                0x60013eab       0xa4 ./source/composite.o
 .rodata.PIT_GetDefaultConfig.str1.4
                0x60013eab       0x8b ./source/composite.o
 .rodata.APPInit.str1.4
                0x60013eab       0x44 ./source/composite.o
 .rodata.main.str1.4
                0x60013eab        0xf ./source/composite.o
 *fill*         0x60013eab        0x1 ff
 .rodata.usbMidiDecodeInfo
                0x60013eac       0x20 ./source/midi_player.o
 .rodata.globalbuf_ini
                0x60013ecc       0x18 ./source/param.o
                0x60013ecc                globalbuf_ini
 .rodata.ADC_SetChannelConfig.str1.4
                0x60013ee4       0x72 ./drivers/fsl_adc.o
 .rodata.CLOCK_InitExternalClk.str1.4
                0x60013ee4       0x21 ./drivers/fsl_clock.o
 .rodata.EDMA_HandleIRQ.str1.4
                0x60013ee4       0x21 ./drivers/fsl_edma.o
 .rodata.GPIO_PinWrite.str1.4
                0x60013ee4       0x1b ./drivers/fsl_gpio.o
 .rodata.CLOCK_ControlGate.str1.4
                0x60013ee4       0x1d ./drivers/fsl_lpi2c.o
 .rodata.kLpi2cBases
                0x60013ee4        0xc ./drivers/fsl_lpi2c.o
 .rodata.kLpi2cClocks
                0x60013ef0        0x6 ./drivers/fsl_lpi2c.o
 .rodata.LPI2C_GetInstance.str1.4
                0x60013ef6       0x18 ./drivers/fsl_lpi2c.o
 .rodata.LPI2C_GetCyclesForWidth.str1.4
                0x60013ef6       0x49 ./drivers/fsl_lpi2c.o
 .rodata.LPI2C_MasterReceive.str1.4
                0x60013ef6       0x21 ./drivers/fsl_lpi2c.o
 .rodata.LPI2C_MasterSend.str1.4
                0x60013ef6       0x21 ./drivers/fsl_lpi2c.o
 .rodata.LPI2C_MasterTransferBlocking.str1.4
                0x60013ef6       0x6f ./drivers/fsl_lpi2c.o
 .rodata.CLOCK_ControlGate.str1.4
                0x60013ef6       0x1d ./drivers/fsl_lpuart.o