Archive member included to satisfy reference by file (symbol)

c:/nxp/mcuxpressoide_11.1.1_3241/ide/plugins/com.nxp.mcuxpresso.tools.win32_11.1.0.202001081728/tools/bin/../lib/gcc/arm-none-eabi/8.3.1/../../../../arm-none-eabi/lib/thumb/v7e-m+fp/hard\libcr_nohost_nf.a(_cr__main.o)
                              ./startup/startup_mimxrt1011.o (__main)
c:/nxp/mcuxpressoide_11.1.1_3241/ide/plugins/com.nxp.mcuxpresso.tools.win32_11.1.0.202001081728/tools/bin/../lib/gcc/arm-none-eabi/8.3.1/../../../../arm-none-eabi/lib/thumb/v7e-m+fp/hard\libcr_nohost_nf.a(_cr_assert.o)
                              ./utilities/fsl_debug_console.o (__assertion_failed)
c:/nxp/mcuxpressoide_11.1.1_3241/ide/plugins/com.nxp.mcuxpresso.tools.win32_11.1.0.202001081728/tools/bin/../lib/gcc/arm-none-eabi/8.3.1/../../../../arm-none-eabi/lib/thumb/v7e-m+fp/hard\libcr_nohost_nf.a(__ciob.o)
                              c:/nxp/mcuxpressoide_11.1.1_3241/ide/plugins/com.nxp.mcuxpresso.tools.win32_11.1.0.202001081728/tools/bin/../lib/gcc/arm-none-eabi/8.3.1/../../../../arm-none-eabi/lib/thumb/v7e-m+fp/hard\libcr_nohost_nf.a(_cr_assert.o) (__Ciob)
c:/nxp/mcuxpressoide_11.1.1_3241/ide/plugins/com.nxp.mcuxpresso.tools.win32_11.1.0.202001081728/tools/bin/../lib/gcc/arm-none-eabi/8.3.1/../../../../arm-none-eabi/lib/thumb/v7e-m+fp/hard\libcr_nohost_nf.a(__sys_appexit.o)
                              c:/nxp/mcuxpressoide_11.1.1_3241/ide/plugins/com.nxp.mcuxpresso.tools.win32_11.1.0.202001081728/tools/bin/../lib/gcc/arm-none-eabi/8.3.1/../../../../arm-none-eabi/lib/thumb/v7e-m+fp/hard\libcr_nohost_nf.a(_cr_assert.o) (__sys_appexit)
c:/nxp/mcuxpressoide_11.1.1_3241/ide/plugins/com.nxp.mcuxpresso.tools.win32_11.1.0.202001081728/tools/bin/../lib/gcc/arm-none-eabi/8.3.1/../../../../arm-none-eabi/lib/thumb/v7e-m+fp/hard\libcr_c.a(memcpy.o)
                              ./codec/fsl_wm8960.o (memcpy)
c:/nxp/mcuxpressoide_11.1.1_3241/ide/plugins/com.nxp.mcuxpresso.tools.win32_11.1.0.202001081728/tools/bin/../lib/gcc/arm-none-eabi/8.3.1/../../../../arm-none-eabi/lib/thumb/v7e-m+fp/hard\libcr_c.a(memset.o)
                              ./utilities/fsl_debug_console.o (memset)
c:/nxp/mcuxpressoide_11.1.1_3241/ide/plugins/com.nxp.mcuxpresso.tools.win32_11.1.0.202001081728/tools/bin/../lib/gcc/arm-none-eabi/8.3.1/../../../../arm-none-eabi/lib/thumb/v7e-m+fp/hard\libcr_c.a(_deferredlazyseek.o)
                              c:/nxp/mcuxpressoide_11.1.1_3241/ide/plugins/com.nxp.mcuxpresso.tools.win32_11.1.0.202001081728/tools/bin/../lib/gcc/arm-none-eabi/8.3.1/../../../../arm-none-eabi/lib/thumb/v7e-m+fp/hard\libcr_nohost_nf.a(_cr_assert.o) (__flsbuf)
c:/nxp/mcuxpressoide_11.1.1_3241/ide/plugins/com.nxp.mcuxpresso.tools.win32_11.1.0.202001081728/tools/bin/../lib/gcc/arm-none-eabi/8.3.1/../../../../arm-none-eabi/lib/thumb/v7e-m+fp/hard\libcr_c.a(_fflush.o)
                              c:/nxp/mcuxpressoide_11.1.1_3241/ide/plugins/com.nxp.mcuxpresso.tools.win32_11.1.0.202001081728/tools/bin/../lib/gcc/arm-none-eabi/8.3.1/../../../../arm-none-eabi/lib/thumb/v7e-m+fp/hard\libcr_c.a(_deferredlazyseek.o) (_fflush)
c:/nxp/mcuxpressoide_11.1.1_3241/ide/plugins/com.nxp.mcuxpresso.tools.win32_11.1.0.202001081728/tools/bin/../lib/gcc/arm-none-eabi/8.3.1/../../../../arm-none-eabi/lib/thumb/v7e-m+fp/hard\libcr_c.a(_writebuf.o)
                              c:/nxp/mcuxpressoide_11.1.1_3241/ide/plugins/com.nxp.mcuxpresso.tools.win32_11.1.0.202001081728/tools/bin/../lib/gcc/arm-none-eabi/8.3.1/../../../../arm-none-eabi/lib/thumb/v7e-m+fp/hard\libcr_c.a(_deferredlazyseek.o) (_Cwritebuf)
c:/nxp/mcuxpressoide_11.1.1_3241/ide/plugins/com.nxp.mcuxpresso.tools.win32_11.1.0.202001081728/tools/bin/../lib/gcc/arm-none-eabi/8.3.1/../../../../arm-none-eabi/lib/thumb/v7e-m+fp/hard\libcr_c.a(alloc.o)
                              ./osa/usb_osa_bm.o (malloc)
c:/nxp/mcuxpressoide_11.1.1_3241/ide/plugins/com.nxp.mcuxpresso.tools.win32_11.1.0.202001081728/tools/bin/../lib/gcc/arm-none-eabi/8.3.1/../../../../arm-none-eabi/lib/thumb/v7e-m+fp/hard\libcr_c.a(fputs.o)
                              c:/nxp/mcuxpressoide_11.1.1_3241/ide/plugins/com.nxp.mcuxpresso.tools.win32_11.1.0.202001081728/tools/bin/../lib/gcc/arm-none-eabi/8.3.1/../../../../arm-none-eabi/lib/thumb/v7e-m+fp/hard\libcr_nohost_nf.a(_cr_assert.o) (fputs)
c:/nxp/mcuxpressoide_11.1.1_3241/ide/plugins/com.nxp.mcuxpresso.tools.win32_11.1.0.202001081728/tools/bin/../lib/gcc/arm-none-eabi/8.3.1/../../../../arm-none-eabi/lib/thumb/v7e-m+fp/hard\libcr_c.a(fseek.o)
                              c:/nxp/mcuxpressoide_11.1.1_3241/ide/plugins/com.nxp.mcuxpresso.tools.win32_11.1.0.202001081728/tools/bin/../lib/gcc/arm-none-eabi/8.3.1/../../../../arm-none-eabi/lib/thumb/v7e-m+fp/hard\libcr_c.a(_deferredlazyseek.o) (fseek)
c:/nxp/mcuxpressoide_11.1.1_3241/ide/plugins/com.nxp.mcuxpresso.tools.win32_11.1.0.202001081728/tools/bin/../lib/gcc/arm-none-eabi/8.3.1/../../../../arm-none-eabi/lib/thumb/v7e-m+fp/hard\libcr_c.a(ftell.o)
[...]
Memory Configuration

Name             Origin             Length             Attributes
BOARD_FLASH      0x60000000         0x01000000         xr
SRAM_OC          0x20200000         0x00010000         xrw
SRAM_ITC         0x00000000         0x00008000         xrw
SRAM_DTC         0x20000000         0x00008000         xrw
NCACHE_REGION    0x20210000         0x00000000         xrw
*default*        0x00000000         0xffffffff

Linker script and memory map

LOAD ./xip/evkmimxrt1010_flexspi_nor_config.o
LOAD ./xip/fsl_flexspi_nor_boot.o
LOAD ./utilities/fsl_assert.o
LOAD ./utilities/fsl_debug_console.o
LOAD ./utilities/fsl_str.o
LOAD ./usb/phy/usb_phy.o
LOAD ./usb/device/source/ehci/usb_device_ehci.o
LOAD ./usb/device/source/usb_device_ch9.o
LOAD ./usb/device/source/usb_device_dci.o
LOAD ./usb/device/class/audio/usb_device_audio.o
LOAD ./usb/device/class/usb_device_class.o
LOAD ./startup/startup_mimxrt1011.o
LOAD ./source/audio_speaker.o
LOAD ./source/semihost_hardfault.o
LOAD ./source/usb_device_descriptor.o
LOAD ./osa/usb_osa_bm.o
LOAD ./drivers/fsl_cache.o
LOAD ./drivers/fsl_clock.o
LOAD ./drivers/fsl_common.o
LOAD ./drivers/fsl_dmamux.o
LOAD ./drivers/fsl_edma.o
LOAD ./drivers/fsl_gpio.o
LOAD ./drivers/fsl_lpi2c.o
LOAD ./drivers/fsl_lpuart.o
LOAD ./drivers/fsl_sai.o
LOAD ./drivers/fsl_sai_edma.o
LOAD ./device/system_MIMXRT1011.o
LOAD ./component/uart/lpuart_adapter.o
LOAD ./component/serial_manager/serial_manager.o
LOAD ./component/serial_manager/serial_port_uart.o
LOAD ./component/lists/generic_list.o
LOAD ./component/i2c/lpi2c_adapter.o
LOAD ./codec/fsl_codec_adapter.o
LOAD ./codec/fsl_codec_common.o
LOAD ./codec/fsl_codec_i2c.o
LOAD ./codec/fsl_wm8960.o
LOAD ./board/board.o
LOAD ./board/clock_config.o
LOAD ./board/pin_mux.o
START GROUP
LOAD c:/nxp/mcuxpressoide_11.1.1_3241/ide/plugins/com.nxp.mcuxpresso.tools.win32_11.1.0.202001081728/tools/bin/../lib/gcc/arm-none-eabi/8.3.1/../../../../arm-none-eabi/lib/thumb/v7e-m+fp/hard\libcr_nohost_nf.a
LOAD c:/nxp/mcuxpressoide_11.1.1_3241/ide/plugins/com.nxp.mcuxpresso.tools.win32_11.1.0.202001081728/tools/bin/../lib/gcc/arm-none-eabi/8.3.1/../../../../arm-none-eabi/lib/thumb/v7e-m+fp/hard\libcr_c.a
LOAD c:/nxp/mcuxpressoide_11.1.1_3241/ide/plugins/com.nxp.mcuxpresso.tools.win32_11.1.0.202001081728/tools/bin/../lib/gcc/arm-none-eabi/8.3.1/thumb/v7e-m+fp/hard\libcr_eabihelpers.a
LOAD c:/nxp/mcuxpressoide_11.1.1_3241/ide/plugins/com.nxp.mcuxpresso.tools.win32_11.1.0.202001081728/tools/bin/../lib/gcc/arm-none-eabi/8.3.1/thumb/v7e-m+fp/hard\libgcc.a
END GROUP
                0x60000000                __base_BOARD_FLASH = 0x60000000
                0x60000000                __base_Flash = 0x60000000
                0x61000000                __top_BOARD_FLASH = 0x61000000
                0x61000000                __top_Flash = 0x61000000
                0x20200000                __base_SRAM_OC = 0x20200000
                0x20200000                __base_RAM = 0x20200000
                0x20210000                __top_SRAM_OC = 0x20210000
                0x20210000                __top_RAM = 0x20210000
                0x00000000                __base_SRAM_ITC = 0x0
                0x00000000                __base_RAM2 = 0x0
                0x00008000                __top_SRAM_ITC = 0x8000
                0x00008000                __top_RAM2 = 0x8000
                0x20000000                __base_SRAM_DTC = 0x20000000
                0x20000000                __base_RAM3 = 0x20000000
                0x20008000                __top_SRAM_DTC = 0x20008000
                0x20008000                __top_RAM3 = 0x20008000
                0x20210000                __base_NCACHE_REGION = 0x20210000
                0x20210000                __base_RAM4 = 0x20210000
                0x20210000                __top_NCACHE_REGION = 0x20210000
                0x20210000                __top_RAM4 = 0x20210000

.boot_hdr       0x60000000     0x2000
 FILL mask 0xff
                0x00000400                . = 0x400
 *fill*         0x60000000      0x400 ff
                0x60000400                __boot_hdr_start__ = ABSOLUTE (.)
 *(SORT_BY_ALIGNMENT(.boot_hdr.conf))
 .boot_hdr.conf
                0x60000400      0x200 ./xip/evkmimxrt1010_flexspi_nor_config.o
                0x60000400                qspiflash_config
                0x00001000                . = 0x1000
 *fill*         0x60000600      0xa00 ff
 *(SORT_BY_ALIGNMENT(.boot_hdr.ivt))
 .boot_hdr.ivt  0x60001000       0x20 ./xip/fsl_flexspi_nor_boot.o
                0x60001000                image_vector_table
                0x00001020                . = 0x1020
 *(SORT_BY_ALIGNMENT(.boot_hdr.boot_data))
 .boot_hdr.boot_data
                0x60001020       0x10 ./xip/fsl_flexspi_nor_boot.o
                0x60001020                boot_data
                0x00001030                . = 0x1030
 *(SORT_BY_ALIGNMENT(.boot_hdr.dcd_data))
                0x60001030                __boot_hdr_end__ = ABSOLUTE (.)
                0x00002000                . = 0x2000
 *fill*         0x60001030      0xfd0 ff

.text           0x60002000     0xe7c0
 FILL mask 0xff
                0x60002000                __vectors_start__ = ABSOLUTE (.)
 *(SORT_BY_ALIGNMENT(.isr_vector))
 .isr_vector    0x60002000      0x180 ./startup/startup_mimxrt1011.o
                0x60002000                g_pfnVectors
                0x60002000                __Vectors
                0x60002180                . = ALIGN (0x4)
                0x60002180                __section_table_start = .
                0x60002180                __data_section_table = .
                0x60002180        0x4 LONG 0x60010914 LOADADDR (.data)
                0x60002184        0x4 LONG 0x20200000 ADDR (.data)
                0x60002188        0x4 LONG 0xf8 SIZEOF (.data)
                0x6000218c        0x4 LONG 0x600107c0 LOADADDR (.data_RAM2)
                0x60002190        0x4 LONG 0x0 ADDR (.data_RAM2)
                0x60002194        0x4 LONG 0x0 SIZEOF (.data_RAM2)
                0x60002198        0x4 LONG 0x600107c0 LOADADDR (.data_RAM3)
                0x6000219c        0x4 LONG 0x20000000 ADDR (.data_RAM3)
                0x600021a0        0x4 LONG 0x154 SIZEOF (.data_RAM3)
                0x600021a4        0x4 LONG 0x60010914 LOADADDR (.data_RAM4)
                0x600021a8        0x4 LONG 0x20210000 ADDR (.data_RAM4)
                0x600021ac        0x4 LONG 0x0 SIZEOF (.data_RAM4)
                0x600021b0                __data_section_table_end = .
                0x600021b0                __bss_section_table = .
                0x600021b0        0x4 LONG 0x202000f8 ADDR (.bss)
                0x600021b4        0x4 LONG 0x45c SIZEOF (.bss)
                0x600021b8        0x4 LONG 0x0 ADDR (.bss_RAM2)
                0x600021bc        0x4 LONG 0x0 SIZEOF (.bss_RAM2)
                0x600021c0        0x4 LONG 0x20000800 ADDR (.bss_RAM3)
                0x600021c4        0x4 LONG 0x2030 SIZEOF (.bss_RAM3)
                0x600021c8        0x4 LONG 0x20210000 ADDR (.bss_RAM4)
                0x600021cc        0x4 LONG 0x0 SIZEOF (.bss_RAM4)
                0x600021d0                __bss_section_table_end = .
                0x600021d0                __section_table_end = .
 *(SORT_BY_ALIGNMENT(.after_vectors*))
 .after_vectors.reset
                0x600021d0       0x4c ./startup/startup_mimxrt1011.o
                0x600021d0                ResetISR
 .after_vectors.init_data
                0x6000221c       0x1e ./startup/startup_mimxrt1011.o
                0x6000221c                data_init
 .after_vectors.init_bss
                0x6000223a       0x12 ./startup/startup_mimxrt1011.o
                0x6000223a                bss_init
 .after_vectors
                0x6000224c        0xc ./startup/startup_mimxrt1011.o
                0x6000224c                NMI_Handler
                0x60002250                SVC_Handler
                0x60002252                PendSV_Handler
                0x60002254                SysTick_Handler
                0x60002256                LPSPI2_DriverIRQHandler
                0x60002256                SPDIF_DriverIRQHandler
                0x60002256                PIT_DriverIRQHandler
                0x60002256                CCM_2_DriverIRQHandler
                0x60002256                FLEXRAM_DriverIRQHandler
                0x60002256                ADC_ETC_IRQ3_DriverIRQHandler
                0x60002256                USB_PHY_DriverIRQHandler
                0x60002256                GPR_IRQ_DriverIRQHandler
                0x60002256                TRNG_DriverIRQHandler
                0x60002256                IntDefaultHandler
                0x60002256                SRC_DriverIRQHandler
                0x60002256                EWM_DriverIRQHandler
                0x60002256                WDOG1_DriverIRQHandler
                0x60002256                FLEXIO1_DriverIRQHandler
                0x60002256                ADC_ETC_IRQ2_DriverIRQHandler
                0x60002256                GPIO1_Combined_16_31_DriverIRQHandler
                0x60002256                DCDC_DriverIRQHandler
                0x60002256                ADC_ETC_ERROR_IRQ_DriverIRQHandler
                0x60002256                GPIO5_Combined_0_15_DriverIRQHandler
                0x60002256                RTWDOG_DriverIRQHandler
                0x60002256                FLEXSPI_DriverIRQHandler
                0x60002256                GPT2_DriverIRQHandler
                0x60002256                PWM1_1_DriverIRQHandler
                0x60002256                Reserved71_DriverIRQHandler
                0x60002256                ADC1_DriverIRQHandler
                0x60002256                PWM1_0_DriverIRQHandler
                0x60002256                DCP_DriverIRQHandler
                0x60002256                CTI0_ERROR_DriverIRQHandler
                0x60002256                GPT1_DriverIRQHandler
                0x60002256                CSU_DriverIRQHandler
                0x60002256                CTI1_ERROR_DriverIRQHandler
                0x60002256                GPIO1_Combined_0_15_DriverIRQHandler
                0x60002256                CORE_DriverIRQHandler
                0x60002256                KPP_DriverIRQHandler
                0x60002256                SNVS_HP_WRAPPER_TZ_DriverIRQHandler
                0x60002256                PWM1_FAULT_DriverIRQHandler
                0x60002256                SNVS_HP_WRAPPER_DriverIRQHandler
                0x60002256                ADC_ETC_IRQ1_DriverIRQHandler
                0x60002256                LPSPI1_DriverIRQHandler
                0x60002256                DCP_VMI_DriverIRQHandler
                0x60002256                GPC_DriverIRQHandler
                0x60002256                GPIO2_Combined_0_15_DriverIRQHandler
                0x60002256                PWM1_2_DriverIRQHandler
                0x60002256                USB_OTG1_DriverIRQHandler
                0x60002256                TEMP_LOW_HIGH_DriverIRQHandler
                0x60002256                WDOG2_DriverIRQHandler
                0x60002256                Reserved68_DriverIRQHandler
                0x60002256                PMU_DriverIRQHandler
                0x60002256                CCM_1_DriverIRQHandler
                0x60002256                TEMP_PANIC_DriverIRQHandler
                0x60002256                PWM1_3_DriverIRQHandler
                0x60002256                Reserved70_DriverIRQHandler
                0x60002256                DMA_ERROR_DriverIRQHandler
                0x60002256                ADC_ETC_IRQ0_DriverIRQHandler
                0x60002256                XBAR1_IRQ_0_1_2_3_DriverIRQHandler
                0x60002256                SNVS_LP_WRAPPER_DriverIRQHandler
 *(SORT_BY_ALIGNMENT(.text*))
 .text.DbgConsole_SendDataReliable
                0x60002258       0x58 ./utilities/fsl_debug_console.o
                0x60002258                DbgConsole_SendDataReliable
 .text.DbgConsole_Init
                0x600022b0      0x104 ./utilities/fsl_debug_console.o
                0x600022b0                DbgConsole_Init
 .text.DbgConsole_Printf
                0x600023b4       0x74 ./utilities/fsl_debug_console.o
                0x600023b4                DbgConsole_Printf
 .text.USB_EhciPhyGetBase
                0x60002428       0xd8 ./usb/phy/usb_phy.o
                0x60002428                USB_EhciPhyGetBase
 .text.USB_EhciPhyInit
                0x60002500       0xc8 ./usb/phy/usb_phy.o
                0x60002500                USB_EhciPhyInit
 .text.USB_DeviceEhciCancelControlPipe
                0x600025c8      0x194 ./usb/device/source/ehci/usb_device_ehci.o
 .text.USB_DeviceEhciInterruptTokenDone
                0x6000275c      0x42c ./usb/device/source/ehci/usb_device_ehci.o
 .text.USB_DeviceEhciTransfer
                0x60002b88      0x3b4 ./usb/device/source/ehci/usb_device_ehci.o
 .text.USB_EhciGetValidEhciState
                0x60002f3c       0x58 ./usb/device/source/ehci/usb_device_ehci.o
                0x60002f3c                USB_EhciGetValidEhciState
 .text.USB_DeviceEhciInit
                0x60002f94       0xd8 ./usb/device/source/ehci/usb_device_ehci.o
                0x60002f94                USB_DeviceEhciInit
 .text.USB_DeviceEhciDeinit
                0x6000306c       0x8c ./usb/device/source/ehci/usb_device_ehci.o
                0x6000306c                USB_DeviceEhciDeinit
 .text.USB_DeviceEhciCancel
                0x600030f8      0x220 ./usb/device/source/ehci/usb_device_ehci.o
                0x600030f8                USB_DeviceEhciCancel
 .text.USB_DeviceEhciControl
                0x60003318      0x298 ./usb/device/source/ehci/usb_device_ehci.o
                0x60003318                USB_DeviceEhciControl
 .text.USB_DeviceControlCallback
                0x600035b0      0x37c ./usb/device/source/usb_device_ch9.o
                0x600035b0                USB_DeviceControlCallback
 .text.USB_DeviceControlPipeInit
                0x6000392c       0x7c ./usb/device/source/usb_device_ch9.o
                0x6000392c                USB_DeviceControlPipeInit
 .text.USB_DeviceAllocateHandle
                0x600039a8       0xd4 ./usb/device/source/usb_device_dci.o
 .text.USB_DeviceGetControllerInterface
                0x60003a7c       0x38 ./usb/device/source/usb_device_dci.o
 .text.USB_DeviceGetStatus
                0x60003ab4       0xcc ./usb/device/source/usb_device_dci.o
                0x60003ab4                USB_DeviceGetStatus
 .text.USB_DeviceSetStatus
                0x60003b80      0x114 ./usb/device/source/usb_device_dci.o
                0x60003b80                USB_DeviceSetStatus
 .text.USB_DeviceAudioAllocateHandle
                0x60003c94       0x6c ./usb/device/class/audio/usb_device_audio.o
 .text.USB_DeviceAudioStreamEndpointsInit
                0x60003d00      0x1f0 ./usb/device/class/audio/usb_device_audio.o
                0x60003d00                USB_DeviceAudioStreamEndpointsInit
 .text.USB_DeviceAudioControlEndpointsInit
                0x60003ef0      0x1e4 ./usb/device/class/audio/usb_device_audio.o
                0x60003ef0                USB_DeviceAudioControlEndpointsInit
 .text.USB_DeviceAudioGetCurAudioFeatureUnit
                0x600040d4       0xdc ./usb/device/class/audio/usb_device_audio.o
                0x600040d4                USB_DeviceAudioGetCurAudioFeatureUnit
 .text.USB_DeviceAudioGetMinAudioFeatureUnit
                0x600041b0       0xb0 ./usb/device/class/audio/usb_device_audio.o
                0x600041b0                USB_DeviceAudioGetMinAudioFeatureUnit
 .text.USB_DeviceAudioGetMaxAudioFeatureUnit
                0x60004260       0xb0 ./usb/device/class/audio/usb_device_audio.o
                0x60004260                USB_DeviceAudioGetMaxAudioFeatureUnit
 .text.USB_DeviceAudioGetResAudioFeatureUnit
                0x60004310       0xb0 ./usb/device/class/audio/usb_device_audio.o
                0x60004310                USB_DeviceAudioGetResAudioFeatureUnit
 .text.USB_DeviceAudioSetCurAudioFeatureUnit
                0x600043c0       0xdc ./usb/device/class/audio/usb_device_audio.o
                0x600043c0                USB_DeviceAudioSetCurAudioFeatureUnit
 .text.USB_DeviceAudioSetMinAudioFeatureUnit
                0x6000449c       0xb0 ./usb/device/class/audio/usb_device_audio.o
                0x6000449c                USB_DeviceAudioSetMinAudioFeatureUnit
 .text.USB_DeviceAudioSetMaxAudioFeatureUnit
                0x6000454c       0xb0 ./usb/device/class/audio/usb_device_audio.o
                0x6000454c                USB_DeviceAudioSetMaxAudioFeatureUnit
 .text.USB_DeviceAudioSetResAudioFeatureUnit
                0x600045fc       0xb0 ./usb/device/class/audio/usb_device_audio.o
                0x600045fc                USB_DeviceAudioSetResAudioFeatureUnit
 .text.USB_DeviceAudioSetFeatureUnit
                0x600046ac       0x74 ./usb/device/class/audio/usb_device_audio.o
                0x600046ac                USB_DeviceAudioSetFeatureUnit
 .text.USB_DeviceAudioSetRequestEndpoint
                0x60004720       0xcc ./usb/device/class/audio/usb_device_audio.o
                0x60004720                USB_DeviceAudioSetRequestEndpoint
 .text.USB_DeviceAudioGetRequestEndpoint
                0x600047ec       0xc0 ./usb/device/class/audio/usb_device_audio.o
                0x600047ec                USB_DeviceAudioGetRequestEndpoint
 .text.USB_DeviceAudioGetFeatureUnit
                0x600048ac       0x74 ./usb/device/class/audio/usb_device_audio.o
                0x600048ac                USB_DeviceAudioGetFeatureUnit
 .text.USB_DeviceAudioEvent
                0x60004920      0x3c0 ./usb/device/class/audio/usb_device_audio.o
                0x60004920                USB_DeviceAudioEvent
 .text.USB_DeviceClassAllocateHandle
                0x60004ce0       0xc8 ./usb/device/class/usb_device_class.o
 .text.USB_DeviceClassFreeHandle
                0x60004da8       0x90 ./usb/device/class/usb_device_class.o
 .text.USB_DeviceClassGetHandleByControllerId
                0x60004e38       0x78 ./usb/device/class/usb_device_class.o
 .text.USB_DeviceClassGetHandleByDeviceHandle
                0x60004eb0       0x64 ./usb/device/class/usb_device_class.o
 .text.USB_DeviceClassGetDeviceHandle
                0x60004f14       0x78 ./usb/device/class/usb_device_class.o
                0x60004f14                USB_DeviceClassGetDeviceHandle
 .text.USB_DeviceClassEvent
                0x60004f8c       0xe0 ./usb/device/class/usb_device_class.o
                0x60004f8c                USB_DeviceClassEvent
 .text.USB_DeviceClassInit
                0x6000506c      0x11c ./usb/device/class/usb_device_class.o
                0x6000506c                USB_DeviceClassInit
 .text.__NVIC_EnableIRQ
                0x60005188       0x3c ./source/audio_speaker.o
 .text.__NVIC_SetPriority
                0x600051c4       0x54 ./source/audio_speaker.o
 .text.CLOCK_SetMux
                0x60005218       0x9c ./source/audio_speaker.o
 .text.CLOCK_SetDiv
                0x600052b4       0x9c ./source/audio_speaker.o
 .text.DMAMUX_EnableChannel
                0x60005350       0x38 ./source/audio_speaker.o
 .text.DMAMUX_SetSource
                0x60005388       0x4c ./source/audio_speaker.o
 .text.BOARD_EnableSaiMclkOutput
                0x600053d4       0x3c ./source/audio_speaker.o
                0x600053d4                BOARD_EnableSaiMclkOutput
 .text.BOARD_Codec_Init
                0x60005410       0x18 ./source/audio_speaker.o
                0x60005410                BOARD_Codec_Init
 .text.SAI_USB_Audio_TxInit
                0x60005428       0x1c ./source/audio_speaker.o
                0x60005428                SAI_USB_Audio_TxInit
 .text.WM8960_Config_Audio_Formats
                0x60005444       0x24 ./source/audio_speaker.o
                0x60005444                WM8960_Config_Audio_Formats
 .text.BOARD_USB_Audio_TxInit
                0x60005468       0x20 ./source/audio_speaker.o
                0x60005468                BOARD_USB_Audio_TxInit
 .text.txCallback
                0x60005488       0xb4 ./source/audio_speaker.o
 .text.BOARD_DMA_EDMA_Config
                0x6000553c       0x54 ./source/audio_speaker.o
                0x6000553c                BOARD_DMA_EDMA_Config
 .text.BOARD_Create_Audio_DMA_EDMA_Handle
                0x60005590       0x2c ./source/audio_speaker.o
                0x60005590                BOARD_Create_Audio_DMA_EDMA_Handle
 .text.BOARD_DMA_EDMA_Set_AudioFormat
                0x600055bc       0x48 ./source/audio_speaker.o
                0x600055bc                BOARD_DMA_EDMA_Set_AudioFormat
 .text.BOARD_DMA_EDMA_Enable_Audio_Interrupts
                0x60005604       0x1c ./source/audio_speaker.o
                0x60005604                BOARD_DMA_EDMA_Enable_Audio_Interrupts
 .text.BOARD_DMA_EDMA_Start
                0x60005620       0x40 ./source/audio_speaker.o
                0x60005620                BOARD_DMA_EDMA_Start
 .text.Init_Board_Audio
                0x60005660       0x38 ./source/audio_speaker.o
                0x60005660                Init_Board_Audio
 .text.SAI1_IRQHandler
                0x60005698       0x24 ./source/audio_speaker.o
                0x60005698                SAI1_IRQHandler
 .text.USB_OTG1_IRQHandler
                0x600056bc       0x18 ./source/audio_speaker.o
                0x600056bc                USB_OTG1_IRQHandler
 .text.USB_DeviceClockInit
                0x600056d4       0x48 ./source/audio_speaker.o
                0x600056d4                USB_DeviceClockInit
 .text.USB_DeviceAudioRequest
                0x6000571c      0x7b0 ./source/audio_speaker.o
                0x6000571c                USB_DeviceAudioRequest
 .text.USB_AudioSpeakerBufferSpaceUsed
                0x60005ecc       0x44 ./source/audio_speaker.o
                0x60005ecc                USB_AudioSpeakerBufferSpaceUsed
 .text.USB_AudioFeedbackDataUpdate
                0x60005f10      0x158 ./source/audio_speaker.o
                0x60005f10                USB_AudioFeedbackDataUpdate
 .text.USB_AudioSpeakerPutBuffer
                0x60006068       0x58 ./source/audio_speaker.o
                0x60006068                USB_AudioSpeakerPutBuffer
 .text.USB_DeviceAudioCallback
                0x600060c0      0x128 ./source/audio_speaker.o
                0x600060c0                USB_DeviceAudioCallback
 .text.USB_DeviceAudioSpeakerStatusReset
                0x600061e8       0x64 ./source/audio_speaker.o
                0x600061e8                USB_DeviceAudioSpeakerStatusReset
 .text.USB_DeviceCallback
                0x6000624c      0x254 ./source/audio_speaker.o
                0x6000624c                USB_DeviceCallback
 .text.APPInit  0x600064a0       0x6c ./source/audio_speaker.o
                0x600064a0                APPInit
 .text.USB_AudioCodecTask
                0x6000650c       0x90 ./source/audio_speaker.o
                0x6000650c                USB_AudioCodecTask
 .text.USB_AudioSpeakerResetTask
                0x6000659c       0x18 ./source/audio_speaker.o
                0x6000659c                USB_AudioSpeakerResetTask
 .text.main     0x600065b4       0x70 ./source/audio_speaker.o
                0x600065b4                main
 .text.USB_DeviceGetDeviceDescriptor
                0x60006624       0x28 ./source/usb_device_descriptor.o
                0x60006624                USB_DeviceGetDeviceDescriptor
 .text.USB_DeviceGetConfigurationDescriptor
                0x6000664c       0x34 ./source/usb_device_descriptor.o
                0x6000664c                USB_DeviceGetConfigurationDescriptor
 .text.USB_DeviceGetStringDescriptor
                0x60006680       0xc0 ./source/usb_device_descriptor.o
                0x60006680                USB_DeviceGetStringDescriptor
 .text.USB_DeviceSetSpeed
                0x60006740      0x128 ./source/usb_device_descriptor.o
                0x60006740                USB_DeviceSetSpeed
 .text.CLOCK_GetOscFreq
                0x60006868       0x30 ./drivers/fsl_clock.o
 .text.CLOCK_GetPeriphClkFreq
                0x60006898       0xbc ./drivers/fsl_clock.o
 .text.CLOCK_InitExternalClk
                0x60006954       0x6c ./drivers/fsl_clock.o
                0x60006954                CLOCK_InitExternalClk
 .text.CLOCK_SwitchOsc
                0x600069c0       0x34 ./drivers/fsl_clock.o
                0x600069c0                CLOCK_SwitchOsc
 .text.CLOCK_InitRcOsc24M
                0x600069f4       0x24 ./drivers/fsl_clock.o
                0x600069f4                CLOCK_InitRcOsc24M
 .text.CLOCK_GetCoreFreq
                0x60006a18       0x24 ./drivers/fsl_clock.o
                0x60006a18                CLOCK_GetCoreFreq
 .text.CLOCK_GetIpgFreq
                0x60006a3c       0x24 ./drivers/fsl_clock.o
                0x60006a3c                CLOCK_GetIpgFreq
 .text.CLOCK_GetPerClkFreq
                0x60006a60       0x44 ./drivers/fsl_clock.o
                0x60006a60                CLOCK_GetPerClkFreq
 .text.CLOCK_GetFreq
                0x60006aa4      0x120 ./drivers/fsl_clock.o
                0x60006aa4                CLOCK_GetFreq
 .text.CLOCK_EnableUsbhs0Clock
                0x60006bc4       0x7c ./drivers/fsl_clock.o
                0x60006bc4                CLOCK_EnableUsbhs0Clock
 .text.CLOCK_EnableUsbhs0PhyPllClock
                0x60006c40       0x70 ./drivers/fsl_clock.o
                0x60006c40                CLOCK_EnableUsbhs0PhyPllClock
 .text.CLOCK_InitSysPll
                0x60006cb0       0x9c ./drivers/fsl_clock.o
                0x60006cb0                CLOCK_InitSysPll
 .text.CLOCK_InitUsb1Pll
                0x60006d4c       0x68 ./drivers/fsl_clock.o
                0x60006d4c                CLOCK_InitUsb1Pll
 .text.CLOCK_InitAudioPll
                0x60006db4      0x12c ./drivers/fsl_clock.o
                0x60006db4                CLOCK_InitAudioPll
 .text.CLOCK_DeinitAudioPll
                0x60006ee0       0x1c ./drivers/fsl_clock.o
                0x60006ee0                CLOCK_DeinitAudioPll
 .text.CLOCK_InitEnetPll
                0x60006efc       0x7c ./drivers/fsl_clock.o
                0x60006efc                CLOCK_InitEnetPll
 .text.CLOCK_GetPllFreq
                0x60006f78      0x1c4 ./drivers/fsl_clock.o
                0x60006f78                CLOCK_GetPllFreq
 .text.CLOCK_InitSysPfd
                0x6000713c       0x64 ./drivers/fsl_clock.o
                0x6000713c                CLOCK_InitSysPfd
 .text.CLOCK_GetSysPfdFreq
                0x600071a0       0xac ./drivers/fsl_clock.o
                0x600071a0                CLOCK_GetSysPfdFreq
 .text.CLOCK_GetUsb1PfdFreq
                0x6000724c       0xac ./drivers/fsl_clock.o
                0x6000724c                CLOCK_GetUsb1PfdFreq
 .text.CLOCK_ControlGate
                0x600072f8       0x64 ./drivers/fsl_dmamux.o
 .text.DMAMUX_GetInstance
                0x6000735c       0x44 ./drivers/fsl_dmamux.o
 .text.__NVIC_EnableIRQ
                0x600073a0       0x3c ./drivers/fsl_edma.o
 .text.CLOCK_ControlGate
                0x600073dc       0x64 ./drivers/fsl_edma.o
 .text.EDMA_GetInstance
                0x60007440       0x44 ./drivers/fsl_edma.o
 .text.EDMA_InstallTCD
                0x60007484      0x148 ./drivers/fsl_edma.o
                0x60007484                EDMA_InstallTCD
 .text.EDMA_Init
                0x600075cc       0x94 ./drivers/fsl_edma.o
                0x600075cc                EDMA_Init
 .text.EDMA_GetDefaultConfig
                0x60007660       0x44 ./drivers/fsl_edma.o
                0x60007660                EDMA_GetDefaultConfig
 .text.EDMA_SetTransferConfig
                0x600076a4       0x60 ./drivers/fsl_edma.o
                0x600076a4                EDMA_SetTransferConfig
 .text.EDMA_TcdReset
                0x60007704       0x78 ./drivers/fsl_edma.o
                0x60007704                EDMA_TcdReset
 .text.EDMA_TcdSetTransferConfig
                0x6000777c       0xe8 ./drivers/fsl_edma.o
                0x6000777c                EDMA_TcdSetTransferConfig
 .text.Get_StartInstance
                0x60007864       0x24 ./drivers/fsl_edma.o
 .text.EDMA_CreateHandle
                0x60007888       0xe4 ./drivers/fsl_edma.o
                0x60007888                EDMA_CreateHandle
 .text.EDMA_InstallTCDMemory
                0x6000796c       0x60 ./drivers/fsl_edma.o
                0x6000796c                EDMA_InstallTCDMemory
 .text.EDMA_SetCallback
                0x600079cc       0x30 ./drivers/fsl_edma.o
                0x600079cc                EDMA_SetCallback
 .text.EDMA_PrepareTransfer
                0x600079fc      0x2d4 ./drivers/fsl_edma.o
                0x600079fc                EDMA_PrepareTransfer
 .text.EDMA_SubmitTransfer
                0x60007cd0      0x2cc ./drivers/fsl_edma.o
                0x60007cd0                EDMA_SubmitTransfer
 .text.EDMA_StartTransfer
                0x60007f9c       0xb0 ./drivers/fsl_edma.o
                0x60007f9c                EDMA_StartTransfer
 .text.EDMA_HandleIRQ
                0x6000804c      0x160 ./drivers/fsl_edma.o
                0x6000804c                EDMA_HandleIRQ
 .text.DMA0_DriverIRQHandler
                0x600081ac       0x18 ./drivers/fsl_edma.o
                0x600081ac                DMA0_DriverIRQHandler
 .text.DMA1_DriverIRQHandler
                0x600081c4       0x18 ./drivers/fsl_edma.o
                0x600081c4                DMA1_DriverIRQHandler
 .text.DMA2_DriverIRQHandler
                0x600081dc       0x18 ./drivers/fsl_edma.o
                0x600081dc                DMA2_DriverIRQHandler
 .text.DMA3_DriverIRQHandler
                0x600081f4       0x18 ./drivers/fsl_edma.o
                0x600081f4                DMA3_DriverIRQHandler
 .text.DMA4_DriverIRQHandler
                0x6000820c       0x18 ./drivers/fsl_edma.o
                0x6000820c                DMA4_DriverIRQHandler
 .text.DMA5_DriverIRQHandler
                0x60008224       0x18 ./drivers/fsl_edma.o
                0x60008224                DMA5_DriverIRQHandler
 .text.DMA6_DriverIRQHandler
                0x6000823c       0x18 ./drivers/fsl_edma.o
                0x6000823c                DMA6_DriverIRQHandler
 .text.DMA7_DriverIRQHandler
                0x60008254       0x18 ./drivers/fsl_edma.o
                0x60008254                DMA7_DriverIRQHandler
 .text.DMA8_DriverIRQHandler
                0x6000826c       0x18 ./drivers/fsl_edma.o
                0x6000826c                DMA8_DriverIRQHandler
 .text.DMA9_DriverIRQHandler
                0x60008284       0x18 ./drivers/fsl_edma.o
                0x60008284                DMA9_DriverIRQHandler
 .text.DMA10_DriverIRQHandler
                0x6000829c       0x18 ./drivers/fsl_edma.o
                0x6000829c                DMA10_DriverIRQHandler
 .text.DMA11_DriverIRQHandler
                0x600082b4       0x18 ./drivers/fsl_edma.o
                0x600082b4                DMA11_DriverIRQHandler
 .text.DMA12_DriverIRQHandler
                0x600082cc       0x18 ./drivers/fsl_edma.o
                0x600082cc                DMA12_DriverIRQHandler
 .text.DMA13_DriverIRQHandler
                0x600082e4       0x18 ./drivers/fsl_edma.o
                0x600082e4                DMA13_DriverIRQHandler
 .text.DMA14_DriverIRQHandler
                0x600082fc       0x18 ./drivers/fsl_edma.o
                0x600082fc                DMA14_DriverIRQHandler
 .text.DMA15_DriverIRQHandler
                0x60008314       0x18 ./drivers/fsl_edma.o
                0x60008314                DMA15_DriverIRQHandler
 .text.CLOCK_ControlGate
                0x6000832c       0x64 ./drivers/fsl_lpi2c.o
 .text.LPI2C_GetInstance
                0x60008390       0x44 ./drivers/fsl_lpi2c.o
                0x60008390                LPI2C_GetInstance
 .text.LPI2C_GetCyclesForWidth
                0x600083d4       0x9c ./drivers/fsl_lpi2c.o
 .text.LPI2C_MasterGetDefaultConfig
                0x60008470       0x6c ./drivers/fsl_lpi2c.o
                0x60008470                LPI2C_MasterGetDefaultConfig
 .text.LPI2C_MasterInit
                0x600084dc      0x1cc ./drivers/fsl_lpi2c.o
                0x600084dc                LPI2C_MasterInit
 .text.LPI2C_MasterSetBaudRate
                0x600086a8      0x17c ./drivers/fsl_lpi2c.o
                0x600086a8                LPI2C_MasterSetBaudRate
 .text.LPI2C_MasterReceive
                0x60008824       0x98 ./drivers/fsl_lpi2c.o
                0x60008824                LPI2C_MasterReceive
 .text.LPI2C_MasterSend
                0x600088bc       0x54 ./drivers/fsl_lpi2c.o
                0x600088bc                LPI2C_MasterSend
 .text.LPI2C_MasterTransferBlocking
                0x60008910      0x1c4 ./drivers/fsl_lpi2c.o
                0x60008910                LPI2C_MasterTransferBlocking
 .text.LPI2C_CommonIRQHandler
                0x60008ad4       0x70 ./drivers/fsl_lpi2c.o
 .text.LPI2C1_DriverIRQHandler
                0x60008b44       0x14 ./drivers/fsl_lpi2c.o
                0x60008b44                LPI2C1_DriverIRQHandler
 .text.LPI2C2_DriverIRQHandler
                0x60008b58       0x14 ./drivers/fsl_lpi2c.o
                0x60008b58                LPI2C2_DriverIRQHandler
 .text.CLOCK_ControlGate
                0x60008b6c       0x64 ./drivers/fsl_lpuart.o
 .text.LPUART_GetInstance
                0x60008bd0       0x4c ./drivers/fsl_lpuart.o
                0x60008bd0                LPUART_GetInstance
 .text.LPUART_Init
                0x60008c1c      0x338 ./drivers/fsl_lpuart.o
                0x60008c1c                LPUART_Init
 .text.LPUART_GetDefaultConfig
                0x60008f54       0x88 ./drivers/fsl_lpuart.o
                0x60008f54                LPUART_GetDefaultConfig
 .text.LPUART_WriteBlocking
                0x60008fdc       0x68 ./drivers/fsl_lpuart.o
                0x60008fdc                LPUART_WriteBlocking
 .text.LPUART1_DriverIRQHandler
                0x60009044       0x24 ./drivers/fsl_lpuart.o
                0x60009044                LPUART1_DriverIRQHandler
 .text.LPUART2_DriverIRQHandler
                0x60009068       0x24 ./drivers/fsl_lpuart.o
                0x60009068                LPUART2_DriverIRQHandler
 .text.LPUART3_DriverIRQHandler
                0x6000908c       0x24 ./drivers/fsl_lpuart.o
                0x6000908c                LPUART3_DriverIRQHandler
 .text.LPUART4_DriverIRQHandler
                0x600090b0       0x24 ./drivers/fsl_lpuart.o
                0x600090b0                LPUART4_DriverIRQHandler
 .text.CLOCK_ControlGate
                0x600090d4       0x64 ./drivers/fsl_sai.o
 .text.SAI_GetInstance
                0x60009138       0x4c ./drivers/fsl_sai.o
 .text.SAI_GetCommonConfig
                0x60009184       0xc0 ./drivers/fsl_sai.o
 .text.SAI_Init
                0x60009244       0x28 ./drivers/fsl_sai.o
                0x60009244                SAI_Init
 .text.SAI_TxEnable
                0x6000926c       0x78 ./drivers/fsl_sai.o
                0x6000926c                SAI_TxEnable
 .text.SAI_TxSetBitClockRate
                0x600092e4       0x88 ./drivers/fsl_sai.o
                0x600092e4                SAI_TxSetBitClockRate
 .text.SAI_TxSetBitclockConfig
                0x6000936c       0x88 ./drivers/fsl_sai.o
                0x6000936c                SAI_TxSetBitclockConfig
 .text.SAI_TxSetFifoConfig
                0x600093f4       0x90 ./drivers/fsl_sai.o
                0x600093f4                SAI_TxSetFifoConfig
 .text.SAI_TxSetFrameSyncConfig
                0x60009484       0x98 ./drivers/fsl_sai.o
                0x60009484                SAI_TxSetFrameSyncConfig
 .text.SAI_TxSetSerialDataConfig
                0x6000951c       0xb4 ./drivers/fsl_sai.o
                0x6000951c                SAI_TxSetSerialDataConfig
 .text.SAI_TxSetConfig
                0x600095d0      0x1c0 ./drivers/fsl_sai.o
                0x600095d0                SAI_TxSetConfig
 .text.SAI3_TX_DriverIRQHandler
                0x60009790       0x34 ./drivers/fsl_sai.o
                0x60009790                SAI3_TX_DriverIRQHandler
 .text.SAI3_RX_DriverIRQHandler
                0x600097c4       0x34 ./drivers/fsl_sai.o
                0x600097c4                SAI3_RX_DriverIRQHandler
 .text.SAI_GetInstance
                0x600097f8       0x4c ./drivers/fsl_sai_edma.o
 .text.SAI_TransferTxCreateHandleEDMA
                0x60009844       0xa0 ./drivers/fsl_sai_edma.o
                0x60009844                SAI_TransferTxCreateHandleEDMA
 .text.SAI_TransferTxSetConfigEDMA
                0x600098e4       0x70 ./drivers/fsl_sai_edma.o
                0x600098e4                SAI_TransferTxSetConfigEDMA
 .text.SAI_TransferSendEDMA
                0x60009954      0x184 ./drivers/fsl_sai_edma.o
                0x60009954                SAI_TransferSendEDMA
 .text.SystemInit
                0x60009ad8      0x1a8 ./device/system_MIMXRT1011.o
                0x60009ad8                SystemInit
 .text.HAL_UartInit
                0x60009c80      0x100 ./component/uart/lpuart_adapter.o
                0x60009c80                HAL_UartInit
 .text.HAL_UartSendBlocking
                0x60009d80       0x64 ./component/uart/lpuart_adapter.o
                0x60009d80                HAL_UartSendBlocking
 .text.SerialManager_Write
                0x60009de4       0x6c ./component/serial_manager/serial_manager.o
 .text.SerialManager_Init
                0x60009e50       0x74 ./component/serial_manager/serial_manager.o
                0x60009e50                SerialManager_Init
 .text.SerialManager_OpenWriteHandle
                0x60009ec4       0x64 ./component/serial_manager/serial_manager.o
                0x60009ec4                SerialManager_OpenWriteHandle
 .text.SerialManager_OpenReadHandle
                0x60009f28       0x74 ./component/serial_manager/serial_manager.o
                0x60009f28                SerialManager_OpenReadHandle
 .text.Serial_UartInit
                0x60009f9c       0x80 ./component/serial_manager/serial_port_uart.o
                0x60009f9c                Serial_UartInit
 .text.Serial_UartWrite
                0x6000a01c       0x58 ./component/serial_manager/serial_port_uart.o
                0x6000a01c                Serial_UartWrite
 .text.HAL_I2cMasterInit
                0x6000a074       0x78 ./component/i2c/lpi2c_adapter.o
                0x6000a074                HAL_I2cMasterInit
 .text.HAL_I2cMasterTransferBlocking
                0x6000a0ec       0x94 ./component/i2c/lpi2c_adapter.o
                0x6000a0ec                HAL_I2cMasterTransferBlocking
 .text.HAL_CODEC_Init
                0x6000a180       0x4c ./codec/fsl_codec_adapter.o
                0x6000a180                HAL_CODEC_Init
 .text.CODEC_Init
                0x6000a1cc       0x38 ./codec/fsl_codec_common.o
                0x6000a1cc                CODEC_Init
 .text.WM8960_Init
                0x6000a204      0x178 ./codec/fsl_wm8960.o
                0x6000a204                WM8960_Init
 .text.WM8960_SetModule
                0x6000a37c      0x198 ./codec/fsl_wm8960.o
                0x6000a37c                WM8960_SetModule
 .text.WM8960_SetDataRoute
                0x6000a514      0x114 ./codec/fsl_wm8960.o
                0x6000a514                WM8960_SetDataRoute
 .text.WM8960_SetLeftInput
                0x6000a628      0x1a0 ./codec/fsl_wm8960.o
                0x6000a628                WM8960_SetLeftInput
 .text.WM8960_SetRightInput
                0x6000a7c8      0x1a0 ./codec/fsl_wm8960.o
                0x6000a7c8                WM8960_SetRightInput
 .text.WM8960_ConfigDataFormat
                0x6000a968      0x108 ./codec/fsl_wm8960.o
                0x6000a968                WM8960_ConfigDataFormat
 .text.WM8960_WriteReg
                0x6000aa70       0x60 ./codec/fsl_wm8960.o
                0x6000aa70                WM8960_WriteReg
 .text.WM8960_ReadReg
                0x6000aad0       0x34 ./codec/fsl_wm8960.o
                0x6000aad0                WM8960_ReadReg
 .text.ARM_MPU_Enable
                0x6000ab04       0x3c ./board/board.o
 .text.ARM_MPU_Disable
                0x6000ab40       0x34 ./board/board.o
 .text.CLOCK_GetMux
                0x6000ab74       0x44 ./board/board.o
 .text.CLOCK_GetDiv
                0x6000abb8       0x44 ./board/board.o
 .text.CLOCK_GetOscFreq
                0x6000abfc       0x30 ./board/board.o
 .text.BOARD_DebugConsoleSrcFreq
                0x6000ac2c       0x64 ./board/board.o
                0x6000ac2c                BOARD_DebugConsoleSrcFreq
 .text.BOARD_ConfigMPU
                0x6000ac90      0x29c ./board/board.o
                0x6000ac90                BOARD_ConfigMPU
 .text.SystemInitHook
                0x6000af2c       0x20 ./board/board.o
                0x6000af2c                SystemInitHook
 .text.CLOCK_SetMux
                0x6000af4c       0x9c ./board/clock_config.o
 .text.CLOCK_SetDiv
                0x6000afe8       0x9c ./board/clock_config.o
 .text.CLOCK_ControlGate
                0x6000b084       0x64 ./board/clock_config.o
 .text.CLOCK_SetXtalFreq
                0x6000b0e8       0x20 ./board/clock_config.o
 .text.CLOCK_SetRtcXtalFreq
                0x6000b108       0x20 ./board/clock_config.o
 .text.IOMUXC_MQSConfig
                0x6000b128       0x44 ./board/clock_config.o
 .text.BOARD_BootClockRUN
                0x6000b16c      0x3c0 ./board/clock_config.o
                0x6000b16c                BOARD_BootClockRUN
 .text.CLOCK_ControlGate
                0x6000b52c       0x64 ./board/pin_mux.o
 .text.BOARD_InitPins
                0x6000b590      0x1a0 ./board/pin_mux.o
                0x6000b590                BOARD_InitPins
 .text.__assertion_failed
                0x6000b730       0x4c c:/nxp/mcuxpressoide_11.1.1_3241/ide/plugins/com.nxp.mcuxpresso.tools.win32_11.1.0.202001081728/tools/bin/../lib/gcc/arm-none-eabi/8.3.1/../../../../arm-none-eabi/lib/thumb/v7e-m+fp/hard\libcr_nohost_nf.a(_cr_assert.o)
                0x6000b730                __assertion_failed
 .text._Cwritebuf
                0x6000b77c       0x6c c:/nxp/mcuxpressoide_11.1.1_3241/ide/plugins/com.nxp.mcuxpresso.tools.win32_11.1.0.202001081728/tools/bin/../lib/gcc/arm-none-eabi/8.3.1/../../../../arm-none-eabi/lib/thumb/v7e-m+fp/hard\libcr_c.a(_writebuf.o)
                0x6000b77c                _Cwritebuf
 .text.malloc   0x6000b7e8       0xc8 c:/nxp/mcuxpressoide_11.1.1_3241/ide/plugins/com.nxp.mcuxpresso.tools.win32_11.1.0.202001081728/tools/bin/../lib/gcc/arm-none-eabi/8.3.1/../../../../arm-none-eabi/lib/thumb/v7e-m+fp/hard\libcr_c.a(alloc.o)
                0x6000b7e8                malloc
 .text._Csys_alloc
                0x6000b8b0       0x20 c:/nxp/mcuxpressoide_11.1.1_3241/ide/plugins/com.nxp.mcuxpresso.tools.win32_11.1.0.202001081728/tools/bin/../lib/gcc/arm-none-eabi/8.3.1/../../../../arm-none-eabi/lib/thumb/v7e-m+fp/hard\libcr_c.a(alloc.o)
                0x6000b8b0                _Csys_alloc
 .text.fseek    0x6000b8d0      0x100 c:/nxp/mcuxpressoide_11.1.1_3241/ide/plugins/com.nxp.mcuxpresso.tools.win32_11.1.0.202001081728/tools/bin/../lib/gcc/arm-none-eabi/8.3.1/../../../../arm-none-eabi/lib/thumb/v7e-m+fp/hard\libcr_c.a(fseek.o)
                0x6000b8d0                fseek
 .text.ftell    0x6000b9d0       0x48 c:/nxp/mcuxpressoide_11.1.1_3241/ide/plugins/com.nxp.mcuxpresso.tools.win32_11.1.0.202001081728/tools/bin/../lib/gcc/arm-none-eabi/8.3.1/../../../../arm-none-eabi/lib/thumb/v7e-m+fp/hard\libcr_c.a(ftell.o)
                0x6000b9d0                ftell
 .text._initio  0x6000ba18       0x78 c:/nxp/mcuxpressoide_11.1.1_3241/ide/plugins/com.nxp.mcuxpresso.tools.win32_11.1.0.202001081728/tools/bin/../lib/gcc/arm-none-eabi/8.3.1/../../../../arm-none-eabi/lib/thumb/v7e-m+fp/hard\libcr_c.a(initio.o)
                0x6000ba18                _initio
 .text.setvbuf  0x6000ba90       0x40 c:/nxp/mcuxpressoide_11.1.1_3241/ide/plugins/com.nxp.mcuxpresso.tools.win32_11.1.0.202001081728/tools/bin/../lib/gcc/arm-none-eabi/8.3.1/../../../../arm-none-eabi/lib/thumb/v7e-m+fp/hard\libcr_c.a(setvbuf.o)
                0x6000ba90                setvbuf
 .text._sbrk    0x6000bad0       0x3c c:/nxp/mcuxpressoide_11.1.1_3241/ide/plugins/com.nxp.mcuxpresso.tools.win32_11.1.0.202001081728/tools/bin/../lib/gcc/arm-none-eabi/8.3.1/../../../../arm-none-eabi/lib/thumb/v7e-m+fp/hard\libcr_c.a(_cr_sbrk.o)
                0x6000bad0                _sbrk
 .text.fflush   0x6000bb0c       0x44 c:/nxp/mcuxpressoide_11.1.1_3241/ide/plugins/com.nxp.mcuxpresso.tools.win32_11.1.0.202001081728/tools/bin/../lib/gcc/arm-none-eabi/8.3.1/../../../../arm-none-eabi/lib/thumb/v7e-m+fp/hard\libcr_c.a(fflush.o)
                0x6000bb0c                fflush
 .text.__check_heap_overflow
                0x6000bb50       0x18 c:/nxp/mcuxpressoide_11.1.1_3241/ide/plugins/com.nxp.mcuxpresso.tools.win32_11.1.0.202001081728/tools/bin/../lib/gcc/arm-none-eabi/8.3.1/../../../../arm-none-eabi/lib/thumb/v7e-m+fp/hard\libcr_c.a(_cr_check_heap.o)
                0x6000bb50                __check_heap_overflow
 .text.DbgConsole_PrintCallback
                0x6000bb68       0x64 ./utilities/fsl_debug_console.o
 .text.ConvertRadixNumToString
                0x6000bbcc      0x114 ./utilities/fsl_str.o
 .text.StrFormatPrintf
                0x6000bce0      0x30c ./utilities/fsl_str.o
                0x6000bce0                StrFormatPrintf
 .text.USB_DeviceEhciSetDefaultState
                0x6000bfec      0x132 ./usb/device/source/ehci/usb_device_ehci.o
 .text.USB_DeviceEhciEndpointInit
                0x6000c11e      0x204 ./usb/device/source/ehci/usb_device_ehci.o
 .text.USB_DeviceEhciEndpointDeinit
                0x6000c322       0xf6 ./usb/device/source/ehci/usb_device_ehci.o
 .text.USB_DeviceEhciEndpointStall
                0x6000c418       0xea ./usb/device/source/ehci/usb_device_ehci.o
 .text.USB_DeviceEhciEndpointUnstall
                0x6000c502       0xba ./usb/device/source/ehci/usb_device_ehci.o
 .text.USB_DeviceEhciFillSetupBuffer
                0x6000c5bc       0xa6 ./usb/device/source/ehci/usb_device_ehci.o
 .text.USB_DeviceEhciInterruptPortChange
                0x6000c662       0x74 ./usb/device/source/ehci/usb_device_ehci.o
 .text.USB_DeviceEhciInterruptReset
                0x6000c6d6       0x92 ./usb/device/source/ehci/usb_device_ehci.o
 .text.USB_DeviceEhciInterruptSof
                0x6000c768       0x14 ./usb/device/source/ehci/usb_device_ehci.o
 .text.USB_DeviceEhciSend
                0x6000c77c       0x32 ./usb/device/source/ehci/usb_device_ehci.o
                0x6000c77c                USB_DeviceEhciSend
 .text.USB_DeviceEhciRecv
                0x6000c7ae       0x2c ./usb/device/source/ehci/usb_device_ehci.o
                0x6000c7ae                USB_DeviceEhciRecv
 .text.USB_DeviceEhciIsrFunction
                0x6000c7da       0x84 ./usb/device/source/ehci/usb_device_ehci.o
                0x6000c7da                USB_DeviceEhciIsrFunction
 .text.USB_DeviceCh9GetStatus
                0x6000c85e       0xe8 ./usb/device/source/usb_device_ch9.o
 .text.USB_DeviceCh9SetClearFeature
                0x6000c946       0xf2 ./usb/device/source/usb_device_ch9.o
 .text.USB_DeviceCh9SetAddress
                0x6000ca38       0x9c ./usb/device/source/usb_device_ch9.o
 .text.USB_DeviceCh9GetDescriptor
                0x6000cad4       0xe2 ./usb/device/source/usb_device_ch9.o
 .text.USB_DeviceCh9GetConfiguration
                0x6000cbb6       0x58 ./usb/device/source/usb_device_ch9.o
 .text.USB_DeviceCh9SetConfiguration
                0x6000cc0e       0x88 ./usb/device/source/usb_device_ch9.o
 .text.USB_DeviceCh9GetInterface
                0x6000cc96       0x6e ./usb/device/source/usb_device_ch9.o
 .text.USB_DeviceCh9SetInterface
                0x6000cd04       0x6a ./usb/device/source/usb_device_ch9.o
 .text.USB_DeviceCh9SynchFrame
                0x6000cd6e       0x62 ./usb/device/source/usb_device_ch9.o
 .text.USB_DeviceControlCallbackFeedback
                0x6000cdd0       0xb4 ./usb/device/source/usb_device_ch9.o
 .text.USB_DeviceFreeHandle
                0x6000ce84       0x32 ./usb/device/source/usb_device_dci.o
 .text.USB_DeviceTransfer
                0x6000ceb6      0x10e ./usb/device/source/usb_device_dci.o
 .text.USB_DeviceControl
                0x6000cfc4       0x4c ./usb/device/source/usb_device_dci.o
 .text.USB_DeviceResetNotification
                0x6000d010       0x98 ./usb/device/source/usb_device_dci.o
 .text.USB_DeviceNotification
                0x6000d0a8       0xfe ./usb/device/source/usb_device_dci.o
 .text.USB_DeviceNotificationTrigger
                0x6000d1a6       0x40 ./usb/device/source/usb_device_dci.o
                0x6000d1a6                USB_DeviceNotificationTrigger
 .text.USB_DeviceInit
                0x6000d1e6      0x16a ./usb/device/source/usb_device_dci.o
                0x6000d1e6                USB_DeviceInit
 .text.USB_DeviceRun
                0x6000d350       0x1c ./usb/device/source/usb_device_dci.o
                0x6000d350                USB_DeviceRun
 .text.USB_DeviceDeinit
                0x6000d36c       0x42 ./usb/device/source/usb_device_dci.o
                0x6000d36c                USB_DeviceDeinit
 .text.USB_DeviceSendRequest
                0x6000d3ae       0x32 ./usb/device/source/usb_device_dci.o
                0x6000d3ae                USB_DeviceSendRequest
 .text.USB_DeviceRecvRequest
                0x6000d3e0       0x2c ./usb/device/source/usb_device_dci.o
                0x6000d3e0                USB_DeviceRecvRequest
 .text.USB_DeviceInitEndpoint
                0x6000d40c       0xbe ./usb/device/source/usb_device_dci.o
                0x6000d40c                USB_DeviceInitEndpoint
 .text.USB_DeviceDeinitEndpoint
                0x6000d4ca       0xb0 ./usb/device/source/usb_device_dci.o
                0x6000d4ca                USB_DeviceDeinitEndpoint
 .text.USB_DeviceStallEndpoint
                0x6000d57a       0x30 ./usb/device/source/usb_device_dci.o
                0x6000d57a                USB_DeviceStallEndpoint
 .text.USB_DeviceUnstallEndpoint
                0x6000d5aa       0x30 ./usb/device/source/usb_device_dci.o
                0x6000d5aa                USB_DeviceUnstallEndpoint
 .text.USB_DeviceAudioFreeHandle
                0x6000d5da       0x42 ./usb/device/class/audio/usb_device_audio.o
 .text.USB_DeviceAudioInterruptIn
                0x6000d61c       0x4c ./usb/device/class/audio/usb_device_audio.o
                0x6000d61c                USB_DeviceAudioInterruptIn
 .text.USB_DeviceAudioIsochronousIn
                0x6000d668       0x52 ./usb/device/class/audio/usb_device_audio.o
                0x6000d668                USB_DeviceAudioIsochronousIn
 .text.USB_DeviceAudioIsochronousOut
                0x6000d6ba       0x52 ./usb/device/class/audio/usb_device_audio.o
                0x6000d6ba                USB_DeviceAudioIsochronousOut
 .text.USB_DeviceAudioStreamEndpointsDeinit
                0x6000d70c       0xd8 ./usb/device/class/audio/usb_device_audio.o
                0x6000d70c                USB_DeviceAudioStreamEndpointsDeinit
 .text.USB_DeviceAudioControlEndpointsDeinit
                0x6000d7e4       0x64 ./usb/device/class/audio/usb_device_audio.o
                0x6000d7e4                USB_DeviceAudioControlEndpointsDeinit
 .text.USB_DeviceAudioSetControlTerminal
                0x6000d848       0x1c ./usb/device/class/audio/usb_device_audio.o
                0x6000d848                USB_DeviceAudioSetControlTerminal
 .text.USB_DeviceAudioGetControlTerminal
                0x6000d864       0x1c ./usb/device/class/audio/usb_device_audio.o
                0x6000d864                USB_DeviceAudioGetControlTerminal
 .text.USB_DeviceAudioSetRequestInterface
                0x6000d880       0x8a ./usb/device/class/audio/usb_device_audio.o
                0x6000d880                USB_DeviceAudioSetRequestInterface
 .text.USB_DeviceAudioGetRequestInterface
                0x6000d90a       0x8a ./usb/device/class/audio/usb_device_audio.o
                0x6000d90a                USB_DeviceAudioGetRequestInterface
 .text.USB_DeviceAudioInit
                0x6000d994       0x7c ./usb/device/class/audio/usb_device_audio.o
                0x6000d994                USB_DeviceAudioInit
 .text.USB_DeviceAudioDeinit
                0x6000da10       0x3e ./usb/device/class/audio/usb_device_audio.o
                0x6000da10                USB_DeviceAudioDeinit
 .text.USB_DeviceAudioSend
                0x6000da4e       0x5c ./usb/device/class/audio/usb_device_audio.o
                0x6000da4e                USB_DeviceAudioSend
 .text.USB_DeviceAudioRecv
                0x6000daaa       0x5c ./usb/device/class/audio/usb_device_audio.o
                0x6000daaa                USB_DeviceAudioRecv
 .text.USB_DeviceClassCallback
                0x6000db06       0x62 ./usb/device/class/usb_device_class.o
                0x6000db06                USB_DeviceClassCallback
 .text.USB_DeviceClassGetSpeed
                0x6000db68       0x48 ./usb/device/class/usb_device_class.o
                0x6000db68                USB_DeviceClassGetSpeed
 .text.DMA0_IRQHandler
                0x6000dbb0        0x8 ./startup/startup_mimxrt1011.o
                0x6000dbb0                DMA0_IRQHandler
 .text.DMA1_IRQHandler
                0x6000dbb8        0x8 ./startup/startup_mimxrt1011.o
                0x6000dbb8                DMA1_IRQHandler
 .text.DMA2_IRQHandler
                0x6000dbc0        0x8 ./startup/startup_mimxrt1011.o
                0x6000dbc0                DMA2_IRQHandler
 .text.DMA3_IRQHandler
                0x6000dbc8        0x8 ./startup/startup_mimxrt1011.o
                0x6000dbc8                DMA3_IRQHandler
 .text.DMA4_IRQHandler
                0x6000dbd0        0x8 ./startup/startup_mimxrt1011.o
                0x6000dbd0                DMA4_IRQHandler
 .text.DMA5_IRQHandler
                0x6000dbd8        0x8 ./startup/startup_mimxrt1011.o
                0x6000dbd8                DMA5_IRQHandler
 .text.DMA6_IRQHandler
                0x6000dbe0        0x8 ./startup/startup_mimxrt1011.o
                0x6000dbe0                DMA6_IRQHandler
 .text.DMA7_IRQHandler
                0x6000dbe8        0x8 ./startup/startup_mimxrt1011.o
                0x6000dbe8                DMA7_IRQHandler
 .text.DMA8_IRQHandler
                0x6000dbf0        0x8 ./startup/startup_mimxrt1011.o
                0x6000dbf0                DMA8_IRQHandler
 .text.DMA9_IRQHandler
                0x6000dbf8        0x8 ./startup/startup_mimxrt1011.o
                0x6000dbf8                DMA9_IRQHandler
 .text.DMA10_IRQHandler
                0x6000dc00        0x8 ./startup/startup_mimxrt1011.o
                0x6000dc00                DMA10_IRQHandler
 .text.DMA11_IRQHandler
                0x6000dc08        0x8 ./startup/startup_mimxrt1011.o
                0x6000dc08                DMA11_IRQHandler
 .text.DMA12_IRQHandler
                0x6000dc10        0x8 ./startup/startup_mimxrt1011.o
                0x6000dc10                DMA12_IRQHandler
 .text.DMA13_IRQHandler
                0x6000dc18        0x8 ./startup/startup_mimxrt1011.o
                0x6000dc18                DMA13_IRQHandler
 .text.DMA14_IRQHandler
                0x6000dc20        0x8 ./startup/startup_mimxrt1011.o
                0x6000dc20                DMA14_IRQHandler
 .text.DMA15_IRQHandler
                0x6000dc28        0x8 ./startup/startup_mimxrt1011.o
                0x6000dc28                DMA15_IRQHandler
 .text.DMA_ERROR_IRQHandler
                0x6000dc30        0x8 ./startup/startup_mimxrt1011.o
                0x6000dc30                DMA_ERROR_IRQHandler
 .text.CTI0_ERROR_IRQHandler
                0x6000dc38        0x8 ./startup/startup_mimxrt1011.o
                0x6000dc38                CTI0_ERROR_IRQHandler
 .text.CTI1_ERROR_IRQHandler
                0x6000dc40        0x8 ./startup/startup_mimxrt1011.o
                0x6000dc40                CTI1_ERROR_IRQHandler
 .text.CORE_IRQHandler
                0x6000dc48        0x8 ./startup/startup_mimxrt1011.o
                0x6000dc48                CORE_IRQHandler
 .text.LPUART1_IRQHandler
                0x6000dc50        0x8 ./startup/startup_mimxrt1011.o
                0x6000dc50                LPUART1_IRQHandler
 .text.LPUART2_IRQHandler
                0x6000dc58        0x8 ./startup/startup_mimxrt1011.o
                0x6000dc58                LPUART2_IRQHandler
 .text.LPUART3_IRQHandler
                0x6000dc60        0x8 ./startup/startup_mimxrt1011.o
                0x6000dc60                LPUART3_IRQHandler
 .text.LPUART4_IRQHandler
                0x6000dc68        0x8 ./startup/startup_mimxrt1011.o
                0x6000dc68                LPUART4_IRQHandler
 .text.PIT_IRQHandler
                0x6000dc70        0x8 ./startup/startup_mimxrt1011.o
                0x6000dc70                PIT_IRQHandler
 .text.FLEXSPI_IRQHandler
                0x6000dc78        0x8 ./startup/startup_mimxrt1011.o
                0x6000dc78                FLEXSPI_IRQHandler
 .text.FLEXRAM_IRQHandler
                0x6000dc80        0x8 ./startup/startup_mimxrt1011.o
                0x6000dc80                FLEXRAM_IRQHandler
 .text.LPI2C1_IRQHandler
                0x6000dc88        0x8 ./startup/startup_mimxrt1011.o
                0x6000dc88                LPI2C1_IRQHandler
 .text.LPI2C2_IRQHandler
                0x6000dc90        0x8 ./startup/startup_mimxrt1011.o
                0x6000dc90                LPI2C2_IRQHandler
 .text.GPT1_IRQHandler
                0x6000dc98        0x8 ./startup/startup_mimxrt1011.o
                0x6000dc98                GPT1_IRQHandler
 .text.GPT2_IRQHandler
                0x6000dca0        0x8 ./startup/startup_mimxrt1011.o
                0x6000dca0                GPT2_IRQHandler
 .text.LPSPI1_IRQHandler
                0x6000dca8        0x8 ./startup/startup_mimxrt1011.o
                0x6000dca8                LPSPI1_IRQHandler
 .text.LPSPI2_IRQHandler
                0x6000dcb0        0x8 ./startup/startup_mimxrt1011.o
                0x6000dcb0                LPSPI2_IRQHandler
 .text.PWM1_0_IRQHandler
                0x6000dcb8        0x8 ./startup/startup_mimxrt1011.o
                0x6000dcb8                PWM1_0_IRQHandler
 .text.PWM1_1_IRQHandler
                0x6000dcc0        0x8 ./startup/startup_mimxrt1011.o
                0x6000dcc0                PWM1_1_IRQHandler
 .text.PWM1_2_IRQHandler
                0x6000dcc8        0x8 ./startup/startup_mimxrt1011.o
                0x6000dcc8                PWM1_2_IRQHandler
 .text.PWM1_3_IRQHandler
                0x6000dcd0        0x8 ./startup/startup_mimxrt1011.o
                0x6000dcd0                PWM1_3_IRQHandler
 .text.PWM1_FAULT_IRQHandler
                0x6000dcd8        0x8 ./startup/startup_mimxrt1011.o
                0x6000dcd8                PWM1_FAULT_IRQHandler
 .text.KPP_IRQHandler
                0x6000dce0        0x8 ./startup/startup_mimxrt1011.o
                0x6000dce0                KPP_IRQHandler
 .text.SRC_IRQHandler
                0x6000dce8        0x8 ./startup/startup_mimxrt1011.o
                0x6000dce8                SRC_IRQHandler
 .text.GPR_IRQ_IRQHandler
                0x6000dcf0        0x8 ./startup/startup_mimxrt1011.o
                0x6000dcf0                GPR_IRQ_IRQHandler
 .text.CCM_1_IRQHandler
                0x6000dcf8        0x8 ./startup/startup_mimxrt1011.o
                0x6000dcf8                CCM_1_IRQHandler
 .text.CCM_2_IRQHandler
                0x6000dd00        0x8 ./startup/startup_mimxrt1011.o
                0x6000dd00                CCM_2_IRQHandler
 .text.EWM_IRQHandler
                0x6000dd08        0x8 ./startup/startup_mimxrt1011.o
                0x6000dd08                EWM_IRQHandler
 .text.WDOG2_IRQHandler
                0x6000dd10        0x8 ./startup/startup_mimxrt1011.o
                0x6000dd10                WDOG2_IRQHandler
 .text.SNVS_HP_WRAPPER_IRQHandler
                0x6000dd18        0x8 ./startup/startup_mimxrt1011.o
                0x6000dd18                SNVS_HP_WRAPPER_IRQHandler
 .text.SNVS_HP_WRAPPER_TZ_IRQHandler
                0x6000dd20        0x8 ./startup/startup_mimxrt1011.o
                0x6000dd20                SNVS_HP_WRAPPER_TZ_IRQHandler
 .text.SNVS_LP_WRAPPER_IRQHandler
                0x6000dd28        0x8 ./startup/startup_mimxrt1011.o
                0x6000dd28                SNVS_LP_WRAPPER_IRQHandler
 .text.CSU_IRQHandler
                0x6000dd30        0x8 ./startup/startup_mimxrt1011.o
                0x6000dd30                CSU_IRQHandler
 .text.DCP_IRQHandler
                0x6000dd38        0x8 ./startup/startup_mimxrt1011.o
                0x6000dd38                DCP_IRQHandler
 .text.DCP_VMI_IRQHandler
                0x6000dd40        0x8 ./startup/startup_mimxrt1011.o
                0x6000dd40                DCP_VMI_IRQHandler
 .text.Reserved68_IRQHandler
                0x6000dd48        0x8 ./startup/startup_mimxrt1011.o
                0x6000dd48                Reserved68_IRQHandler
 .text.TRNG_IRQHandler
                0x6000dd50        0x8 ./startup/startup_mimxrt1011.o
                0x6000dd50                TRNG_IRQHandler
 .text.Reserved70_IRQHandler
                0x6000dd58        0x8 ./startup/startup_mimxrt1011.o
                0x6000dd58                Reserved70_IRQHandler
 .text.Reserved71_IRQHandler
                0x6000dd60        0x8 ./startup/startup_mimxrt1011.o
                0x6000dd60                Reserved71_IRQHandler
 .text.RTWDOG_IRQHandler
                0x6000dd68        0x8 ./startup/startup_mimxrt1011.o
                0x6000dd68                RTWDOG_IRQHandler
 .text.SAI3_RX_IRQHandler
                0x6000dd70        0x8 ./startup/startup_mimxrt1011.o
                0x6000dd70                SAI3_RX_IRQHandler
 .text.SAI3_TX_IRQHandler
                0x6000dd78        0x8 ./startup/startup_mimxrt1011.o
                0x6000dd78                SAI3_TX_IRQHandler
 .text.SPDIF_IRQHandler
                0x6000dd80        0x8 ./startup/startup_mimxrt1011.o
                0x6000dd80                SPDIF_IRQHandler
 .text.PMU_IRQHandler
                0x6000dd88        0x8 ./startup/startup_mimxrt1011.o
                0x6000dd88                PMU_IRQHandler
 .text.XBAR1_IRQ_0_1_2_3_IRQHandler
                0x6000dd90        0x8 ./startup/startup_mimxrt1011.o
                0x6000dd90                XBAR1_IRQ_0_1_2_3_IRQHandler
 .text.TEMP_LOW_HIGH_IRQHandler
                0x6000dd98        0x8 ./startup/startup_mimxrt1011.o
                0x6000dd98                TEMP_LOW_HIGH_IRQHandler
 .text.TEMP_PANIC_IRQHandler
                0x6000dda0        0x8 ./startup/startup_mimxrt1011.o
                0x6000dda0                TEMP_PANIC_IRQHandler
 .text.USB_PHY_IRQHandler
                0x6000dda8        0x8 ./startup/startup_mimxrt1011.o
                0x6000dda8                USB_PHY_IRQHandler
 .text.GPC_IRQHandler
                0x6000ddb0        0x8 ./startup/startup_mimxrt1011.o
                0x6000ddb0                GPC_IRQHandler
 .text.ADC1_IRQHandler
                0x6000ddb8        0x8 ./startup/startup_mimxrt1011.o
                0x6000ddb8                ADC1_IRQHandler
 .text.FLEXIO1_IRQHandler
                0x6000ddc0        0x8 ./startup/startup_mimxrt1011.o
                0x6000ddc0                FLEXIO1_IRQHandler
 .text.DCDC_IRQHandler
                0x6000ddc8        0x8 ./startup/startup_mimxrt1011.o
                0x6000ddc8                DCDC_IRQHandler
 .text.GPIO1_Combined_0_15_IRQHandler
                0x6000ddd0        0x8 ./startup/startup_mimxrt1011.o
                0x6000ddd0                GPIO1_Combined_0_15_IRQHandler
 .text.GPIO1_Combined_16_31_IRQHandler
                0x6000ddd8        0x8 ./startup/startup_mimxrt1011.o
                0x6000ddd8                GPIO1_Combined_16_31_IRQHandler
 .text.GPIO2_Combined_0_15_IRQHandler
                0x6000dde0        0x8 ./startup/startup_mimxrt1011.o
                0x6000dde0                GPIO2_Combined_0_15_IRQHandler
 .text.GPIO5_Combined_0_15_IRQHandler
                0x6000dde8        0x8 ./startup/startup_mimxrt1011.o
                0x6000dde8                GPIO5_Combined_0_15_IRQHandler
 .text.WDOG1_IRQHandler
                0x6000ddf0        0x8 ./startup/startup_mimxrt1011.o
                0x6000ddf0                WDOG1_IRQHandler
 .text.ADC_ETC_IRQ0_IRQHandler
                0x6000ddf8        0x8 ./startup/startup_mimxrt1011.o
                0x6000ddf8                ADC_ETC_IRQ0_IRQHandler
 .text.ADC_ETC_IRQ1_IRQHandler
                0x6000de00        0x8 ./startup/startup_mimxrt1011.o
                0x6000de00                ADC_ETC_IRQ1_IRQHandler
 .text.ADC_ETC_IRQ2_IRQHandler
                0x6000de08        0x8 ./startup/startup_mimxrt1011.o
                0x6000de08                ADC_ETC_IRQ2_IRQHandler
 .text.ADC_ETC_IRQ3_IRQHandler
                0x6000de10        0x8 ./startup/startup_mimxrt1011.o
                0x6000de10                ADC_ETC_IRQ3_IRQHandler
 .text.ADC_ETC_ERROR_IRQ_IRQHandler
                0x6000de18        0x8 ./startup/startup_mimxrt1011.o
                0x6000de18                ADC_ETC_ERROR_IRQ_IRQHandler
 .text.EnableIRQ
                0x6000de20       0x2c ./source/audio_speaker.o
 .text.SAI_TxClearStatusFlags
                0x6000de4c       0x26 ./source/audio_speaker.o
 .text.SAI_TxEnableInterrupts
                0x6000de72       0x26 ./source/audio_speaker.o
 .text.USB_DeviceIsrEnable
                0x6000de98       0x2c ./source/audio_speaker.o
                0x6000de98                USB_DeviceIsrEnable
 .text.HardFault_Handler
                0x6000dec4       0x2c ./source/semihost_hardfault.o
                0x6000dec4                HardFault_Handler
 .text.DisableGlobalIRQ
                0x6000def0       0x20 ./osa/usb_osa_bm.o
 .text.EnableGlobalIRQ
                0x6000df10       0x1e ./osa/usb_osa_bm.o
 .text.USB_OsaEnterCritical
                0x6000df2e       0x1c ./osa/usb_osa_bm.o
                0x6000df2e                USB_OsaEnterCritical
 .text.USB_OsaExitCritical
                0x6000df4a       0x16 ./osa/usb_osa_bm.o
                0x6000df4a                USB_OsaExitCritical
 .text.CLOCK_GetRtcFreq
                0x6000df60       0x12 ./drivers/fsl_clock.o
 .text.CLOCK_IsPllBypassed
                0x6000df72       0x32 ./drivers/fsl_clock.o
 .text.CLOCK_IsPllEnabled
                0x6000dfa4       0x3c ./drivers/fsl_clock.o
 .text.CLOCK_GetPllBypassRefClk
                0x6000dfe0       0x34 ./drivers/fsl_clock.o
 .text.CLOCK_EnableClock
                0x6000e014       0x1e ./drivers/fsl_dmamux.o
 .text.DMAMUX_Init
                0x6000e032       0x20 ./drivers/fsl_dmamux.o
                0x6000e032                DMAMUX_Init
 .text.CLOCK_EnableClock
                0x6000e052       0x1e ./drivers/fsl_edma.o
 .text.EnableIRQ
                0x6000e070       0x2c ./drivers/fsl_edma.o
 .text.DisableGlobalIRQ
                0x6000e09c       0x20 ./drivers/fsl_edma.o
 .text.EnableGlobalIRQ
                0x6000e0bc       0x1e ./drivers/fsl_edma.o
 .text.EDMA_AbortTransfer
                0x6000e0da       0x6a ./drivers/fsl_edma.o
                0x6000e0da                EDMA_AbortTransfer
 .text.CLOCK_EnableClock
                0x6000e144       0x1e ./drivers/fsl_lpi2c.o
 .text.LPI2C_MasterReset
                0x6000e162       0x20 ./drivers/fsl_lpi2c.o
 .text.LPI2C_MasterEnable
                0x6000e182       0x28 ./drivers/fsl_lpi2c.o
 .text.LPI2C_MasterGetStatusFlags
                0x6000e1aa       0x18 ./drivers/fsl_lpi2c.o
 .text.LPI2C_MasterClearStatusFlags
                0x6000e1c2       0x1c ./drivers/fsl_lpi2c.o
 .text.LPI2C_MasterSetWatermarks
                0x6000e1de       0x2c ./drivers/fsl_lpi2c.o
 .text.LPI2C_MasterGetFifoCounts
                0x6000e20a       0x3e ./drivers/fsl_lpi2c.o
 .text.LPI2C_MasterCheckAndClearError
                0x6000e248       0x80 ./drivers/fsl_lpi2c.o
                0x6000e248                LPI2C_MasterCheckAndClearError
 .text.LPI2C_MasterWaitForTxReady
                0x6000e2c8       0x4e ./drivers/fsl_lpi2c.o
 .text.LPI2C_CheckForBusyBus
                0x6000e316       0x38 ./drivers/fsl_lpi2c.o
                0x6000e316                LPI2C_CheckForBusyBus
 .text.LPI2C_MasterStop
                0x6000e34e       0x66 ./drivers/fsl_lpi2c.o
                0x6000e34e                LPI2C_MasterStop
 .text.CLOCK_EnableClock
                0x6000e3b4       0x1e ./drivers/fsl_lpuart.o
 .text.LPUART_SoftwareReset
                0x6000e3d2       0x2c ./drivers/fsl_lpuart.o
 .text.CLOCK_EnableClock
                0x6000e3fe       0x1e ./drivers/fsl_sai.o
 .text.SAI_TxClearStatusFlags
                0x6000e41c       0x26 ./drivers/fsl_sai.o
 .text.SAI_TxReset
                0x6000e442       0x46 ./drivers/fsl_sai.o
                0x6000e442                SAI_TxReset
 .text.SAI_TxSoftwareReset
                0x6000e488       0x2e ./drivers/fsl_sai.o
                0x6000e488                SAI_TxSoftwareReset
 .text.SAI_GetClassicI2SConfig
                0x6000e4b6       0x26 ./drivers/fsl_sai.o
                0x6000e4b6                SAI_GetClassicI2SConfig
 .text.SAI_TxEnableDMA
                0x6000e4dc       0x44 ./drivers/fsl_sai_edma.o
 .text.SAI_TxGetDataRegisterAddress
                0x6000e520       0x20 ./drivers/fsl_sai_edma.o
 .text.SAI_TxEDMACallback
                0x6000e540       0xa4 ./drivers/fsl_sai_edma.o
 .text.HAL_UartGetStatus
                0x6000e5e4       0x22 ./component/uart/lpuart_adapter.o
 .text.DisableGlobalIRQ
                0x6000e606       0x20 ./component/serial_manager/serial_manager.o
 .text.EnableGlobalIRQ
                0x6000e626       0x1e ./component/serial_manager/serial_manager.o
 .text.SerialManager_StartWriting
                0x6000e644       0x4a ./component/serial_manager/serial_manager.o
 .text.SerialManager_WriteBlocking
                0x6000e68e       0x20 ./component/serial_manager/serial_manager.o
                0x6000e68e                SerialManager_WriteBlocking
 .text.HAL_I2cGetStatus
                0x6000e6ae       0x90 ./component/i2c/lpi2c_adapter.o
                0x6000e6ae                HAL_I2cGetStatus
 .text.CODEC_I2C_Init
                0x6000e73e       0x36 ./codec/fsl_codec_i2c.o
                0x6000e73e                CODEC_I2C_Init
 .text.CODEC_I2C_Send
                0x6000e774       0x4e ./codec/fsl_codec_i2c.o
                0x6000e774                CODEC_I2C_Send
 .text.WM8960_SetMasterSlave
                0x6000e7c2       0x34 ./codec/fsl_wm8960.o
                0x6000e7c2                WM8960_SetMasterSlave
 .text.WM8960_SetProtocol
                0x6000e7f6       0x24 ./codec/fsl_wm8960.o
                0x6000e7f6                WM8960_SetProtocol
 .text.WM8960_ModifyReg
                0x6000e81a       0x7a ./codec/fsl_wm8960.o
                0x6000e81a                WM8960_ModifyReg
 .text.BOARD_InitDebugConsole
                0x6000e894       0x22 ./board/board.o
                0x6000e894                BOARD_InitDebugConsole
 .text.CLOCK_DisableClock
                0x6000e8b6       0x1e ./board/clock_config.o
 .text.CLOCK_SetPllBypass
                0x6000e8d4       0x4e ./board/clock_config.o
 .text.IOMUXC_SetSaiMClkClockSource
                0x6000e922       0x6c ./board/clock_config.o
 .text.CLOCK_EnableClock
                0x6000e98e       0x1e ./board/pin_mux.o
 .text.IOMUXC_SetPinMux
                0x6000e9ac       0x3a ./board/pin_mux.o
 .text.IOMUXC_SetPinConfig
                0x6000e9e6       0x26 ./board/pin_mux.o
 .text.__main   0x6000ea0c        0xe c:/nxp/mcuxpressoide_11.1.1_3241/ide/plugins/com.nxp.mcuxpresso.tools.win32_11.1.0.202001081728/tools/bin/../lib/gcc/arm-none-eabi/8.3.1/../../../../arm-none-eabi/lib/thumb/v7e-m+fp/hard\libcr_nohost_nf.a(_cr__main.o)
                0x6000ea0c                __main
 .text.__sys_appexit
                0x6000ea1a        0x2 c:/nxp/mcuxpressoide_11.1.1_3241/ide/plugins/com.nxp.mcuxpresso.tools.win32_11.1.0.202001081728/tools/bin/../lib/gcc/arm-none-eabi/8.3.1/../../../../arm-none-eabi/lib/thumb/v7e-m+fp/hard\libcr_nohost_nf.a(__sys_appexit.o)
                0x6000ea1a                __sys_appexit
                0x6000ea1a                __exit
 .text.memcpy   0x6000ea1c        0x4 c:/nxp/mcuxpressoide_11.1.1_3241/ide/plugins/com.nxp.mcuxpresso.tools.win32_11.1.0.202001081728/tools/bin/../lib/gcc/arm-none-eabi/8.3.1/../../../../arm-none-eabi/lib/thumb/v7e-m+fp/hard\libcr_c.a(memcpy.o)
                0x6000ea1c                memcpy
 .text.memset   0x6000ea20        0x4 c:/nxp/mcuxpressoide_11.1.1_3241/ide/plugins/com.nxp.mcuxpresso.tools.win32_11.1.0.202001081728/tools/bin/../lib/gcc/arm-none-eabi/8.3.1/../../../../arm-none-eabi/lib/thumb/v7e-m+fp/hard\libcr_c.a(memset.o)
                0x6000ea20                memset
 .text._deferredlazyseek
                0x6000ea24       0x40 c:/nxp/mcuxpressoide_11.1.1_3241/ide/plugins/com.nxp.mcuxpresso.tools.win32_11.1.0.202001081728/tools/bin/../lib/gcc/arm-none-eabi/8.3.1/../../../../arm-none-eabi/lib/thumb/v7e-m+fp/hard\libcr_c.a(_deferredlazyseek.o)
                0x6000ea24                _deferredlazyseek
 .text.__flsbuf
                0x6000ea64      0x140 c:/nxp/mcuxpressoide_11.1.1_3241/ide/plugins/com.nxp.mcuxpresso.tools.win32_11.1.0.202001081728/tools/bin/../lib/gcc/arm-none-eabi/8.3.1/../../../../arm-none-eabi/lib/thumb/v7e-m+fp/hard\libcr_c.a(_deferredlazyseek.o)
                0x6000ea64                __flsbuf
 .text._fflush  0x6000eba4       0x52 c:/nxp/mcuxpressoide_11.1.1_3241/ide/plugins/com.nxp.mcuxpresso.tools.win32_11.1.0.202001081728/tools/bin/../lib/gcc/arm-none-eabi/8.3.1/../../../../arm-none-eabi/lib/thumb/v7e-m+fp/hard\libcr_c.a(_fflush.o)
                0x6000eba4                _fflush
 .text.free     0x6000ebf6       0x30 c:/nxp/mcuxpressoide_11.1.1_3241/ide/plugins/com.nxp.mcuxpresso.tools.win32_11.1.0.202001081728/tools/bin/../lib/gcc/arm-none-eabi/8.3.1/../../../../arm-none-eabi/lib/thumb/v7e-m+fp/hard\libcr_c.a(alloc.o)
                0x6000ebf6                free
 .text.fputs    0x6000ec26       0x2c c:/nxp/mcuxpressoide_11.1.1_3241/ide/plugins/com.nxp.mcuxpresso.tools.win32_11.1.0.202001081728/tools/bin/../lib/gcc/arm-none-eabi/8.3.1/../../../../arm-none-eabi/lib/thumb/v7e-m+fp/hard\libcr_c.a(fputs.o)
                0x6000ec26                fputs
 .text.strlen   0x6000ec52       0x4c c:/nxp/mcuxpressoide_11.1.1_3241/ide/plugins/com.nxp.mcuxpresso.tools.win32_11.1.0.202001081728/tools/bin/../lib/gcc/arm-none-eabi/8.3.1/../../../../arm-none-eabi/lib/thumb/v7e-m+fp/hard\libcr_c.a(strlen.o)
                0x6000ec52                strlen
 .text._fdopen  0x6000ec9e       0x68 c:/nxp/mcuxpressoide_11.1.1_3241/ide/plugins/com.nxp.mcuxpresso.tools.win32_11.1.0.202001081728/tools/bin/../lib/gcc/arm-none-eabi/8.3.1/../../../../arm-none-eabi/lib/thumb/v7e-m+fp/hard\libcr_c.a(_fdopen.o)
                0x6000ec9e                _fdopen
 .text.fclose   0x6000ed06       0x58 c:/nxp/mcuxpressoide_11.1.1_3241/ide/plugins/com.nxp.mcuxpresso.tools.win32_11.1.0.202001081728/tools/bin/../lib/gcc/arm-none-eabi/8.3.1/../../../../arm-none-eabi/lib/thumb/v7e-m+fp/hard\libcr_c.a(fclose.o)
                0x6000ed06                fclose
 .text.remove   0x6000ed5e       0x14 c:/nxp/mcuxpressoide_11.1.1_3241/ide/plugins/com.nxp.mcuxpresso.tools.win32_11.1.0.202001081728/tools/bin/../lib/gcc/arm-none-eabi/8.3.1/../../../../arm-none-eabi/lib/thumb/v7e-m+fp/hard\libcr_c.a(remove.o)
                0x6000ed5e                remove
 .text._do_fflush
                0x6000ed72       0x40 c:/nxp/mcuxpressoide_11.1.1_3241/ide/plugins/com.nxp.mcuxpresso.tools.win32_11.1.0.202001081728/tools/bin/../lib/gcc/arm-none-eabi/8.3.1/../../../../arm-none-eabi/lib/thumb/v7e-m+fp/hard\libcr_c.a(_do_fflush.o)
                0x6000ed72                _do_fflush
 .text.__aeabi_division_uldivmod
                0x6000edb2      0x174 c:/nxp/mcuxpressoide_11.1.1_3241/ide/plugins/com.nxp.mcuxpresso.tools.win32_11.1.0.202001081728/tools/bin/../lib/gcc/arm-none-eabi/8.3.1/thumb/v7e-m+fp/hard\libcr_eabihelpers.a(division_64.o)
                0x6000edb2                __aeabi_uldivmod
                0x6000edb6                __bhs_ldivmod1
 .text.__aeabi_division_idiv0
                0x6000ef26        0x2 c:/nxp/mcuxpressoide_11.1.1_3241/ide/plugins/com.nxp.mcuxpresso.tools.win32_11.1.0.202001081728/tools/bin/../lib/gcc/arm-none-eabi/8.3.1/thumb/v7e-m+fp/hard\libcr_eabihelpers.a(division_idiv0.o)
                0x6000ef26                __aeabi_idiv0
 .text.__aeabi_memcpy
                0x6000ef28       0x34 c:/nxp/mcuxpressoide_11.1.1_3241/ide/plugins/com.nxp.mcuxpresso.tools.win32_11.1.0.202001081728/tools/bin/../lib/gcc/arm-none-eabi/8.3.1/thumb/v7e-m+fp/hard\libcr_eabihelpers.a(memcpy.o)
                0x6000ef28                __aeabi_memcpy
                0x6000ef32                __aeabi_memcpy8
                0x6000ef32                __aeabi_memcpy4
 .text.__aeabi_memset_lowlevel
                0x6000ef5c       0x32 c:/nxp/mcuxpressoide_11.1.1_3241/ide/plugins/com.nxp.mcuxpresso.tools.win32_11.1.0.202001081728/tools/bin/../lib/gcc/arm-none-eabi/8.3.1/thumb/v7e-m+fp/hard\libcr_eabihelpers.a(memcpy.o)
                0x6000ef5c                __aeabi_lowlevel_memset
 .text.__sys_close
                0x6000ef8e        0x6 c:/nxp/mcuxpressoide_11.1.1_3241/ide/plugins/com.nxp.mcuxpresso.tools.win32_11.1.0.202001081728/tools/bin/../lib/gcc/arm-none-eabi/8.3.1/../../../../arm-none-eabi/lib/thumb/v7e-m+fp/hard\libcr_nohost_nf.a(__sys_close.o)
                0x6000ef8e                __sys_close
 .text.__sys_flen
                0x6000ef94        0x6 c:/nxp/mcuxpressoide_11.1.1_3241/ide/plugins/com.nxp.mcuxpresso.tools.win32_11.1.0.202001081728/tools/bin/../lib/gcc/arm-none-eabi/8.3.1/../../../../arm-none-eabi/lib/thumb/v7e-m+fp/hard\libcr_nohost_nf.a(__sys_flen.o)
                0x6000ef94                __sys_flen
 .text.__sys_istty
                0x6000ef9a        0x6 c:/nxp/mcuxpressoide_11.1.1_3241/ide/plugins/com.nxp.mcuxpresso.tools.win32_11.1.0.202001081728/tools/bin/../lib/gcc/arm-none-eabi/8.3.1/../../../../arm-none-eabi/lib/thumb/v7e-m+fp/hard\libcr_nohost_nf.a(__sys_istty.o)
                0x6000ef9a                __sys_istty
 .text.__sys_remove
                0x6000efa0        0x6 c:/nxp/mcuxpressoide_11.1.1_3241/ide/plugins/com.nxp.mcuxpresso.tools.win32_11.1.0.202001081728/tools/bin/../lib/gcc/arm-none-eabi/8.3.1/../../../../arm-none-eabi/lib/thumb/v7e-m+fp/hard\libcr_nohost_nf.a(__sys_remove.o)
                0x6000efa0                __sys_remove
 .text.__sys_seek
                0x6000efa6        0x6 c:/nxp/mcuxpressoide_11.1.1_3241/ide/plugins/com.nxp.mcuxpresso.tools.win32_11.1.0.202001081728/tools/bin/../lib/gcc/arm-none-eabi/8.3.1/../../../../arm-none-eabi/lib/thumb/v7e-m+fp/hard\libcr_nohost_nf.a(__sys_seek.o)
                0x6000efa6                __sys_seek
 .text.__sys_tmpnam
                0x6000efac        0x6 c:/nxp/mcuxpressoide_11.1.1_3241/ide/plugins/com.nxp.mcuxpresso.tools.win32_11.1.0.202001081728/tools/bin/../lib/gcc/arm-none-eabi/8.3.1/../../../../arm-none-eabi/lib/thumb/v7e-m+fp/hard\libcr_nohost_nf.a(__sys_tmpnam.o)
                0x6000efac                __sys_tmpnam
 .text.__sys_write
                0x6000efb2        0x4 c:/nxp/mcuxpressoide_11.1.1_3241/ide/plugins/com.nxp.mcuxpresso.tools.win32_11.1.0.202001081728/tools/bin/../lib/gcc/arm-none-eabi/8.3.1/../../../../arm-none-eabi/lib/thumb/v7e-m+fp/hard\libcr_nohost_nf.a(__sys_write.o)
                0x6000efb2                __sys_write
 *(SORT_BY_ALIGNMENT(.rodata) SORT_BY_ALIGNMENT(.rodata.*) SORT_BY_ALIGNMENT(.constdata) SORT_BY_ALIGNMENT(.constdata.*))
 *fill*         0x6000efb6        0x2 ff
 .rodata.DbgConsole_SendDataReliable.str1.4
                0x6000efb8       0x4d ./utilities/fsl_debug_console.o
 *fill*         0x6000f005        0x3 ff
 .rodata.DbgConsole_Init.str1.4
                0x6000f008       0xcb ./utilities/fsl_debug_console.o
 *fill*         0x6000f0d3        0x1 ff
 .rodata.s_UsbDeviceStandardRequest
                0x6000f0d4       0x34 ./usb/device/source/usb_device_ch9.o
 .rodata.s_UsbDeviceEhciInterface
                0x6000f108       0x18 ./usb/device/source/usb_device_dci.o
 .rodata.s_UsbDeviceClassInterfaceMap
                0x6000f120       0x20 ./usb/device/class/usb_device_class.o
 .rodata.CLOCK_SetMux.str1.4
                0x6000f140       0x87 ./source/audio_speaker.o
 *fill*         0x6000f1c7        0x1 ff
 .rodata.CLOCK_SetDiv.str1.4
                0x6000f1c8       0x87 ./source/audio_speaker.o
 *fill*         0x6000f24f        0x1 ff
 .rodata.DMAMUX_EnableChannel.str1.4
                0x6000f250       0x9f ./source/audio_speaker.o
 *fill*         0x6000f2ef        0x1 ff
 .rodata.DMAMUX_SetSource.str1.4
                0x6000f2f0       0xa0 ./source/audio_speaker.o
 .rodata.audioPllConfig
                0x6000f390       0x10 ./source/audio_speaker.o
                0x6000f390                audioPllConfig
 .rodata.Init_Board_Audio.str1.4
                0x6000f3a0       0x1b ./source/audio_speaker.o
 *fill*         0x6000f3bb        0x1 ff
 .rodata        0x6000f3bc        0x3 ./source/audio_speaker.o
 *fill*         0x6000f3bf        0x1 ff
 .rodata.APPInit.str1.4
                0x6000f3c0       0x34 ./source/audio_speaker.o
 .rodata.USB_AudioCodecTask.str1.4
                0x6000f3f4       0x2a ./source/audio_speaker.o
 *fill*         0x6000f41e        0x2 ff
 .rodata.CLOCK_InitExternalClk.str1.4
                0x6000f420       0x22 ./drivers/fsl_clock.o
 *fill*         0x6000f442        0x2 ff
 .rodata.CLOCK_ControlGate.str1.4
                0x6000f444       0x1e ./drivers/fsl_dmamux.o
 *fill*         0x6000f462        0x2 ff
 .rodata.DMAMUX_GetInstance.str1.4
                0x6000f464       0x38 ./drivers/fsl_dmamux.o
 .rodata.CLOCK_ControlGate.str1.4
                0x6000f49c       0x1e ./drivers/fsl_edma.o
 .rodata.s_edmaIRQNumber
                0x6000f49c       0x10 ./drivers/fsl_edma.o
 .rodata.EDMA_GetInstance.str1.4
                0x6000f4ac       0x34 ./drivers/fsl_edma.o
 .rodata.EDMA_InstallTCD.str1.4
                0x6000f4e0       0x97 ./drivers/fsl_edma.o
 *fill*         0x6000f577        0x1 ff
 .rodata.EDMA_Init.str1.4
                0x6000f578       0x21 ./drivers/fsl_edma.o
 *fill*         0x6000f599        0x3 ff
 .rodata.EDMA_GetDefaultConfig.str1.4
                0x6000f59c       0x21 ./drivers/fsl_edma.o
 *fill*         0x6000f5bd        0x3 ff
 .rodata.EDMA_SetTransferConfig.str1.4
                0x6000f5c0       0xa0 ./drivers/fsl_edma.o
 .rodata.EDMA_TcdReset.str1.4
                0x6000f660       0x50 ./drivers/fsl_edma.o
 .rodata.EDMA_TcdSetTransferConfig.str1.4
                0x6000f6b0       0xa8 ./drivers/fsl_edma.o
 .rodata.EDMA_CreateHandle.str1.4
                0x6000f758       0x6a ./drivers/fsl_edma.o
 *fill*         0x6000f7c2        0x2 ff
 .rodata.EDMA_InstallTCDMemory.str1.4
                0x6000f7c4       0x58 ./drivers/fsl_edma.o
 .rodata.EDMA_SetCallback.str1.4
                0x6000f81c       0x21 ./drivers/fsl_edma.o
 *fill*         0x6000f83d        0x3 ff
 .rodata.EDMA_PrepareTransfer.str1.4
                0x6000f840      0x20c ./drivers/fsl_edma.o
 .rodata.EDMA_SubmitTransfer.str1.4
                0x6000fa4c       0x46 ./drivers/fsl_edma.o
 *fill*         0x6000fa92        0x2 ff
 .rodata.EDMA_StartTransfer.str1.4
                0x6000fa94       0x22 ./drivers/fsl_edma.o
 *fill*         0x6000fab6        0x2 ff
 .rodata.EDMA_HandleIRQ.str1.4
                0x6000fab8       0x22 ./drivers/fsl_edma.o
 .rodata.CLOCK_ControlGate.str1.4
                0x6000fada       0x1e ./drivers/fsl_lpi2c.o
 *fill*         0x6000fada        0x2 ff
 .rodata.kLpi2cBases
                0x6000fadc        0xc ./drivers/fsl_lpi2c.o
 .rodata.kLpi2cClocks
                0x6000fae8        0x6 ./drivers/fsl_lpi2c.o
 *fill*         0x6000faee        0x2 ff
 .rodata.LPI2C_GetInstance.str1.4
                0x6000faf0       0x19 ./drivers/fsl_lpi2c.o
 *fill*         0x6000fb09        0x3 ff
 .rodata.LPI2C_GetCyclesForWidth.str1.4
                0x6000fb0c       0x4a ./drivers/fsl_lpi2c.o
 *fill*         0x6000fb56        0x2 ff
 .rodata.LPI2C_MasterReceive.str1.4
                0x6000fb58       0x22 ./drivers/fsl_lpi2c.o
 *fill*         0x6000fb7a        0x2 ff
 .rodata.LPI2C_MasterSend.str1.4
                0x6000fb7c       0x22 ./drivers/fsl_lpi2c.o
 *fill*         0x6000fb9e        0x2 ff
 .rodata.LPI2C_MasterTransferBlocking.str1.4
                0x6000fba0       0x70 ./drivers/fsl_lpi2c.o
 .rodata.CLOCK_ControlGate.str1.4
                0x6000fc10       0x1e ./drivers/fsl_lpuart.o
 .rodata.s_lpuartBases
                0x6000fc10       0x14 ./drivers/fsl_lpuart.o
 .rodata.s_lpuartClock
                0x6000fc24        0xa ./drivers/fsl_lpuart.o
 *fill*         0x6000fc2e        0x2 ff
 .rodata.LPUART_GetInstance.str1.4
                0x6000fc30       0x39 ./drivers/fsl_lpuart.o
 *fill*         0x6000fc69        0x3 ff
 .rodata.LPUART_Init.str1.4
                0x6000fc6c      0x10c ./drivers/fsl_lpuart.o
 .rodata.LPUART_GetDefaultConfig.str1.4
                0x6000fd78       0x23 ./drivers/fsl_lpuart.o
 *fill*         0x6000fd9b        0x1 ff
 .rodata.LPUART_WriteBlocking.str1.4
                0x6000fd9c       0x21 ./drivers/fsl_lpuart.o
 .rodata.CLOCK_ControlGate.str1.4
                0x6000fdbd       0x1e ./drivers/fsl_sai.o
 *fill*         0x6000fdbd        0x3 ff
 .rodata.s_saiBases
                0x6000fdc0       0x10 ./drivers/fsl_sai.o
 .rodata.s_saiClock
                0x6000fdd0        0x8 ./drivers/fsl_sai.o
 .rodata.SAI_GetInstance.str1.4
                0x6000fdd8       0x33 ./drivers/fsl_sai.o
 *fill*         0x6000fe0b        0x1 ff
 .rodata.SAI_GetCommonConfig.str1.4
                0x6000fe0c       0x46 ./drivers/fsl_sai.o
 *fill*         0x6000fe52        0x2 ff
 .rodata.SAI_TxSetBitClockRate.str1.4
                0x6000fe54       0x30 ./drivers/fsl_sai.o
 .rodata.SAI_TxSetBitclockConfig.str1.4
                0x6000fe84       0x21 ./drivers/fsl_sai.o
 *fill*         0x6000fea5        0x3 ff
 .rodata.SAI_TxSetFifoConfig.str1.4
                0x6000fea8       0x79 ./drivers/fsl_sai.o
 *fill*         0x6000ff21        0x3 ff
 .rodata.SAI_TxSetFrameSyncConfig.str1.4
                0x6000ff24       0x83 ./drivers/fsl_sai.o
 *fill*         0x6000ffa7        0x1 ff
 .rodata.SAI_TxSetSerialDataConfig.str1.4
                0x6000ffa8       0x21 ./drivers/fsl_sai.o
 *fill*         0x6000ffc9        0x3 ff
 .rodata.SAI_TxSetConfig.str1.4
                0x6000ffcc       0xaa ./drivers/fsl_sai.o
 *fill*         0x60010076        0x2 ff
 .rodata.SAI3_TX_DriverIRQHandler.str1.4
                0x60010078       0x24 ./drivers/fsl_sai.o
 .rodata.SAI3_RX_DriverIRQHandler.str1.4
                0x6001009c       0x24 ./drivers/fsl_sai.o
 .rodata.s_saiBases
                0x600100c0       0x10 ./drivers/fsl_sai_edma.o
 .rodata.SAI_GetInstance.str1.4
                0x600100d0       0x37 ./drivers/fsl_sai_edma.o
 *fill*         0x60010107        0x1 ff
 .rodata.SAI_TransferTxCreateHandleEDMA.str1.4
                0x60010108       0x2a ./drivers/fsl_sai_edma.o
 *fill*         0x60010132        0x2 ff
 .rodata.SAI_TransferTxSetConfigEDMA.str1.4
                0x60010134       0x2a ./drivers/fsl_sai_edma.o
 *fill*         0x6001015e        0x2 ff
 .rodata.SAI_TransferSendEDMA.str1.4
                0x60010160       0x25 ./drivers/fsl_sai_edma.o
 *fill*         0x60010185        0x3 ff
 .rodata.s_LpuartAdapterBase
                0x60010188       0x14 ./component/uart/lpuart_adapter.o
 .rodata.HAL_UartInit.str1.4
                0x6001019c       0xe2 ./component/uart/lpuart_adapter.o
 *fill*         0x6001027e        0x2 ff
 .rodata.HAL_UartSendBlocking.str1.4
                0x60010280       0x5f ./component/uart/lpuart_adapter.o
 *fill*         0x600102df        0x1 ff
 .rodata.SerialManager_Write.str1.4
                0x600102e0       0x83 ./component/serial_manager/serial_manager.o
 *fill*         0x60010363        0x1 ff
 .rodata.SerialManager_Init.str1.4
                0x60010364       0x45 ./component/serial_manager/serial_manager.o
 *fill*         0x600103a9        0x3 ff
 .rodata.SerialManager_OpenWriteHandle.str1.4
                0x600103ac       0x4d ./component/serial_manager/serial_manager.o
 *fill*         0x600103f9        0x3 ff
 .rodata.SerialManager_OpenReadHandle.str1.4
                0x600103fc       0x4c ./component/serial_manager/serial_manager.o
 .rodata.Serial_UartInit.str1.4
                0x60010448       0x4f ./component/serial_manager/serial_port_uart.o
 *fill*         0x60010497        0x1 ff
 .rodata.Serial_UartWrite.str1.4
                0x60010498       0x6d ./component/serial_manager/serial_port_uart.o
 *fill*         0x60010505        0x3 ff
 .rodata.s_i2cBases
                0x60010508        0xc ./component/i2c/lpi2c_adapter.o
 .rodata.HAL_I2cMasterInit.str1.4
                0x60010514       0x3e ./component/i2c/lpi2c_adapter.o
 *fill*         0x60010552        0x2 ff
 .rodata.HAL_I2cMasterTransferBlocking.str1.4
                0x60010554       0x3c ./component/i2c/lpi2c_adapter.o
 .rodata.s_wm8960_capability
                0x60010590        0xc ./codec/fsl_codec_adapter.o
 .rodata.HAL_CODEC_Init.str1.4
                0x6001059c       0x3f ./codec/fsl_codec_adapter.o
 *fill*         0x600105db        0x1 ff
 .rodata.CODEC_Init.str1.4
                0x600105dc       0x3e ./codec/fsl_codec_common.o
 *fill*         0x6001061a        0x2 ff
 .rodata.wm8960_reg
                0x6001061c       0x70 ./codec/fsl_wm8960.o
 .rodata.BOARD_ConfigMPU.str1.4
                0x6001068c       0x6a ./board/board.o
 .rodata.CLOCK_SetMux.str1.4
                0x600106f6       0x87 ./board/clock_config.o
 .rodata.CLOCK_SetDiv.str1.4
                0x600106f6       0x87 ./board/clock_config.o
 *fill*         0x600106f6        0x2 ff
 .rodata.CLOCK_ControlGate.str1.4
                0x600106f8       0x74 ./board/clock_config.o
 .rodata.sysPllConfig_BOARD_BootClockRUN
                0x6001076c       0x14 ./board/clock_config.o
                0x6001076c                sysPllConfig_BOARD_BootClockRUN
 .rodata.enetPllConfig_BOARD_BootClockRUN
                0x60010780        0x5 ./board/clock_config.o
                0x60010780                enetPllConfig_BOARD_BootClockRUN
 .rodata.CLOCK_ControlGate.str1.4
                0x60010785       0x74 ./board/pin_mux.o
 *fill*         0x60010785        0x3 ff
 .rodata.__num_Ciob_streams
                0x60010788        0x4 c:/nxp/mcuxpressoide_11.1.1_3241/ide/plugins/com.nxp.mcuxpresso.tools.win32_11.1.0.202001081728/tools/bin/../lib/gcc/arm-none-eabi/8.3.1/../../../../arm-none-eabi/lib/thumb/v7e-m+fp/hard\libcr_nohost_nf.a(__ciob.o)
                0x60010788                __num_Ciob_streams
 .rodata.__assertion_failed.str1.1
                0x6001078c       0x15 c:/nxp/mcuxpressoide_11.1.1_3241/ide/plugins/com.nxp.mcuxpresso.tools.win32_11.1.0.202001081728/tools/bin/../lib/gcc/arm-none-eabi/8.3.1/../../../../arm-none-eabi/lib/thumb/v7e-m+fp/hard\libcr_nohost_nf.a(_cr_assert.o)
 .rodata._Csys_alloc.str1.1
                0x600107a1       0x18 c:/nxp/mcuxpressoide_11.1.1_3241/ide/plugins/com.nxp.mcuxpresso.tools.win32_11.1.0.202001081728/tools/bin/../lib/gcc/arm-none-eabi/8.3.1/../../../../arm-none-eabi/lib/thumb/v7e-m+fp/hard\libcr_c.a(alloc.o)
 .rodata._initio.str1.1
                0x600107b9        0x4 c:/nxp/mcuxpressoide_11.1.1_3241/ide/plugins/com.nxp.mcuxpresso.tools.win32_11.1.0.202001081728/tools/bin/../lib/gcc/arm-none-eabi/8.3.1/../../../../arm-none-eabi/lib/thumb/v7e-m+fp/hard\libcr_c.a(initio.o)
                0x600107c0                . = ALIGN (0x4)
 *fill*         0x600107bd        0x3 ff

.glue_7         0x600107c0        0x0
 .glue_7        0x600107c0        0x0 linker stubs

.glue_7t        0x600107c0        0x0
 .glue_7t       0x600107c0        0x0 linker stubs

.vfp11_veneer   0x600107c0        0x0
 .vfp11_veneer  0x600107c0        0x0 linker stubs

.v4_bx          0x600107c0        0x0
 .v4_bx         0x600107c0        0x0 linker stubs

.iplt           0x600107c0        0x0
 .iplt          0x600107c0        0x0 ./xip/evkmimxrt1010_flexspi_nor_config.o

.rel.dyn        0x600107c0        0x0
 .rel.iplt      0x600107c0        0x0 ./xip/evkmimxrt1010_flexspi_nor_config.o

.ARM.extab
 *(SORT_BY_ALIGNMENT(.ARM.extab*) SORT_BY_ALIGNMENT(.gnu.linkonce.armextab.*))

.ARM.exidx      0x600107c0        0x0
                0x600107c0                __exidx_start = .
 *(SORT_BY_ALIGNMENT(.ARM.exidx*) SORT_BY_ALIGNMENT(.gnu.linkonce.armexidx.*))
                0x600107c0                __exidx_end = .
                0x600107c0                _etext = .

.data_RAM2      0x00000000        0x0 load address 0x600107c0
 FILL mask 0xff
                [!provide]                PROVIDE (__start_data_RAM2 = .)
                [!provide]                PROVIDE (__start_data_SRAM_ITC = .)
 *(SORT_BY_ALIGNMENT(.ramfunc.$RAM2))
 *(SORT_BY_ALIGNMENT(.ramfunc.$SRAM_ITC))
 *(SORT_BY_ALIGNMENT(.data.$RAM2))
 *(SORT_BY_ALIGNMENT(.data.$SRAM_ITC))
 *(SORT_BY_ALIGNMENT(.data.$RAM2.*))
 *(SORT_BY_ALIGNMENT(.data.$SRAM_ITC.*))
                0x00000000                . = ALIGN (0x4)
                [!provide]                PROVIDE (__end_data_RAM2 = .)
                [!provide]                PROVIDE (__end_data_SRAM_ITC = .)

.data_RAM3      0x20000000      0x154 load address 0x600107c0
 FILL mask 0xff
                [!provide]                PROVIDE (__start_data_RAM3 = .)
                [!provide]                PROVIDE (__start_data_SRAM_DTC = .)
 *(SORT_BY_ALIGNMENT(.ramfunc.$RAM3))
 *(SORT_BY_ALIGNMENT(.ramfunc.$SRAM_DTC))
 *(SORT_BY_ALIGNMENT(NonCacheable.init))
 NonCacheable.init
                0x20000000       0x74 ./source/audio_speaker.o
                0x20000000                g_UsbDeviceAudioSpeaker
 NonCacheable.init
                0x20000074       0xde ./source/usb_device_descriptor.o
                0x20000074                g_UsbDeviceDescriptor
                0x20000088                g_UsbDeviceConfigurationDescriptor
                0x20000108                g_UsbDeviceString0