../source/oscillator/../utilities/numericUtil.h:26:9:uint8Clip	16	static
../source/oscillator/fader.h:18:19:xfaderExecute	32	static
../source/oscillator/oscillatorProcess.c:61:7:getEgTimeValueF	24	static
../source/oscillator/oscillatorProcess.c:73:10:chkFreeMemVcb	16	static
../source/oscillator/oscillatorProcess.c:88:10:chkFreeDrvVcb	16	static
../source/oscillator/oscillatorProcess.c:112:13:init_ampeg_coef	24	static
../source/oscillator/oscillatorProcess.c:156:6:oscillatorProcessAmpEgReset	40	static
../source/oscillator/oscillatorProcess.c:166:13:oscSetup	32	static
../source/oscillator/oscillatorProcess.c:189:12:oscEnd	24	static
../source/oscillator/oscillatorProcess.c:244:12:oscillatorProcessSub	32	static
../source/oscillator/oscillatorProcess.c:367:13:egProcessSub	40	static
../source/oscillator/oscillatorProcess.c:457:13:egProcess	16	static
../source/oscillator/oscillatorProcess.c:476:6:oscillatorProcess	48	static
../source/oscillator/oscillatorProcess.c:510:6:oscillatorStart	24	static
../source/oscillator/oscillatorProcess.c:547:6:oscillatorStop	24	static
../source/oscillator/oscillatorProcess.c:582:6:oscillatorPauseTgl	24	static
../source/oscillator/oscillatorProcess.c:621:6:oscillatorPauseGet	24	static
../source/oscillator/oscillatorProcess.c:638:6:oscillatorPauseSet	24	static
../source/oscillator/oscillatorProcess.c:676:5:oscillatorSeek	32	static
../source/oscillator/oscillatorProcess.c:738:8:getVcbPtr	24	static
