../usb/device/source/ehci/usb_device_ehci.c:150:13:USB_DeviceEhciSetDefaultState	20	static
../usb/device/source/ehci/usb_device_ehci.c:936:21:USB_DeviceEhciTransfer	64	static
../usb/device/source/ehci/usb_device_ehci.c:471:13:USB_DeviceEhciCancelControlPipe	56	static
../usb/device/source/ehci/usb_device_ehci.c:1130:14:USB_DeviceEhciInit	16	static
../usb/device/source/ehci/usb_device_ehci.c:1218:14:USB_DeviceEhciDeinit	0	static
../usb/device/source/ehci/usb_device_ehci.c:1257:14:USB_DeviceEhciSend	8	static
../usb/device/source/ehci/usb_device_ehci.c:1289:14:USB_DeviceEhciRecv	8	static
../usb/device/source/ehci/usb_device_ehci.c:1311:14:USB_DeviceEhciCancel	56	static
../usb/device/source/ehci/usb_device_ehci.c:303:21:USB_DeviceEhciEndpointDeinit	32	static
../usb/device/source/ehci/usb_device_ehci.c:1442:14:USB_DeviceEhciControl	40	static
../usb/device/source/ehci/usb_device_ehci.c:1730:6:USB_DeviceEhciIsrFunction	72	static
../usb/device/source/ehci/usb_device_ehci.c:1858:6:USB_DeviceEhciAttachedDevice	0	static
../usb/device/source/ehci/usb_device_ehci.c:1895:9:USB_DeviceEhciGetAttachedDeviceStatus	0	static
../usb/device/source/ehci/usb_device_ehci.c:1900:6:USB_DeviceEhciMaskUsbInterruptEnable	0	static
