../usb/device/source/ehci/usb_device_ehci.c:150:13:USB_DeviceEhciSetDefaultState	32	static
../usb/device/source/ehci/usb_device_ehci.c:228:21:USB_DeviceEhciEndpointInit	32	static
../usb/device/source/ehci/usb_device_ehci.c:303:21:USB_DeviceEhciEndpointDeinit	24	static
../usb/device/source/ehci/usb_device_ehci.c:350:21:USB_DeviceEhciEndpointStall	24	static
../usb/device/source/ehci/usb_device_ehci.c:398:21:USB_DeviceEhciEndpointUnstall	24	static
../usb/device/source/ehci/usb_device_ehci.c:429:13:USB_DeviceEhciFillSetupBuffer	24	static
../usb/device/source/ehci/usb_device_ehci.c:471:13:USB_DeviceEhciCancelControlPipe	40	static
../usb/device/source/ehci/usb_device_ehci.c:551:13:USB_DeviceEhciInterruptTokenDone	56	static
../usb/device/source/ehci/usb_device_ehci.c:753:13:USB_DeviceEhciInterruptPortChange	32	static
../usb/device/source/ehci/usb_device_ehci.c:803:13:USB_DeviceEhciInterruptReset	32	static
../usb/device/source/ehci/usb_device_ehci.c:853:13:USB_DeviceEhciInterruptSof	16	static
../usb/device/source/ehci/usb_device_ehci.c:936:21:USB_DeviceEhciTransfer	64	static
../usb/device/source/ehci/usb_device_ehci.c:1130:14:USB_DeviceEhciInit	32	static
../usb/device/source/ehci/usb_device_ehci.c:1218:14:USB_DeviceEhciDeinit	24	static
../usb/device/source/ehci/usb_device_ehci.c:1257:14:USB_DeviceEhciSend	24	static
../usb/device/source/ehci/usb_device_ehci.c:1289:14:USB_DeviceEhciRecv	24	static
../usb/device/source/ehci/usb_device_ehci.c:1311:14:USB_DeviceEhciCancel	48	static
../usb/device/source/ehci/usb_device_ehci.c:1442:14:USB_DeviceEhciControl	56	static
../usb/device/source/ehci/usb_device_ehci.c:1730:6:USB_DeviceEhciIsrFunction	32	static
../usb/device/source/ehci/usb_device_ehci.c:1858:6:USB_DeviceEhciAttachedDevice	32	static
../usb/device/source/ehci/usb_device_ehci.c:1895:9:USB_DeviceEhciGetAttachedDeviceStatus	4	static
../usb/device/source/ehci/usb_device_ehci.c:1900:6:USB_DeviceEhciMaskUsbInterruptEnable	24	static
