../usb/device/source/usb_device_dci.c:749:14:USB_DeviceNotificationTrigger	40	static
../usb/device/source/usb_device_dci.c:805:14:USB_DeviceInit	32	static
../usb/device/source/usb_device_dci.c:904:14:USB_DeviceRun	0	static
../usb/device/source/usb_device_dci.c:920:14:USB_DeviceStop	0	static
../usb/device/source/usb_device_dci.c:934:14:USB_DeviceDeinit	24	static
../usb/device/source/usb_device_dci.c:988:14:USB_DeviceSendRequest	16	static
../usb/device/source/usb_device_dci.c:1019:14:USB_DeviceRecvRequest	16	static
../usb/device/source/usb_device_dci.c:1038:14:USB_DeviceCancel	0	static
../usb/device/source/usb_device_dci.c:1077:14:USB_DeviceInitEndpoint	8	static
../usb/device/source/usb_device_dci.c:1127:14:USB_DeviceDeinitEndpoint	24	static
../usb/device/source/usb_device_dci.c:1181:14:USB_DeviceStallEndpoint	16	static
../usb/device/source/usb_device_dci.c:1206:14:USB_DeviceUnstallEndpoint	16	static
../usb/device/source/usb_device_dci.c:1233:14:USB_DeviceGetStatus	0	static
../usb/device/source/usb_device_dci.c:1296:14:USB_DeviceSetStatus	0	static
../usb/device/source/usb_device_dci.c:1437:6:USB_DeviceGetVersion	0	static
