../usb/device/class/audio/usb_device_audio.c:135:14:USB_DeviceAudioOutIsochronousIn	0	static
../usb/device/class/audio/usb_device_audio.c:174:14:USB_DeviceAudioOutIsochronousOut	0	static
../usb/device/class/audio/usb_device_audio.c:199:14:USB_DeviceAudioInIsochronousIn	0	static
../usb/device/class/audio/usb_device_audio.c:326:14:USB_DeviceAudioOutStreamEndpointsDeinit.part.0	48	static
../usb/device/class/audio/usb_device_audio.c:466:14:USB_DeviceAudioInStreamEndpointsDeinit.part.0	48	static
../usb/device/class/audio/usb_device_audio.c:235:14:USB_DeviceAudioOutStreamEndpointsInit	56	static
../usb/device/class/audio/usb_device_audio.c:326:14:USB_DeviceAudioOutStreamEndpointsDeinit	0	static
../usb/device/class/audio/usb_device_audio.c:379:14:USB_DeviceAudioInStreamEndpointsInit	48	static
../usb/device/class/audio/usb_device_audio.c:466:14:USB_DeviceAudioInStreamEndpointsDeinit	0	static
../usb/device/class/audio/usb_device_audio.c:512:14:USB_DeviceAudioSetRequestEndpoint	4	static
../usb/device/class/audio/usb_device_audio.c:589:14:USB_DeviceAudioGetRequestEndpoint	0	static
../usb/device/class/audio/usb_device_audio.c:670:14:USB_DeviceAudioEvent	24	static
../usb/device/class/audio/usb_device_audio.c:872:14:USB_DeviceAudioInit	32	static
../usb/device/class/audio/usb_device_audio.c:919:14:USB_DeviceAudioDeinit	24	static
../usb/device/class/audio/usb_device_audio.c:960:14:USB_DeviceAudioSend	8	static
../usb/device/class/audio/usb_device_audio.c:1007:14:USB_DeviceAudioRecv	8	static
../usb/device/class/audio/usb_device_audio.c:1034:14:USB_DeviceAudioFeedbackInfoSend	8	static
