../source/midi_debug_monitor/midi_debug_monitor.c:72:6:dputbuf_flush_local_sub	24	static
../source/midi_debug_monitor/midi_debug_monitor.c:92:6:dputbuf_flush_local	16	static
../source/midi_debug_monitor/midi_debug_monitor.c:108:6:dputbuf_flush	16	static
../source/midi_debug_monitor/midi_debug_monitor.c:118:6:dputc_local_sub	24	static
../source/midi_debug_monitor/midi_debug_monitor.c:133:6:dputc_local	16	static
../source/midi_debug_monitor/midi_debug_monitor.c:149:6:dputc	16	static
../source/midi_debug_monitor/midi_debug_monitor.c:158:6:dputs_local	24	static
../source/midi_debug_monitor/midi_debug_monitor.c:167:6:dputs	16	static
../source/midi_debug_monitor/midi_debug_monitor.c:171:6:dprintf_local	104	static
../source/midi_debug_monitor/midi_debug_monitor.c:184:6:dprintf	108	static
../source/midi_debug_monitor/midi_debug_monitor.c:205:6:dputhexbl	16	static
../source/midi_debug_monitor/midi_debug_monitor.c:217:6:dputhexb	16	static
../source/midi_debug_monitor/midi_debug_monitor.c:228:6:dputhexw	16	static
../source/midi_debug_monitor/midi_debug_monitor.c:239:6:dputhexl	16	static
../source/midi_debug_monitor/midi_debug_monitor.c:269:15:MemoryDumpLong	32	static
../source/midi_debug_monitor/midi_debug_monitor.c:308:15:MemoryDumpWord	32	static
../source/midi_debug_monitor/midi_debug_monitor.c:358:15:MemoryDumpByte	32	static
../source/midi_debug_monitor/midi_debug_monitor.c:427:12:MemoryDump	40	static
../source/midi_debug_monitor/midi_debug_monitor.c:568:17:calcJobTime	24	static
../source/midi_debug_monitor/midi_debug_monitor.c:584:6:jobTimeStart	24	static
../source/midi_debug_monitor/midi_debug_monitor.c:597:6:jobTimeStop	24	static
../source/midi_debug_monitor/midi_debug_monitor.c:610:6:jobTimeInterval	16	static
../source/midi_debug_monitor/midi_debug_monitor.c:629:12:JobTime	48	static
../source/midi_debug_monitor/midi_debug_monitor.c:674:12:AdcView	40	static
../source/midi_debug_monitor/midi_debug_monitor.c:718:12:putccrbuf	32	static
../source/midi_debug_monitor/midi_debug_monitor.c:735:12:getccrbuf	32	static
../source/midi_debug_monitor/midi_debug_monitor.c:760:6:AdcAudioSet	24	static
../source/midi_debug_monitor/midi_debug_monitor.c:832:6:AdcAudioGetLR	16	static
../source/midi_debug_monitor/midi_debug_monitor.c:852:6:AdcAudioDebugOn	8	static
../source/midi_debug_monitor/midi_debug_monitor.c:857:12:AdcAudio	56	static
../source/midi_debug_monitor/midi_debug_monitor.c:937:12:WM8960Dump	32	static
../source/midi_debug_monitor/midi_debug_monitor.c:962:12:TrigDebug	24	static
../source/midi_debug_monitor/midi_debug_monitor.c:1697:12:VelCrvDump	48	static
../source/midi_debug_monitor/midi_debug_monitor.c:1850:12:Help_Func	24	static
../source/midi_debug_monitor/midi_debug_monitor.c:1863:13:command_execute	32	static
../source/midi_debug_monitor/midi_debug_monitor.c:1903:13:DebugMonitor	24	static
../source/midi_debug_monitor/midi_debug_monitor.c:1999:5:MidiDebugMonitorCommandIn	24	static
