../utilities/fsl_debug_console.c:318:10:DbgConsole_ReadOneCharacter	8	static
../utilities/fsl_debug_console.c:385:5:DbgConsole_SendData	8	static
../utilities/fsl_debug_console.c:452:5:DbgConsole_SendDataReliable	8	static
../utilities/fsl_debug_console.c:606:13:DbgConsole_PrintCallback	32	static
../utilities/fsl_debug_console.c:523:5:DbgConsole_ReadLine	24	static
../utilities/fsl_debug_console.c:578:5:DbgConsole_ReadCharacter	8	static
../utilities/fsl_debug_console.c:627:10:DbgConsole_Init	40	static
../utilities/fsl_debug_console.c:751:10:DbgConsole_Deinit	8	static
../utilities/fsl_debug_console.c:782:40:DbgConsole_Flush	0	static
../utilities/fsl_debug_console.c:821:5:DbgConsole_Printf	144	static
../utilities/fsl_debug_console.c:844:5:DbgConsole_Putchar	16	static
../utilities/fsl_debug_console.c:851:5:DbgConsole_Scanf	48	static
../utilities/fsl_debug_console.c:903:5:DbgConsole_Getchar	16	static
