../source/midi/midi_player.c:136:14:USB_DeviceMidiCallback	0	static
../source/midi/midi_player.c:182:14:USB_DeviceMidiSetConfigure	8	static
../source/midi/midi_player.c:211:14:USB_DeviceMidiPlayerInit	4	static
../source/midi/midi_player.c:535:6:USB_setMidiInTimeoutCount	0	static
../source/midi/midi_player.c:608:9:WriteData4	0	static
../source/midi/midi_player.c:641:9:Send2USB	24	static
../source/midi/midi_player.c:716:5:isMidiInOpen	0	static
../source/midi/midi_player.c:731:6:USB_MIDI_IDLE	40	static
