../drivers/fsl_lpuart.c:185:13:LPUART_ReadNonBlocking	8	static
../drivers/fsl_lpuart.c:109:10:LPUART_GetInstance	8	static
../drivers/fsl_lpuart.c:133:8:LPUART_TransferGetRxRingBufferLength	8	static
../drivers/fsl_lpuart.c:154:13:LPUART_TransferIsRxRingBufferFull	8	static
../drivers/fsl_lpuart.c:240:10:LPUART_Init	40	static
../drivers/fsl_lpuart.c:459:6:LPUART_Deinit	8	static
../drivers/fsl_lpuart.c:523:6:LPUART_GetDefaultConfig	8	static
../drivers/fsl_lpuart.c:568:10:LPUART_SetBaudRate	32	static
../drivers/fsl_lpuart.c:668:6:LPUART_EnableInterrupts	4	static
../drivers/fsl_lpuart.c:692:6:LPUART_DisableInterrupts	0	static
../drivers/fsl_lpuart.c:723:10:LPUART_GetEnabledInterrupts	0	static
../drivers/fsl_lpuart.c:752:10:LPUART_GetStatusFlags	0	static
../drivers/fsl_lpuart.c:1395:6:LPUART_TransferHandleIRQ	40	static
../drivers/fsl_lpuart.c:783:10:LPUART_ClearStatusFlags	8	static
../drivers/fsl_lpuart.c:834:6:LPUART_WriteBlocking	8	static
../drivers/fsl_lpuart.c:871:10:LPUART_ReadBlocking	24	static
../drivers/fsl_lpuart.c:974:6:LPUART_TransferCreateHandle	24	static
../drivers/fsl_lpuart.c:1040:6:LPUART_TransferStartRingBuffer	8	static
../drivers/fsl_lpuart.c:1067:6:LPUART_TransferStopRingBuffer	8	static
../drivers/fsl_lpuart.c:1102:10:LPUART_TransferSendNonBlocking	8	static
../drivers/fsl_lpuart.c:1141:6:LPUART_TransferAbortSend	8	static
../drivers/fsl_lpuart.c:1165:10:LPUART_TransferGetSendCount	8	static
../drivers/fsl_lpuart.c:1211:10:LPUART_TransferReceiveNonBlocking	32	static
../drivers/fsl_lpuart.c:1338:6:LPUART_TransferAbortReceive	8	static
../drivers/fsl_lpuart.c:1367:10:LPUART_TransferGetReceiveCount	8	static
../drivers/fsl_lpuart.c:1633:6:LPUART_TransferHandleErrorIRQ	0	static
../drivers/fsl_lpuart.c:1791:6:LPUART1_DriverIRQHandler	8	static
../drivers/fsl_lpuart.c:1825:6:LPUART2_DriverIRQHandler	8	static
../drivers/fsl_lpuart.c:1858:6:LPUART3_DriverIRQHandler	8	static
../drivers/fsl_lpuart.c:1891:6:LPUART4_DriverIRQHandler	8	static
