../drivers/fsl_sai.h:668:20:SAI_TxEnableDMA	24	static
../drivers/fsl_sai.h:689:20:SAI_RxEnableDMA	24	static
../drivers/fsl_sai.h:710:24:SAI_TxGetDataRegisterAddress	16	static
../drivers/fsl_sai.h:724:24:SAI_RxGetDataRegisterAddress	16	static
../drivers/fsl_sai_edma.c:73:17:SAI_GetInstance	24	static
../drivers/fsl_sai_edma.c:91:13:SAI_TxEDMACallback	40	static
../drivers/fsl_sai_edma.c:113:13:SAI_RxEDMACallback	40	static
../drivers/fsl_sai_edma.c:135:6:SAI_TransferTxCreateHandleEDMA	32	static
../drivers/fsl_sai_edma.c:163:6:SAI_TransferRxCreateHandleEDMA	32	static
../drivers/fsl_sai_edma.c:191:6:SAI_TransferTxSetFormatEDMA	24	static
../drivers/fsl_sai_edma.c:225:6:SAI_TransferRxSetFormatEDMA	24	static
../drivers/fsl_sai_edma.c:259:10:SAI_TransferSendEDMA	88	static
../drivers/fsl_sai_edma.c:310:10:SAI_TransferReceiveEDMA	88	static
../drivers/fsl_sai_edma.c:361:6:SAI_TransferAbortSendEDMA	16	static
../drivers/fsl_sai_edma.c:389:6:SAI_TransferAbortReceiveEDMA	16	static
../drivers/fsl_sai_edma.c:417:6:SAI_TransferTerminateSendEDMA	16	static
../drivers/fsl_sai_edma.c:432:6:SAI_TransferTerminateReceiveEDMA	16	static
../drivers/fsl_sai_edma.c:447:10:SAI_TransferGetSendCountEDMA	40	static
../drivers/fsl_sai_edma.c:467:10:SAI_TransferGetReceiveCountEDMA	40	static
