../drivers/fsl_sai.c:1161:6:SAI_TransferRxHandleIRQ	32	static
../drivers/fsl_sai.c:1092:6:SAI_TransferTxHandleIRQ	40	static
../drivers/fsl_sai.c:221:6:SAI_TxInit	8	static
../drivers/fsl_sai.c:329:6:SAI_RxInit	8	static
../drivers/fsl_sai.c:437:6:SAI_Deinit	8	static
../drivers/fsl_sai.c:446:6:SAI_TxGetDefaultConfig	0	static
../drivers/fsl_sai.c:458:6:SAI_RxGetDefaultConfig	0	static
../drivers/fsl_sai.c:470:6:SAI_TxReset	0	static
../drivers/fsl_sai.c:486:6:SAI_RxReset	0	static
../drivers/fsl_sai.c:502:6:SAI_TxEnable	0	static
../drivers/fsl_sai.c:526:6:SAI_RxEnable	0	static
../drivers/fsl_sai.c:549:6:SAI_TxSoftwareReset	0	static
../drivers/fsl_sai.c:557:6:SAI_RxSoftwareReset	0	static
../drivers/fsl_sai.c:565:6:SAI_TxSetChannelFIFOMask	0	static
../drivers/fsl_sai.c:571:6:SAI_RxSetChannelFIFOMask	0	static
../drivers/fsl_sai.c:577:6:SAI_TxSetDataOrder	0	static
../drivers/fsl_sai.c:585:6:SAI_RxSetDataOrder	0	static
../drivers/fsl_sai.c:593:6:SAI_TxSetBitClockPolarity	0	static
../drivers/fsl_sai.c:601:6:SAI_RxSetBitClockPolarity	0	static
../drivers/fsl_sai.c:609:6:SAI_TxSetFrameSyncPolarity	0	static
../drivers/fsl_sai.c:617:6:SAI_RxSetFrameSyncPolarity	0	static
../drivers/fsl_sai.c:626:6:SAI_TxSetFIFOPacking	0	static
../drivers/fsl_sai.c:635:6:SAI_RxSetFIFOPacking	0	static
../drivers/fsl_sai.c:645:6:SAI_TxSetFormat	20	static
../drivers/fsl_sai.c:718:6:SAI_RxSetFormat	20	static
../drivers/fsl_sai.c:791:6:SAI_WriteBlocking	24	static
../drivers/fsl_sai.c:814:6:SAI_ReadBlocking	24	static
../drivers/fsl_sai.c:832:6:SAI_TransferTxCreateHandle	24	static
../drivers/fsl_sai.c:851:6:SAI_TransferRxCreateHandle	24	static
../drivers/fsl_sai.c:870:10:SAI_TransferTxSetFormat	32	static
../drivers/fsl_sai.c:895:10:SAI_TransferRxSetFormat	32	static
../drivers/fsl_sai.c:920:10:SAI_TransferSendNonBlocking	16	static
../drivers/fsl_sai.c:953:10:SAI_TransferReceiveNonBlocking	16	static
../drivers/fsl_sai.c:986:10:SAI_TransferGetSendCount	8	static
../drivers/fsl_sai.c:1004:10:SAI_TransferGetReceiveCount	8	static
../drivers/fsl_sai.c:1022:6:SAI_TransferAbortSend	16	static
../drivers/fsl_sai.c:1043:6:SAI_TransferAbortReceive	16	static
../drivers/fsl_sai.c:1064:6:SAI_TransferTerminateSend	16	static
../drivers/fsl_sai.c:1078:6:SAI_TransferTerminateReceive	16	static
../drivers/fsl_sai.c:1869:6:SAI1_DriverIRQHandler	8	static
../drivers/fsl_sai.c:1931:6:SAI3_DriverIRQHandler	8	static
