../drivers/fsl_adc.c:44:17:ADC_GetInstance	8	static
../drivers/fsl_adc.c:68:6:ADC_Init	16	static
../drivers/fsl_adc.c:118:6:ADC_Deinit	8	static
../drivers/fsl_adc.c:146:6:ADC_GetDefaultConfig	8	static
../drivers/fsl_adc.c:193:6:ADC_SetChannelConfig	8	static
../drivers/fsl_adc.c:228:10:ADC_DoAutoCalibration	0	static
../drivers/fsl_adc.c:288:6:ADC_SetOffsetConfig	8	static
../drivers/fsl_adc.c:315:6:ADC_SetHardwareCompareConfig	8	static
../drivers/fsl_adc.c:363:6:ADC_SetHardwareAverageConfig	0	static
../drivers/fsl_adc.c:386:6:ADC_ClearStatusFlags	0	static
