../drivers/fsl_sai_edma.c:73:17:SAI_GetInstance	8	static
../drivers/fsl_sai_edma.c:91:13:SAI_TxEDMACallback	24	static
../drivers/fsl_sai_edma.c:113:13:SAI_RxEDMACallback	24	static
../drivers/fsl_sai_edma.c:135:6:SAI_TransferTxCreateHandleEDMA	32	static
../drivers/fsl_sai_edma.c:163:6:SAI_TransferRxCreateHandleEDMA	32	static
../drivers/fsl_sai_edma.c:191:6:SAI_TransferTxSetFormatEDMA	16	static
../drivers/fsl_sai_edma.c:225:6:SAI_TransferRxSetFormatEDMA	16	static
../drivers/fsl_sai_edma.c:259:10:SAI_TransferSendEDMA	64	static
../drivers/fsl_sai_edma.c:310:10:SAI_TransferReceiveEDMA	64	static
../drivers/fsl_sai_edma.c:361:6:SAI_TransferAbortSendEDMA	16	static
../drivers/fsl_sai_edma.c:389:6:SAI_TransferAbortReceiveEDMA	16	static
../drivers/fsl_sai_edma.c:417:6:SAI_TransferTerminateSendEDMA	8	static
../drivers/fsl_sai_edma.c:432:6:SAI_TransferTerminateReceiveEDMA	8	static
../drivers/fsl_sai_edma.c:447:10:SAI_TransferGetSendCountEDMA	16	static
../drivers/fsl_sai_edma.c:467:10:SAI_TransferGetReceiveCountEDMA	16	static
