C:\Users\koki_arai\Documents\MCUXpressoIDE_11.10.0_3148\workspace\evkmimxrt1010_dev_composite_audio_midi_bm\CMSIS/core_cm7.h:1902:22:__NVIC_EnableIRQ	16	static
../drivers/fsl_clock.h:781:20:CLOCK_ControlGate	32	static
../drivers/fsl_clock.h:798:20:CLOCK_EnableClock	16	static
../drivers/fsl_clock.h:808:20:CLOCK_DisableClock	16	static
../drivers/fsl_common.h:442:28:EnableIRQ	16	static
../drivers/fsl_sai.h:394:20:SAI_TxClearStatusFlags	16	static
../drivers/fsl_sai.h:419:20:SAI_RxClearStatusFlags	16	static
../drivers/fsl_sai.h:544:20:SAI_TxSetFIFOErrorContinue	16	static
../drivers/fsl_sai.h:565:20:SAI_RxSetFIFOErrorContinue	16	static
../drivers/fsl_sai.h:596:20:SAI_TxEnableInterrupts	16	static
../drivers/fsl_sai.h:613:20:SAI_RxEnableInterrupts	16	static
../drivers/fsl_sai.h:630:20:SAI_TxDisableInterrupts	16	static
../drivers/fsl_sai.h:647:20:SAI_RxDisableInterrupts	16	static
../drivers/fsl_sai.c:164:17:SAI_GetInstance	24	static
../drivers/fsl_sai.c:182:13:SAI_WriteNonBlocking	48	static
../drivers/fsl_sai.c:203:13:SAI_ReadNonBlocking	40	static
../drivers/fsl_sai.c:221:6:SAI_TxInit	24	static
../drivers/fsl_sai.c:329:6:SAI_RxInit	24	static
../drivers/fsl_sai.c:437:6:SAI_Deinit	16	static
../drivers/fsl_sai.c:446:6:SAI_TxGetDefaultConfig	16	static
../drivers/fsl_sai.c:458:6:SAI_RxGetDefaultConfig	16	static
../drivers/fsl_sai.c:470:6:SAI_TxReset	16	static
../drivers/fsl_sai.c:486:6:SAI_RxReset	16	static
../drivers/fsl_sai.c:502:6:SAI_TxEnable	16	static
../drivers/fsl_sai.c:526:6:SAI_RxEnable	16	static
../drivers/fsl_sai.c:549:6:SAI_TxSoftwareReset	16	static
../drivers/fsl_sai.c:557:6:SAI_RxSoftwareReset	16	static
../drivers/fsl_sai.c:565:6:SAI_TxSetChannelFIFOMask	16	static
../drivers/fsl_sai.c:571:6:SAI_RxSetChannelFIFOMask	16	static
../drivers/fsl_sai.c:577:6:SAI_TxSetDataOrder	24	static
../drivers/fsl_sai.c:585:6:SAI_RxSetDataOrder	24	static
../drivers/fsl_sai.c:593:6:SAI_TxSetBitClockPolarity	24	static
../drivers/fsl_sai.c:601:6:SAI_RxSetBitClockPolarity	24	static
../drivers/fsl_sai.c:609:6:SAI_TxSetFrameSyncPolarity	24	static
../drivers/fsl_sai.c:617:6:SAI_RxSetFrameSyncPolarity	24	static
../drivers/fsl_sai.c:626:6:SAI_TxSetFIFOPacking	24	static
../drivers/fsl_sai.c:635:6:SAI_RxSetFIFOPacking	24	static
../drivers/fsl_sai.c:645:6:SAI_TxSetFormat	40	static
../drivers/fsl_sai.c:718:6:SAI_RxSetFormat	40	static
../drivers/fsl_sai.c:791:6:SAI_WriteBlocking	40	static
../drivers/fsl_sai.c:814:6:SAI_ReadBlocking	40	static
../drivers/fsl_sai.c:832:6:SAI_TransferTxCreateHandle	24	static
../drivers/fsl_sai.c:851:6:SAI_TransferRxCreateHandle	24	static
../drivers/fsl_sai.c:870:10:SAI_TransferTxSetFormat	24	static
../drivers/fsl_sai.c:895:10:SAI_TransferRxSetFormat	24	static
../drivers/fsl_sai.c:920:10:SAI_TransferSendNonBlocking	24	static
../drivers/fsl_sai.c:953:10:SAI_TransferReceiveNonBlocking	24	static
../drivers/fsl_sai.c:986:10:SAI_TransferGetSendCount	32	static
../drivers/fsl_sai.c:1004:10:SAI_TransferGetReceiveCount	32	static
../drivers/fsl_sai.c:1022:6:SAI_TransferAbortSend	16	static
../drivers/fsl_sai.c:1043:6:SAI_TransferAbortReceive	16	static
../drivers/fsl_sai.c:1064:6:SAI_TransferTerminateSend	16	static
../drivers/fsl_sai.c:1078:6:SAI_TransferTerminateReceive	16	static
../drivers/fsl_sai.c:1092:6:SAI_TransferTxHandleIRQ	40	static
../drivers/fsl_sai.c:1161:6:SAI_TransferRxHandleIRQ	40	static
../drivers/fsl_sai.c:1869:6:SAI1_DriverIRQHandler	8	static
../drivers/fsl_sai.c:1931:6:SAI3_DriverIRQHandler	8	static
