core_cm7.h:1902:22:__NVIC_EnableIRQ	16	static
core_cm7.h:2030:22:__NVIC_SetPriority	16	static
fsl_clock.h:708:20:CLOCK_SetMux	24	static
fsl_clock.h:745:20:CLOCK_SetDiv	24	static
fsl_common.h:442:28:EnableIRQ	16	static
fsl_sai.h:873:20:SAI_TxClearStatusFlags	16	static
fsl_sai.h:1076:20:SAI_TxEnableInterrupts	16	static
fsl_dmamux.h:75:20:DMAMUX_EnableChannel	16	static
fsl_dmamux.h:105:20:DMAMUX_SetSource	24	static
audio_speaker.c:246:6:BOARD_EnableSaiMclkOutput	16	static
audio_speaker.c:259:6:BOARD_Codec_Init	8	static
audio_speaker.c:264:6:SAI_USB_Audio_TxInit	16	static
audio_speaker.c:270:6:WM8960_Config_Audio_Formats	16	static
audio_speaker.c:280:6:BOARD_USB_Audio_TxInit	16	static
audio_speaker.c:286:13:txCallback	32	static
audio_speaker.c:316:6:BOARD_DMA_EDMA_Config	16	static
audio_speaker.c:328:6:BOARD_Create_Audio_DMA_EDMA_Handle	16	static
audio_speaker.c:333:6:BOARD_DMA_EDMA_Set_AudioFormat	24	static
audio_speaker.c:342:6:BOARD_DMA_EDMA_Enable_Audio_Interrupts	8	static
audio_speaker.c:349:6:BOARD_DMA_EDMA_Start	16	static
audio_speaker.c:359:6:Init_Board_Audio	8	static
audio_speaker.c:371:6:SAI1_IRQHandler	8	static
audio_speaker.c:381:6:USB_OTG1_IRQHandler	8	static
audio_speaker.c:386:6:USB_DeviceClockInit	16	static
audio_speaker.c:398:6:USB_DeviceIsrEnable	16	static
audio_speaker.c:428:14:USB_DeviceAudioRequest	40	static
audio_speaker.c:788:10:USB_AudioSpeakerBufferSpaceUsed	4	static
audio_speaker.c:808:6:USB_AudioFeedbackDataUpdate	8	static
audio_speaker.c:861:6:USB_AudioSpeakerPutBuffer	16	static
audio_speaker.c:888:14:USB_DeviceAudioCallback	40	static
audio_speaker.c:950:6:USB_DeviceAudioSpeakerStatusReset	4	static
audio_speaker.c:985:14:USB_DeviceCallback	40	static
audio_speaker.c:1123:6:APPInit	8	static
audio_speaker.c:1154:6:USB_AudioCodecTask	8	static
audio_speaker.c:1187:6:USB_AudioSpeakerResetTask	8	static
audio_speaker.c:1202:5:main	8	static
