../source/audio_player.c:413:13:txCallback	32	static
../source/audio_player.c:340:6:BOARD_EnableSaiMclkOutput	0	static
../source/audio_player.c:352:6:BOARD_Codec_Init	16	static
../source/audio_player.c:358:6:SAI_USB_Audio_TxInit	16	static
../source/audio_player.c:366:6:SAI_USB_Audio_RxInit	16	static
../source/audio_player.c:373:6:WM8960_Config_Audio_Formats	4	static
../source/audio_player.c:395:6:BOARD_USB_Audio_TxRxInit	24	static
../source/audio_player.c:503:6:BOARD_DMA_EDMA_Config	24	static
../source/audio_player.c:515:6:BOARD_Create_Audio_DMA_EDMA_Handle	16	static
../source/audio_player.c:520:6:BOARD_DMA_EDMA_Set_AudioFormat	16	static
../source/audio_player.c:527:6:BOARD_DMA_EDMA_Enable_Audio_Interrupts	0	static
../source/audio_player.c:534:6:BOARD_DMA_EDMA_Start	16	static
../source/audio_player.c:602:9:func_sin	0	static
../source/audio_player.c:617:9:fsfunc_sin	0	static
../source/audio_player.c:630:6:HC_CRITICAL_SECTION_ENTER	0	static
../source/audio_player.c:638:6:HC_CRITICAL_SECTION_EXIT	0	static
../source/audio_player.c:653:6:HC_AudioSetCallback	0	static
../source/audio_player.c:665:6:SAI1_IRQHandler	16	static
../source/audio_player.c:800:6:USB_DeviceClockInit	16	static
../source/audio_player.c:815:6:Init_Board_Sai_Codec	16	static
../source/audio_player.c:873:14:USB_DeviceAudioRequest	0	static
../source/audio_player.c:1194:10:USB_AudioSpeakerBufferSpaceUsed	0	static
../source/audio_player.c:1218:6:USB_AudioFeedbackDataUpdate	16	static
../source/audio_player.c:1280:6:USB_AudioSpeakerPutBuffer	32	static
../source/audio_player.c:1359:6:USB_prepareAudioRecData	16	static
../source/audio_player.c:1416:14:USB_DeviceAudioCallback	24	static
../source/audio_player.c:1506:6:USB_DeviceAudioSpeakerStatusReset	0	static
../source/audio_player.c:1533:14:USB_DeviceAudioSetConfigure	0	static
../source/audio_player.c:1543:14:USB_DeviceAudioSetInterface	40	static
../source/audio_player.c:1646:14:USB_DeviceAudioPlayerInit	4	static
../source/audio_player.c:1731:6:USB_AudioCodecTask	8	static
../source/audio_player.c:1751:6:USB_AudioSpeakerResetTask	0	static
../source/audio_player.c:1760:6:BOARD_AudioInitPllClock	0	static
../source/audio_player.c:1765:6:BOARD_InitClockPinMux	0	static
