../source/audio_player.c:412:13:txCallback	32	static
../source/audio_player.c:339:6:BOARD_EnableSaiMclkOutput	0	static
../source/audio_player.c:351:6:BOARD_Codec_Init	16	static
../source/audio_player.c:357:6:SAI_USB_Audio_TxInit	16	static
../source/audio_player.c:365:6:SAI_USB_Audio_RxInit	16	static
../source/audio_player.c:372:6:WM8960_Config_Audio_Formats	4	static
../source/audio_player.c:394:6:BOARD_USB_Audio_TxRxInit	24	static
../source/audio_player.c:502:6:BOARD_DMA_EDMA_Config	24	static
../source/audio_player.c:514:6:BOARD_Create_Audio_DMA_EDMA_Handle	16	static
../source/audio_player.c:519:6:BOARD_DMA_EDMA_Set_AudioFormat	16	static
../source/audio_player.c:526:6:BOARD_DMA_EDMA_Enable_Audio_Interrupts	0	static
../source/audio_player.c:533:6:BOARD_DMA_EDMA_Start	16	static
../source/audio_player.c:631:6:HC_CRITICAL_SECTION_ENTER	0	static
../source/audio_player.c:639:6:HC_CRITICAL_SECTION_EXIT	0	static
../source/audio_player.c:654:6:HC_AudioSetCallback	0	static
../source/audio_player.c:665:6:SAI1_IRQHandler	12	static
../source/audio_player.c:795:6:USB_DeviceClockInit	16	static
../source/audio_player.c:810:6:Init_Board_Sai_Codec	16	static
../source/audio_player.c:868:14:USB_DeviceAudioRequest	0	static
../source/audio_player.c:1189:10:USB_AudioSpeakerBufferSpaceUsed	0	static
../source/audio_player.c:1213:6:USB_AudioFeedbackDataUpdate	16	static
../source/audio_player.c:1275:6:USB_AudioSpeakerPutBuffer	32	static
../source/audio_player.c:1354:6:USB_prepareAudioRecData	16	static
../source/audio_player.c:1411:14:USB_DeviceAudioCallback	24	static
../source/audio_player.c:1501:6:USB_DeviceAudioSpeakerStatusReset	0	static
../source/audio_player.c:1528:14:USB_DeviceAudioSetConfigure	0	static
../source/audio_player.c:1538:14:USB_DeviceAudioSetInterface	40	static
../source/audio_player.c:1641:14:USB_DeviceAudioPlayerInit	4	static
../source/audio_player.c:1726:6:USB_AudioCodecTask	8	static
../source/audio_player.c:1746:6:USB_AudioSpeakerResetTask	0	static
../source/audio_player.c:1755:6:BOARD_AudioInitPllClock	0	static
../source/audio_player.c:1760:6:BOARD_InitClockPinMux	0	static
