../source/audio_player.c:428:13:txCallback	32	static
../source/audio_player.c:355:6:BOARD_EnableSaiMclkOutput	0	static
../source/audio_player.c:367:6:BOARD_Codec_Init	16	static
../source/audio_player.c:373:6:SAI_USB_Audio_TxInit	16	static
../source/audio_player.c:381:6:SAI_USB_Audio_RxInit	16	static
../source/audio_player.c:388:6:WM8960_Config_Audio_Formats	4	static
../source/audio_player.c:410:6:BOARD_USB_Audio_TxRxInit	24	static
../source/audio_player.c:518:6:BOARD_DMA_EDMA_Config	24	static
../source/audio_player.c:530:6:BOARD_Create_Audio_DMA_EDMA_Handle	16	static
../source/audio_player.c:535:6:BOARD_DMA_EDMA_Set_AudioFormat	16	static
../source/audio_player.c:542:6:BOARD_DMA_EDMA_Enable_Audio_Interrupts	0	static
../source/audio_player.c:549:6:BOARD_DMA_EDMA_Start	16	static
../source/audio_player.c:617:9:func_sin	0	static
../source/audio_player.c:632:9:fsfunc_sin	0	static
../source/audio_player.c:645:6:HC_CRITICAL_SECTION_ENTER	0	static
../source/audio_player.c:653:6:HC_CRITICAL_SECTION_EXIT	0	static
../source/audio_player.c:668:6:HC_AudioSetCallback	0	static
../source/audio_player.c:680:6:SAI1_IRQHandler	16	static
../source/audio_player.c:815:6:USB_DeviceClockInit	16	static
../source/audio_player.c:830:6:Init_Board_Sai_Codec	16	static
../source/audio_player.c:888:14:USB_DeviceAudioRequest	0	static
../source/audio_player.c:1209:10:USB_AudioSpeakerBufferSpaceUsed	0	static
../source/audio_player.c:1233:6:USB_AudioFeedbackDataUpdate	16	static
../source/audio_player.c:1295:6:USB_AudioSpeakerPutBuffer	32	static
../source/audio_player.c:1374:6:USB_prepareAudioRecData	16	static
../source/audio_player.c:1431:14:USB_DeviceAudioCallback	24	static
../source/audio_player.c:1521:6:USB_DeviceAudioSpeakerStatusReset	0	static
../source/audio_player.c:1548:14:USB_DeviceAudioSetConfigure	0	static
../source/audio_player.c:1558:14:USB_DeviceAudioSetInterface	40	static
../source/audio_player.c:1661:14:USB_DeviceAudioPlayerInit	4	static
../source/audio_player.c:1746:6:USB_AudioCodecTask	8	static
../source/audio_player.c:1766:6:USB_AudioSpeakerResetTask	0	static
../source/audio_player.c:1775:6:BOARD_AudioInitPllClock	0	static
../source/audio_player.c:1780:6:BOARD_InitClockPinMux	0	static
