C:\Users\koki_arai\Documents\MCUXpressoIDE_11.10.0_3148\workspace\evkmimxrt1010_dev_composite_audio_midi_bm\CMSIS/core_cm7.h:1902:22:__NVIC_EnableIRQ	16	static
C:\Users\koki_arai\Documents\MCUXpressoIDE_11.10.0_3148\workspace\evkmimxrt1010_dev_composite_audio_midi_bm\CMSIS/core_cm7.h:2030:22:__NVIC_SetPriority	16	static
C:\Users\koki_arai\Documents\MCUXpressoIDE_11.10.0_3148\workspace\evkmimxrt1010_dev_composite_audio_midi_bm\drivers/fsl_clock.h:708:20:CLOCK_SetMux	24	static
C:\Users\koki_arai\Documents\MCUXpressoIDE_11.10.0_3148\workspace\evkmimxrt1010_dev_composite_audio_midi_bm\drivers/fsl_clock.h:745:20:CLOCK_SetDiv	24	static
C:\Users\koki_arai\Documents\MCUXpressoIDE_11.10.0_3148\workspace\evkmimxrt1010_dev_composite_audio_midi_bm\drivers/fsl_common.h:442:28:EnableIRQ	16	static
C:\Users\koki_arai\Documents\MCUXpressoIDE_11.10.0_3148\workspace\evkmimxrt1010_dev_composite_audio_midi_bm\codec/fsl_codec_common.h:153:24:CODEC_SetFormat	32	static
C:\Users\koki_arai\Documents\MCUXpressoIDE_11.10.0_3148\workspace\evkmimxrt1010_dev_composite_audio_midi_bm\drivers/fsl_sai.h:380:24:SAI_TxGetStatusFlag	16	static
C:\Users\koki_arai\Documents\MCUXpressoIDE_11.10.0_3148\workspace\evkmimxrt1010_dev_composite_audio_midi_bm\drivers/fsl_sai.h:394:20:SAI_TxClearStatusFlags	16	static
C:\Users\koki_arai\Documents\MCUXpressoIDE_11.10.0_3148\workspace\evkmimxrt1010_dev_composite_audio_midi_bm\drivers/fsl_sai.h:405:24:SAI_RxGetStatusFlag	16	static
C:\Users\koki_arai\Documents\MCUXpressoIDE_11.10.0_3148\workspace\evkmimxrt1010_dev_composite_audio_midi_bm\drivers/fsl_sai.h:419:20:SAI_RxClearStatusFlags	16	static
C:\Users\koki_arai\Documents\MCUXpressoIDE_11.10.0_3148\workspace\evkmimxrt1010_dev_composite_audio_midi_bm\drivers/fsl_sai.h:596:20:SAI_TxEnableInterrupts	16	static
C:\Users\koki_arai\Documents\MCUXpressoIDE_11.10.0_3148\workspace\evkmimxrt1010_dev_composite_audio_midi_bm\drivers/fsl_sai.h:613:20:SAI_RxEnableInterrupts	16	static
C:\Users\koki_arai\Documents\MCUXpressoIDE_11.10.0_3148\workspace\evkmimxrt1010_dev_composite_audio_midi_bm\drivers/fsl_sai.h:790:20:SAI_WriteData	24	static
C:\Users\koki_arai\Documents\MCUXpressoIDE_11.10.0_3148\workspace\evkmimxrt1010_dev_composite_audio_midi_bm\drivers/fsl_sai.h:815:24:SAI_ReadData	16	static
C:\Users\koki_arai\Documents\MCUXpressoIDE_11.10.0_3148\workspace\evkmimxrt1010_dev_composite_audio_midi_bm\drivers/fsl_dmamux.h:75:20:DMAMUX_EnableChannel	16	static
C:\Users\koki_arai\Documents\MCUXpressoIDE_11.10.0_3148\workspace\evkmimxrt1010_dev_composite_audio_midi_bm\drivers/fsl_dmamux.h:105:20:DMAMUX_SetSource	24	static
../source/audio_player.c:121:23:convertOutput	16	static
../source/audio_player.c:246:17:getLRClockCount	4	static
../source/audio_player.c:251:13:initializeFeedbackValue	24	static
../source/audio_player.c:292:17:getUsbAudioInBufPtr	24	static
../source/audio_player.c:357:6:BOARD_EnableSaiMclkOutput	16	static
../source/audio_player.c:369:6:BOARD_Codec_Init	8	static
../source/audio_player.c:375:6:SAI_USB_Audio_TxInit	16	static
../source/audio_player.c:383:6:SAI_USB_Audio_RxInit	16	static
../source/audio_player.c:390:6:WM8960_Config_Audio_Formats	16	static
../source/audio_player.c:412:6:BOARD_USB_Audio_TxRxInit	16	static
../source/audio_player.c:430:13:txCallback	40	static
../source/audio_player.c:520:6:BOARD_DMA_EDMA_Config	16	static
../source/audio_player.c:532:6:BOARD_Create_Audio_DMA_EDMA_Handle	16	static
../source/audio_player.c:537:6:BOARD_DMA_EDMA_Set_AudioFormat	24	static
../source/audio_player.c:544:6:BOARD_DMA_EDMA_Enable_Audio_Interrupts	8	static
../source/audio_player.c:551:6:BOARD_DMA_EDMA_Start	16	static
../source/audio_player.c:619:9:func_sin	24	static
../source/audio_player.c:634:9:fsfunc_sin	16	static
../source/audio_player.c:647:6:HC_CRITICAL_SECTION_ENTER	4	static
../source/audio_player.c:655:6:HC_CRITICAL_SECTION_EXIT	4	static
../source/audio_player.c:670:6:HC_AudioSetCallback	16	static
../source/audio_player.c:683:6:SAI1_IRQHandler	24	static
../source/audio_player.c:823:6:USB_DeviceClockInit	16	static
../source/audio_player.c:838:6:Init_Board_Sai_Codec	16	static
../source/audio_player.c:896:14:USB_DeviceAudioRequest	40	static
../source/audio_player.c:1217:10:USB_AudioSpeakerBufferSpaceUsed	4	static
../source/audio_player.c:1241:6:USB_AudioFeedbackDataUpdate	16	static
../source/audio_player.c:1303:6:USB_AudioSpeakerPutBuffer	32	static
../source/audio_player.c:1382:6:USB_prepareAudioRecData	16	static
../source/audio_player.c:1439:14:USB_DeviceAudioCallback	48	static
../source/audio_player.c:1529:6:USB_DeviceAudioSpeakerStatusReset	4	static
../source/audio_player.c:1556:14:USB_DeviceAudioSetConfigure	16	static
../source/audio_player.c:1566:14:USB_DeviceAudioSetInterface	24	static
../source/audio_player.c:1669:14:USB_DeviceAudioPlayerInit	16	static
../source/audio_player.c:1754:6:USB_AudioCodecTask	8	static
../source/audio_player.c:1774:6:USB_AudioSpeakerResetTask	8	static
../source/audio_player.c:1783:6:BOARD_AudioInitPllClock	8	static
../source/audio_player.c:1788:6:BOARD_InitClockPinMux	8	static
