C:\Users\koki_arai\Documents\MCUXpressoIDE_11.10.0_3148\workspace\evkmimxrt1010_dev_composite_audio_midi_bm\CMSIS/core_cm7.h:1902:22:__NVIC_EnableIRQ	16	static
C:\Users\koki_arai\Documents\MCUXpressoIDE_11.10.0_3148\workspace\evkmimxrt1010_dev_composite_audio_midi_bm\CMSIS/core_cm7.h:1938:22:__NVIC_DisableIRQ	16	static
C:\Users\koki_arai\Documents\MCUXpressoIDE_11.10.0_3148\workspace\evkmimxrt1010_dev_composite_audio_midi_bm\CMSIS/core_cm7.h:2030:22:__NVIC_SetPriority	16	static
C:\Users\koki_arai\Documents\MCUXpressoIDE_11.10.0_3148\workspace\evkmimxrt1010_dev_composite_audio_midi_bm\drivers/fsl_clock.h:708:20:CLOCK_SetMux	24	static
C:\Users\koki_arai\Documents\MCUXpressoIDE_11.10.0_3148\workspace\evkmimxrt1010_dev_composite_audio_midi_bm\drivers/fsl_clock.h:745:20:CLOCK_SetDiv	24	static
C:\Users\koki_arai\Documents\MCUXpressoIDE_11.10.0_3148\workspace\evkmimxrt1010_dev_composite_audio_midi_bm\drivers/fsl_common.h:442:28:EnableIRQ	16	static
C:\Users\koki_arai\Documents\MCUXpressoIDE_11.10.0_3148\workspace\evkmimxrt1010_dev_composite_audio_midi_bm\drivers/fsl_common.h:480:28:DisableIRQ	16	static
C:\Users\koki_arai\Documents\MCUXpressoIDE_11.10.0_3148\workspace\evkmimxrt1010_dev_composite_audio_midi_bm\drivers/fsl_pit.h:105:20:PIT_GetDefaultConfig	16	static
C:\Users\koki_arai\Documents\MCUXpressoIDE_11.10.0_3148\workspace\evkmimxrt1010_dev_composite_audio_midi_bm\drivers/fsl_pit.h:159:20:PIT_EnableInterrupts	24	static
C:\Users\koki_arai\Documents\MCUXpressoIDE_11.10.0_3148\workspace\evkmimxrt1010_dev_composite_audio_midi_bm\drivers/fsl_pit.h:220:20:PIT_ClearStatusFlags	24	static
C:\Users\koki_arai\Documents\MCUXpressoIDE_11.10.0_3148\workspace\evkmimxrt1010_dev_composite_audio_midi_bm\drivers/fsl_pit.h:246:20:PIT_SetTimerPeriod	24	static
C:\Users\koki_arai\Documents\MCUXpressoIDE_11.10.0_3148\workspace\evkmimxrt1010_dev_composite_audio_midi_bm\drivers/fsl_pit.h:286:20:PIT_StartTimer	16	static
C:\Users\koki_arai\Documents\MCUXpressoIDE_11.10.0_3148\workspace\evkmimxrt1010_dev_composite_audio_midi_bm\drivers/fsl_pit.h:300:20:PIT_StopTimer	16	static
../source/composite.c:116:6:USB_OTG1_IRQHandler	8	static
../source/composite.c:123:6:PIT_IRQHandler	8	static
../source/composite.c:134:6:USB_DeviceIsrEnable	16	static
../source/composite.c:165:14:USB_DeviceCallback	40	static
../source/composite.c:304:6:APPInit	56	static
../source/composite.c:430:13:checkAttachedDevice	16	static
../source/composite.c:457:5:main	8	static
