../source/edit.c:46:9:GetPresetNo	0	static
../source/edit.c:53:6:EditIdle	0	static
../source/edit.c:145:6:EditResume1stStatus	8	static
../source/edit.c:185:6:EditAmpSelector	0	static
../source/edit.c:200:6:EditFx1OnOff	0	static
../source/edit.c:203:6:EditFx1Selector	0	static
../source/edit.c:206:6:EditFx1Val1	0	static
../source/edit.c:209:6:EditFx1Val2	0	static
../source/edit.c:213:6:EditFx2OnOff	0	static
../source/edit.c:216:6:EditFx2Selector	0	static
../source/edit.c:219:6:EditFx2Val1	0	static
../source/edit.c:222:6:EditFx2Val2	0	static
../source/edit.c:226:6:EditFx3OnOff	0	static
../source/edit.c:229:6:EditFx3Selector	0	static
../source/edit.c:232:6:EditFx3Val1	0	static
../source/edit.c:235:6:EditFx3Val2	0	static
../source/edit.c:239:6:EditSetFxBypass	0	static
../source/edit.c:243:6:EditGetFxBypass	0	static
../source/edit.c:248:6:EditFxBypass	0	static
