C:\Users\koki_arai\Documents\MCUXpressoIDE_11.10.0_3148\workspace\evkmimxrt1010_dev_composite_audio_midi_bm\CMSIS/core_cm7.h:1902:22:__NVIC_EnableIRQ	16	static
C:\Users\koki_arai\Documents\MCUXpressoIDE_11.10.0_3148\workspace\evkmimxrt1010_dev_composite_audio_midi_bm\CMSIS/core_cm7.h:1938:22:__NVIC_DisableIRQ	16	static
C:\Users\koki_arai\Documents\MCUXpressoIDE_11.10.0_3148\workspace\evkmimxrt1010_dev_composite_audio_midi_bm\drivers/fsl_common.h:442:28:EnableIRQ	16	static
C:\Users\koki_arai\Documents\MCUXpressoIDE_11.10.0_3148\workspace\evkmimxrt1010_dev_composite_audio_midi_bm\drivers/fsl_common.h:480:28:DisableIRQ	16	static
C:\Users\koki_arai\Documents\MCUXpressoIDE_11.10.0_3148\workspace\evkmimxrt1010_dev_composite_audio_midi_bm\drivers/fsl_lpuart.h:586:20:LPUART_WriteByte	16	static
../source/midi_if.c:109:13:startSendtoUartTx	8	static
../source/midi_if.c:118:13:sendtoUartTx	8	static
../source/midi_if.c:135:6:LPUART1_IRQHandler	24	static
../source/midi_if.c:201:13:clearMidiRxEventParameter	4	static
../source/midi_if.c:236:13:analyzeShortMessage	24	static
../source/midi_if.c:306:13:analyzeSysExMessage	48	static
../source/midi_if.c:433:13:real_midi_received	16	static
../source/midi_if.c:457:13:setRealTimeMessage	16	static
../source/midi_if.c:476:13:setShortMessage	4	static
../source/midi_if.c:496:13:setSysExMessage	16	static
../source/midi_if.c:522:6:midi_IF_TxInit	16	static
../source/midi_if.c:545:6:midi_IF_TxProc_SysEx	16	static
../source/midi_if.c:551:6:midi_IF_TxProc_ReceiveByte	16	static
../source/midi_if.c:556:6:midi_IF_RxInit	8	static
../source/midi_if.c:568:6:MIDI_IF_IDLE	40	static
