C:\Users\koki_arai\Documents\MCUXpressoIDE_11.10.0_3148\workspace\evkmimxrt1010_dev_composite_audio_midi_bm\CMSIS/core_cm7.h:1902:22:__NVIC_EnableIRQ	16	static
C:\Users\koki_arai\Documents\MCUXpressoIDE_11.10.0_3148\workspace\evkmimxrt1010_dev_composite_audio_midi_bm\CMSIS/core_cm7.h:2030:22:__NVIC_SetPriority	16	static
C:\Users\koki_arai\Documents\MCUXpressoIDE_11.10.0_3148\workspace\evkmimxrt1010_dev_composite_audio_midi_bm\drivers/fsl_common.h:442:28:EnableIRQ	16	static
../source/midi_player.c:136:14:USB_DeviceMidiCallback	32	static
../source/midi_player.c:182:14:USB_DeviceMidiSetConfigure	16	static
../source/midi_player.c:211:14:USB_DeviceMidiPlayerInit	16	static
../source/midi_player.c:252:16:setOutCommand	32	static
../source/midi_player.c:385:13:USB_MIDI_OUT_IDLE	24	static
../source/midi_player.c:511:13:sendFill0Data	16	static
../source/midi_player.c:535:6:USB_setMidiInTimeoutCount	4	static
../source/midi_player.c:544:13:WatchUsbMidiInOpen	16	static
../source/midi_player.c:590:17:INC_IN_BUF_POS	24	static
../source/midi_player.c:608:9:WriteData4	32	static
../source/midi_player.c:641:9:Send2USB	40	static
../source/midi_player.c:717:13:USB_MIDI_IN_IDLE	8	static
../source/midi_player.c:726:6:USB_MIDI_IDLE	8	static
