../source/midi_device.c:64:13:SendExclHeader	24	static
../source/midi_device.c:81:13:SendExclResult	16	static
../source/midi_device.c:90:13:MidiRxProc_SysExclError	8	static
../source/midi_device.c:101:13:MidiRxProc_CheckExclStatus	8	static
../source/midi_device.c:109:6:midi_AMP_RxInit	4	static
../source/midi_device.c:115:6:midi_AMP_RxProc_SysEx	16	static
../source/midi_device.c:157:13:SendModeData	8	static
../source/midi_device.c:186:13:SendDeviceInquiryReply	24	static
../source/midi_device.c:214:13:SendCurrentProgramDataDump	8	static
../source/midi_device.c:221:13:SendProgramDataDump	8	static
../source/midi_device.c:237:13:SendWriteResult	16	static
../source/midi_device.c:247:13:SendProgramWriteResult	16	static
../source/midi_device.c:252:13:ExecModeChange	16	static
../source/midi_device.c:262:13:ExecParameterChange	16	static
../source/midi_device.c:275:13:SendModeChange	16	static
../source/midi_device.c:308:13:MidiRxProc_EndOfExcl	8	static
../source/midi_device.c:403:13:MidiRxProc_DumpSetup	16	static
../source/midi_device.c:429:13:MidiRxProc_AnalyzeSysExclFunc	16	static
../source/midi_device.c:459:13:MidiRxProc_AnalyzeID	4	static
../source/midi_device.c:476:6:midi_AMP_RxProc_ReceiveByte	16	static
