C:\Users\koki_arai\Documents\MCUXpressoIDE_11.10.0_3148\workspace\evkmimxrt1010_dev_composite_audio_midi_bm\drivers/fsl_lpuart.h:586:20:LPUART_WriteByte	16	static
../source/midi_if.c:171:13:startSendtoUartTx	8	static
../source/midi_if.c:180:13:sendtoUartTx	8	static
../source/midi_if.c:197:6:LPUART1_IRQHandler	24	static
../source/midi_if.c:263:13:clearMidiRxEventParameter	4	static
../source/midi_if.c:298:13:analyzeShortMessage	24	static
../source/midi_if.c:368:13:analyzeSysExMessage	48	static
../source/midi_if.c:495:13:real_midi_received	16	static
../source/midi_if.c:519:13:setRealTimeMessage	16	static
../source/midi_if.c:538:13:setShortMessage	4	static
../source/midi_if.c:558:13:setSysExMessage	16	static
../source/midi_if.c:584:6:midi_IF_TxInit	16	static
../source/midi_if.c:607:6:midi_IF_TxProc_SysEx	16	static
../source/midi_if.c:613:6:midi_IF_TxProc_ReceiveByte	16	static
../source/midi_if.c:618:6:midi_IF_RxInit	8	static
../source/midi_if.c:627:6:midi_IF_send_usb_blocking	24	static
../source/midi_if.c:692:6:midi_IF_senc_command_blocking	24	static
../source/midi_if.c:715:6:midi_IF_senc_command_blocking2	24	static
../source/midi_if.c:745:6:MIDI_IF_IDLE	64	static
../source/midi_if.c:900:10:getrxoverrun	4	static
../source/midi_if.c:904:10:getrxbuffovr	4	static
