../source/audio_task/audio_player.c:249:13:initializeFeedbackValue	16	static
../source/audio_task/audio_player.c:372:13:txCallback	32	static
../source/audio_task/audio_player.c:306:6:BOARD_EnableSaiMclkOutput	0	static
../source/audio_task/audio_player.c:318:6:BOARD_Codec_Init	16	static
../source/audio_task/audio_player.c:324:6:SAI_USB_Audio_TxInit	16	static
../source/audio_task/audio_player.c:332:6:SAI_USB_Audio_RxInit	16	static
../source/audio_task/audio_player.c:339:6:WM8960_Config_Audio_Formats	0	static
../source/audio_task/audio_player.c:361:6:BOARD_USB_Audio_TxRxInit	16	static
../source/audio_task/audio_player.c:418:6:BOARD_DMA_EDMA_Config	24	static
../source/audio_task/audio_player.c:430:6:BOARD_Create_Audio_DMA_EDMA_Handle	16	static
../source/audio_task/audio_player.c:435:6:BOARD_DMA_EDMA_Set_AudioFormat	16	static
../source/audio_task/audio_player.c:442:6:BOARD_DMA_EDMA_Enable_Audio_Interrupts	0	static
../source/audio_task/audio_player.c:450:6:BOARD_DMA_EDMA_Start	16	static
../source/audio_task/audio_player.c:469:6:HC_CRITICAL_SECTION_ENTER	0	static
../source/audio_task/audio_player.c:477:6:HC_CRITICAL_SECTION_EXIT	0	static
../source/audio_task/audio_player.c:492:6:HC_AudioSetCallback	8	static
../source/audio_task/audio_player.c:504:6:SAI1_IRQHandler	24	static
../source/audio_task/audio_player.c:609:6:USB_DeviceClockInit	16	static
../source/audio_task/audio_player.c:624:6:Init_Board_Sai_Codec	16	static
../source/audio_task/audio_player.c:682:14:USB_DeviceAudioRequest	0	static
../source/audio_task/audio_player.c:1003:10:USB_AudioSpeakerBufferSpaceUsed	0	static
../source/audio_task/audio_player.c:1027:6:USB_AudioFeedbackDataUpdate	8	static
../source/audio_task/audio_player.c:1089:6:USB_AudioSpeakerPutBuffer	32	static
../source/audio_task/audio_player.c:1168:6:USB_prepareAudioRecData	8	static
../source/audio_task/audio_player.c:1225:14:USB_DeviceAudioCallback	24	static
../source/audio_task/audio_player.c:1315:6:USB_DeviceAudioSpeakerStatusReset	0	static
../source/audio_task/audio_player.c:1342:14:USB_DeviceAudioSetConfigure	0	static
../source/audio_task/audio_player.c:1352:14:USB_DeviceAudioSetInterface	16	static
../source/audio_task/audio_player.c:1453:14:USB_DeviceAudioPlayerInit	4	static
../source/audio_task/audio_player.c:1538:6:USB_AudioCodecTask	8	static
../source/audio_task/audio_player.c:1558:6:USB_AudioSpeakerResetTask	8	static
../source/audio_task/audio_player.c:1567:6:BOARD_AudioInitPllClock	8	static
../source/audio_task/audio_player.c:1572:6:BOARD_InitClockPinMux	0	static
